2026-09-01 20:28:29.575 -04:00 [INF] Iniciando ReportePrematch.Web...
2026-09-01 20:28:29.883 -04:00 [ERR] Hosting failed to start
System.IO.IOException: Failed to bind to address https://127.0.0.1:11957: address already in use.
 ---> Microsoft.AspNetCore.Connections.AddressInUseException: Solo se permite un uso de cada dirección de socket (protocolo/dirección de red/puerto)
 ---> System.Net.Sockets.SocketException (10048): Solo se permite un uso de cada dirección de socket (protocolo/dirección de red/puerto)
   at System.Net.Sockets.Socket.UpdateStatusAfterSocketErrorAndThrowException(SocketError error, Boolean disconnectOnFailure, String callerName)
   at System.Net.Sockets.Socket.DoBind(EndPoint endPointSnapshot, SocketAddress socketAddress)
   at System.Net.Sockets.Socket.Bind(EndPoint localEP)
   at Microsoft.AspNetCore.Server.Kestrel.Transport.Sockets.SocketTransportOptions.CreateDefaultBoundListenSocket(EndPoint endpoint)
   at Microsoft.AspNetCore.Server.Kestrel.Transport.Sockets.SocketConnectionListener.Bind()
   --- End of inner exception stack trace ---
   at Microsoft.AspNetCore.Server.Kestrel.Transport.Sockets.SocketConnectionListener.Bind()
   at Microsoft.AspNetCore.Server.Kestrel.Transport.Sockets.SocketTransportFactory.BindAsync(EndPoint endpoint, CancellationToken cancellationToken)
   at Microsoft.AspNetCore.Server.Kestrel.Core.Internal.Infrastructure.TransportManager.BindAsync(EndPoint endPoint, ConnectionDelegate connectionDelegate, EndpointConfig endpointConfig, CancellationToken cancellationToken)
   at Microsoft.AspNetCore.Server.Kestrel.Core.KestrelServerImpl.<>c__DisplayClass28_0`1.<<StartAsync>g__OnBind|0>d.MoveNext()
--- End of stack trace from previous location ---
   at Microsoft.AspNetCore.Server.Kestrel.Core.Internal.AddressBinder.BindEndpointAsync(ListenOptions endpoint, AddressBindContext context, CancellationToken cancellationToken)
   --- End of inner exception stack trace ---
   at Microsoft.AspNetCore.Server.Kestrel.Core.Internal.AddressBinder.BindEndpointAsync(ListenOptions endpoint, AddressBindContext context, CancellationToken cancellationToken)
   at Microsoft.AspNetCore.Server.Kestrel.Core.LocalhostListenOptions.BindAsync(AddressBindContext context, CancellationToken cancellationToken)
   at Microsoft.AspNetCore.Server.Kestrel.Core.Internal.AddressBinder.AddressesStrategy.BindAsync(AddressBindContext context, CancellationToken cancellationToken)
   at Microsoft.AspNetCore.Server.Kestrel.Core.KestrelServerImpl.BindAsync(CancellationToken cancellationToken)
   at Microsoft.AspNetCore.Server.Kestrel.Core.KestrelServerImpl.StartAsync[TContext](IHttpApplication`1 application, CancellationToken cancellationToken)
   at Microsoft.AspNetCore.Hosting.GenericWebHostService.StartAsync(CancellationToken cancellationToken)
   at Microsoft.Extensions.Hosting.Internal.Host.<StartAsync>b__14_1(IHostedService service, CancellationToken token)
   at Microsoft.Extensions.Hosting.Internal.Host.ForeachService[T](IEnumerable`1 services, CancellationToken token, Boolean concurrent, Boolean abortOnFirstException, List`1 exceptions, Func`3 operation)
2026-09-01 20:28:29.912 -04:00 [FTL] La aplicación web terminó de forma inesperada.
System.IO.IOException: Failed to bind to address https://127.0.0.1:11957: address already in use.
 ---> Microsoft.AspNetCore.Connections.AddressInUseException: Solo se permite un uso de cada dirección de socket (protocolo/dirección de red/puerto)
 ---> System.Net.Sockets.SocketException (10048): Solo se permite un uso de cada dirección de socket (protocolo/dirección de red/puerto)
   at System.Net.Sockets.Socket.UpdateStatusAfterSocketErrorAndThrowException(SocketError error, Boolean disconnectOnFailure, String callerName)
   at System.Net.Sockets.Socket.DoBind(EndPoint endPointSnapshot, SocketAddress socketAddress)
   at System.Net.Sockets.Socket.Bind(EndPoint localEP)
   at Microsoft.AspNetCore.Server.Kestrel.Transport.Sockets.SocketTransportOptions.CreateDefaultBoundListenSocket(EndPoint endpoint)
   at Microsoft.AspNetCore.Server.Kestrel.Transport.Sockets.SocketConnectionListener.Bind()
   --- End of inner exception stack trace ---
   at Microsoft.AspNetCore.Server.Kestrel.Transport.Sockets.SocketConnectionListener.Bind()
   at Microsoft.AspNetCore.Server.Kestrel.Transport.Sockets.SocketTransportFactory.BindAsync(EndPoint endpoint, CancellationToken cancellationToken)
   at Microsoft.AspNetCore.Server.Kestrel.Core.Internal.Infrastructure.TransportManager.BindAsync(EndPoint endPoint, ConnectionDelegate connectionDelegate, EndpointConfig endpointConfig, CancellationToken cancellationToken)
   at Microsoft.AspNetCore.Server.Kestrel.Core.KestrelServerImpl.<>c__DisplayClass28_0`1.<<StartAsync>g__OnBind|0>d.MoveNext()
--- End of stack trace from previous location ---
   at Microsoft.AspNetCore.Server.Kestrel.Core.Internal.AddressBinder.BindEndpointAsync(ListenOptions endpoint, AddressBindContext context, CancellationToken cancellationToken)
   --- End of inner exception stack trace ---
   at Microsoft.AspNetCore.Server.Kestrel.Core.Internal.AddressBinder.BindEndpointAsync(ListenOptions endpoint, AddressBindContext context, CancellationToken cancellationToken)
   at Microsoft.AspNetCore.Server.Kestrel.Core.LocalhostListenOptions.BindAsync(AddressBindContext context, CancellationToken cancellationToken)
   at Microsoft.AspNetCore.Server.Kestrel.Core.Internal.AddressBinder.AddressesStrategy.BindAsync(AddressBindContext context, CancellationToken cancellationToken)
   at Microsoft.AspNetCore.Server.Kestrel.Core.KestrelServerImpl.BindAsync(CancellationToken cancellationToken)
   at Microsoft.AspNetCore.Server.Kestrel.Core.KestrelServerImpl.StartAsync[TContext](IHttpApplication`1 application, CancellationToken cancellationToken)
   at Microsoft.AspNetCore.Hosting.GenericWebHostService.StartAsync(CancellationToken cancellationToken)
   at Microsoft.Extensions.Hosting.Internal.Host.<StartAsync>b__14_1(IHostedService service, CancellationToken token)
   at Microsoft.Extensions.Hosting.Internal.Host.ForeachService[T](IEnumerable`1 services, CancellationToken token, Boolean concurrent, Boolean abortOnFirstException, List`1 exceptions, Func`3 operation)
   at Microsoft.Extensions.Hosting.Internal.Host.StartAsync(CancellationToken cancellationToken)
   at Microsoft.Extensions.Hosting.HostingAbstractionsHostExtensions.RunAsync(IHost host, CancellationToken token)
   at Microsoft.Extensions.Hosting.HostingAbstractionsHostExtensions.RunAsync(IHost host, CancellationToken token)
   at Microsoft.Extensions.Hosting.HostingAbstractionsHostExtensions.Run(IHost host)
   at Program.<Main>$(String[] args) in D:\GITHUB\ReportePrematch.Web\ReportePrematch.Web\Program.cs:line 76
2026-09-01 20:28:35.355 -04:00 [INF] Iniciando ReportePrematch.Web...
2026-09-01 20:28:35.614 -04:00 [ERR] Hosting failed to start
System.IO.IOException: Failed to bind to address https://127.0.0.1:11957: address already in use.
 ---> Microsoft.AspNetCore.Connections.AddressInUseException: Solo se permite un uso de cada dirección de socket (protocolo/dirección de red/puerto)
 ---> System.Net.Sockets.SocketException (10048): Solo se permite un uso de cada dirección de socket (protocolo/dirección de red/puerto)
   at System.Net.Sockets.Socket.UpdateStatusAfterSocketErrorAndThrowException(SocketError error, Boolean disconnectOnFailure, String callerName)
   at System.Net.Sockets.Socket.DoBind(EndPoint endPointSnapshot, SocketAddress socketAddress)
   at System.Net.Sockets.Socket.Bind(EndPoint localEP)
   at Microsoft.AspNetCore.Server.Kestrel.Transport.Sockets.SocketTransportOptions.CreateDefaultBoundListenSocket(EndPoint endpoint)
   at Microsoft.AspNetCore.Server.Kestrel.Transport.Sockets.SocketConnectionListener.Bind()
   --- End of inner exception stack trace ---
   at Microsoft.AspNetCore.Server.Kestrel.Transport.Sockets.SocketConnectionListener.Bind()
   at Microsoft.AspNetCore.Server.Kestrel.Transport.Sockets.SocketTransportFactory.BindAsync(EndPoint endpoint, CancellationToken cancellationToken)
   at Microsoft.AspNetCore.Server.Kestrel.Core.Internal.Infrastructure.TransportManager.BindAsync(EndPoint endPoint, ConnectionDelegate connectionDelegate, EndpointConfig endpointConfig, CancellationToken cancellationToken)
   at Microsoft.AspNetCore.Server.Kestrel.Core.KestrelServerImpl.<>c__DisplayClass28_0`1.<<StartAsync>g__OnBind|0>d.MoveNext()
--- End of stack trace from previous location ---
   at Microsoft.AspNetCore.Server.Kestrel.Core.Internal.AddressBinder.BindEndpointAsync(ListenOptions endpoint, AddressBindContext context, CancellationToken cancellationToken)
   --- End of inner exception stack trace ---
   at Microsoft.AspNetCore.Server.Kestrel.Core.Internal.AddressBinder.BindEndpointAsync(ListenOptions endpoint, AddressBindContext context, CancellationToken cancellationToken)
   at Microsoft.AspNetCore.Server.Kestrel.Core.LocalhostListenOptions.BindAsync(AddressBindContext context, CancellationToken cancellationToken)
   at Microsoft.AspNetCore.Server.Kestrel.Core.Internal.AddressBinder.AddressesStrategy.BindAsync(AddressBindContext context, CancellationToken cancellationToken)
   at Microsoft.AspNetCore.Server.Kestrel.Core.KestrelServerImpl.BindAsync(CancellationToken cancellationToken)
   at Microsoft.AspNetCore.Server.Kestrel.Core.KestrelServerImpl.StartAsync[TContext](IHttpApplication`1 application, CancellationToken cancellationToken)
   at Microsoft.AspNetCore.Hosting.GenericWebHostService.StartAsync(CancellationToken cancellationToken)
   at Microsoft.Extensions.Hosting.Internal.Host.<StartAsync>b__14_1(IHostedService service, CancellationToken token)
   at Microsoft.Extensions.Hosting.Internal.Host.ForeachService[T](IEnumerable`1 services, CancellationToken token, Boolean concurrent, Boolean abortOnFirstException, List`1 exceptions, Func`3 operation)
2026-09-01 20:28:35.642 -04:00 [FTL] La aplicación web terminó de forma inesperada.
System.IO.IOException: Failed to bind to address https://127.0.0.1:11957: address already in use.
 ---> Microsoft.AspNetCore.Connections.AddressInUseException: Solo se permite un uso de cada dirección de socket (protocolo/dirección de red/puerto)
 ---> System.Net.Sockets.SocketException (10048): Solo se permite un uso de cada dirección de socket (protocolo/dirección de red/puerto)
   at System.Net.Sockets.Socket.UpdateStatusAfterSocketErrorAndThrowException(SocketError error, Boolean disconnectOnFailure, String callerName)
   at System.Net.Sockets.Socket.DoBind(EndPoint endPointSnapshot, SocketAddress socketAddress)
   at System.Net.Sockets.Socket.Bind(EndPoint localEP)
   at Microsoft.AspNetCore.Server.Kestrel.Transport.Sockets.SocketTransportOptions.CreateDefaultBoundListenSocket(EndPoint endpoint)
   at Microsoft.AspNetCore.Server.Kestrel.Transport.Sockets.SocketConnectionListener.Bind()
   --- End of inner exception stack trace ---
   at Microsoft.AspNetCore.Server.Kestrel.Transport.Sockets.SocketConnectionListener.Bind()
   at Microsoft.AspNetCore.Server.Kestrel.Transport.Sockets.SocketTransportFactory.BindAsync(EndPoint endpoint, CancellationToken cancellationToken)
   at Microsoft.AspNetCore.Server.Kestrel.Core.Internal.Infrastructure.TransportManager.BindAsync(EndPoint endPoint, ConnectionDelegate connectionDelegate, EndpointConfig endpointConfig, CancellationToken cancellationToken)
   at Microsoft.AspNetCore.Server.Kestrel.Core.KestrelServerImpl.<>c__DisplayClass28_0`1.<<StartAsync>g__OnBind|0>d.MoveNext()
--- End of stack trace from previous location ---
   at Microsoft.AspNetCore.Server.Kestrel.Core.Internal.AddressBinder.BindEndpointAsync(ListenOptions endpoint, AddressBindContext context, CancellationToken cancellationToken)
   --- End of inner exception stack trace ---
   at Microsoft.AspNetCore.Server.Kestrel.Core.Internal.AddressBinder.BindEndpointAsync(ListenOptions endpoint, AddressBindContext context, CancellationToken cancellationToken)
   at Microsoft.AspNetCore.Server.Kestrel.Core.LocalhostListenOptions.BindAsync(AddressBindContext context, CancellationToken cancellationToken)
   at Microsoft.AspNetCore.Server.Kestrel.Core.Internal.AddressBinder.AddressesStrategy.BindAsync(AddressBindContext context, CancellationToken cancellationToken)
   at Microsoft.AspNetCore.Server.Kestrel.Core.KestrelServerImpl.BindAsync(CancellationToken cancellationToken)
   at Microsoft.AspNetCore.Server.Kestrel.Core.KestrelServerImpl.StartAsync[TContext](IHttpApplication`1 application, CancellationToken cancellationToken)
   at Microsoft.AspNetCore.Hosting.GenericWebHostService.StartAsync(CancellationToken cancellationToken)
   at Microsoft.Extensions.Hosting.Internal.Host.<StartAsync>b__14_1(IHostedService service, CancellationToken token)
   at Microsoft.Extensions.Hosting.Internal.Host.ForeachService[T](IEnumerable`1 services, CancellationToken token, Boolean concurrent, Boolean abortOnFirstException, List`1 exceptions, Func`3 operation)
   at Microsoft.Extensions.Hosting.Internal.Host.StartAsync(CancellationToken cancellationToken)
   at Microsoft.Extensions.Hosting.HostingAbstractionsHostExtensions.RunAsync(IHost host, CancellationToken token)
   at Microsoft.Extensions.Hosting.HostingAbstractionsHostExtensions.RunAsync(IHost host, CancellationToken token)
   at Microsoft.Extensions.Hosting.HostingAbstractionsHostExtensions.Run(IHost host)
   at Program.<Main>$(String[] args) in D:\GITHUB\ReportePrematch.Web\ReportePrematch.Web\Program.cs:line 76
2026-09-01 20:28:41.157 -04:00 [INF] Iniciando ReportePrematch.Web...
2026-09-01 20:28:41.530 -04:00 [ERR] Hosting failed to start
System.IO.IOException: Failed to bind to address https://127.0.0.1:11957: address already in use.
 ---> Microsoft.AspNetCore.Connections.AddressInUseException: Solo se permite un uso de cada dirección de socket (protocolo/dirección de red/puerto)
 ---> System.Net.Sockets.SocketException (10048): Solo se permite un uso de cada dirección de socket (protocolo/dirección de red/puerto)
   at System.Net.Sockets.Socket.UpdateStatusAfterSocketErrorAndThrowException(SocketError error, Boolean disconnectOnFailure, String callerName)
   at System.Net.Sockets.Socket.DoBind(EndPoint endPointSnapshot, SocketAddress socketAddress)
   at System.Net.Sockets.Socket.Bind(EndPoint localEP)
   at Microsoft.AspNetCore.Server.Kestrel.Transport.Sockets.SocketTransportOptions.CreateDefaultBoundListenSocket(EndPoint endpoint)
   at Microsoft.AspNetCore.Server.Kestrel.Transport.Sockets.SocketConnectionListener.Bind()
   --- End of inner exception stack trace ---
   at Microsoft.AspNetCore.Server.Kestrel.Transport.Sockets.SocketConnectionListener.Bind()
   at Microsoft.AspNetCore.Server.Kestrel.Transport.Sockets.SocketTransportFactory.BindAsync(EndPoint endpoint, CancellationToken cancellationToken)
   at Microsoft.AspNetCore.Server.Kestrel.Core.Internal.Infrastructure.TransportManager.BindAsync(EndPoint endPoint, ConnectionDelegate connectionDelegate, EndpointConfig endpointConfig, CancellationToken cancellationToken)
   at Microsoft.AspNetCore.Server.Kestrel.Core.KestrelServerImpl.<>c__DisplayClass28_0`1.<<StartAsync>g__OnBind|0>d.MoveNext()
--- End of stack trace from previous location ---
   at Microsoft.AspNetCore.Server.Kestrel.Core.Internal.AddressBinder.BindEndpointAsync(ListenOptions endpoint, AddressBindContext context, CancellationToken cancellationToken)
   --- End of inner exception stack trace ---
   at Microsoft.AspNetCore.Server.Kestrel.Core.Internal.AddressBinder.BindEndpointAsync(ListenOptions endpoint, AddressBindContext context, CancellationToken cancellationToken)
   at Microsoft.AspNetCore.Server.Kestrel.Core.LocalhostListenOptions.BindAsync(AddressBindContext context, CancellationToken cancellationToken)
   at Microsoft.AspNetCore.Server.Kestrel.Core.Internal.AddressBinder.AddressesStrategy.BindAsync(AddressBindContext context, CancellationToken cancellationToken)
   at Microsoft.AspNetCore.Server.Kestrel.Core.KestrelServerImpl.BindAsync(CancellationToken cancellationToken)
   at Microsoft.AspNetCore.Server.Kestrel.Core.KestrelServerImpl.StartAsync[TContext](IHttpApplication`1 application, CancellationToken cancellationToken)
   at Microsoft.AspNetCore.Hosting.GenericWebHostService.StartAsync(CancellationToken cancellationToken)
   at Microsoft.Extensions.Hosting.Internal.Host.<StartAsync>b__14_1(IHostedService service, CancellationToken token)
   at Microsoft.Extensions.Hosting.Internal.Host.ForeachService[T](IEnumerable`1 services, CancellationToken token, Boolean concurrent, Boolean abortOnFirstException, List`1 exceptions, Func`3 operation)
2026-09-01 20:28:41.560 -04:00 [FTL] La aplicación web terminó de forma inesperada.
System.IO.IOException: Failed to bind to address https://127.0.0.1:11957: address already in use.
 ---> Microsoft.AspNetCore.Connections.AddressInUseException: Solo se permite un uso de cada dirección de socket (protocolo/dirección de red/puerto)
 ---> System.Net.Sockets.SocketException (10048): Solo se permite un uso de cada dirección de socket (protocolo/dirección de red/puerto)
   at System.Net.Sockets.Socket.UpdateStatusAfterSocketErrorAndThrowException(SocketError error, Boolean disconnectOnFailure, String callerName)
   at System.Net.Sockets.Socket.DoBind(EndPoint endPointSnapshot, SocketAddress socketAddress)
   at System.Net.Sockets.Socket.Bind(EndPoint localEP)
   at Microsoft.AspNetCore.Server.Kestrel.Transport.Sockets.SocketTransportOptions.CreateDefaultBoundListenSocket(EndPoint endpoint)
   at Microsoft.AspNetCore.Server.Kestrel.Transport.Sockets.SocketConnectionListener.Bind()
   --- End of inner exception stack trace ---
   at Microsoft.AspNetCore.Server.Kestrel.Transport.Sockets.SocketConnectionListener.Bind()
   at Microsoft.AspNetCore.Server.Kestrel.Transport.Sockets.SocketTransportFactory.BindAsync(EndPoint endpoint, CancellationToken cancellationToken)
   at Microsoft.AspNetCore.Server.Kestrel.Core.Internal.Infrastructure.TransportManager.BindAsync(EndPoint endPoint, ConnectionDelegate connectionDelegate, EndpointConfig endpointConfig, CancellationToken cancellationToken)
   at Microsoft.AspNetCore.Server.Kestrel.Core.KestrelServerImpl.<>c__DisplayClass28_0`1.<<StartAsync>g__OnBind|0>d.MoveNext()
--- End of stack trace from previous location ---
   at Microsoft.AspNetCore.Server.Kestrel.Core.Internal.AddressBinder.BindEndpointAsync(ListenOptions endpoint, AddressBindContext context, CancellationToken cancellationToken)
   --- End of inner exception stack trace ---
   at Microsoft.AspNetCore.Server.Kestrel.Core.Internal.AddressBinder.BindEndpointAsync(ListenOptions endpoint, AddressBindContext context, CancellationToken cancellationToken)
   at Microsoft.AspNetCore.Server.Kestrel.Core.LocalhostListenOptions.BindAsync(AddressBindContext context, CancellationToken cancellationToken)
   at Microsoft.AspNetCore.Server.Kestrel.Core.Internal.AddressBinder.AddressesStrategy.BindAsync(AddressBindContext context, CancellationToken cancellationToken)
   at Microsoft.AspNetCore.Server.Kestrel.Core.KestrelServerImpl.BindAsync(CancellationToken cancellationToken)
   at Microsoft.AspNetCore.Server.Kestrel.Core.KestrelServerImpl.StartAsync[TContext](IHttpApplication`1 application, CancellationToken cancellationToken)
   at Microsoft.AspNetCore.Hosting.GenericWebHostService.StartAsync(CancellationToken cancellationToken)
   at Microsoft.Extensions.Hosting.Internal.Host.<StartAsync>b__14_1(IHostedService service, CancellationToken token)
   at Microsoft.Extensions.Hosting.Internal.Host.ForeachService[T](IEnumerable`1 services, CancellationToken token, Boolean concurrent, Boolean abortOnFirstException, List`1 exceptions, Func`3 operation)
   at Microsoft.Extensions.Hosting.Internal.Host.StartAsync(CancellationToken cancellationToken)
   at Microsoft.Extensions.Hosting.HostingAbstractionsHostExtensions.RunAsync(IHost host, CancellationToken token)
   at Microsoft.Extensions.Hosting.HostingAbstractionsHostExtensions.RunAsync(IHost host, CancellationToken token)
   at Microsoft.Extensions.Hosting.HostingAbstractionsHostExtensions.Run(IHost host)
   at Program.<Main>$(String[] args) in D:\GITHUB\ReportePrematch.Web\ReportePrematch.Web\Program.cs:line 76
2026-09-01 20:28:50.384 -04:00 [INF] Iniciando ReportePrematch.Web...
2026-09-01 20:28:50.662 -04:00 [ERR] Hosting failed to start
System.IO.IOException: Failed to bind to address https://127.0.0.1:11957: address already in use.
 ---> Microsoft.AspNetCore.Connections.AddressInUseException: Solo se permite un uso de cada dirección de socket (protocolo/dirección de red/puerto)
 ---> System.Net.Sockets.SocketException (10048): Solo se permite un uso de cada dirección de socket (protocolo/dirección de red/puerto)
   at System.Net.Sockets.Socket.UpdateStatusAfterSocketErrorAndThrowException(SocketError error, Boolean disconnectOnFailure, String callerName)
   at System.Net.Sockets.Socket.DoBind(EndPoint endPointSnapshot, SocketAddress socketAddress)
   at System.Net.Sockets.Socket.Bind(EndPoint localEP)
   at Microsoft.AspNetCore.Server.Kestrel.Transport.Sockets.SocketTransportOptions.CreateDefaultBoundListenSocket(EndPoint endpoint)
   at Microsoft.AspNetCore.Server.Kestrel.Transport.Sockets.SocketConnectionListener.Bind()
   --- End of inner exception stack trace ---
   at Microsoft.AspNetCore.Server.Kestrel.Transport.Sockets.SocketConnectionListener.Bind()
   at Microsoft.AspNetCore.Server.Kestrel.Transport.Sockets.SocketTransportFactory.BindAsync(EndPoint endpoint, CancellationToken cancellationToken)
   at Microsoft.AspNetCore.Server.Kestrel.Core.Internal.Infrastructure.TransportManager.BindAsync(EndPoint endPoint, ConnectionDelegate connectionDelegate, EndpointConfig endpointConfig, CancellationToken cancellationToken)
   at Microsoft.AspNetCore.Server.Kestrel.Core.KestrelServerImpl.<>c__DisplayClass28_0`1.<<StartAsync>g__OnBind|0>d.MoveNext()
--- End of stack trace from previous location ---
   at Microsoft.AspNetCore.Server.Kestrel.Core.Internal.AddressBinder.BindEndpointAsync(ListenOptions endpoint, AddressBindContext context, CancellationToken cancellationToken)
   --- End of inner exception stack trace ---
   at Microsoft.AspNetCore.Server.Kestrel.Core.Internal.AddressBinder.BindEndpointAsync(ListenOptions endpoint, AddressBindContext context, CancellationToken cancellationToken)
   at Microsoft.AspNetCore.Server.Kestrel.Core.LocalhostListenOptions.BindAsync(AddressBindContext context, CancellationToken cancellationToken)
   at Microsoft.AspNetCore.Server.Kestrel.Core.Internal.AddressBinder.AddressesStrategy.BindAsync(AddressBindContext context, CancellationToken cancellationToken)
   at Microsoft.AspNetCore.Server.Kestrel.Core.KestrelServerImpl.BindAsync(CancellationToken cancellationToken)
   at Microsoft.AspNetCore.Server.Kestrel.Core.KestrelServerImpl.StartAsync[TContext](IHttpApplication`1 application, CancellationToken cancellationToken)
   at Microsoft.AspNetCore.Hosting.GenericWebHostService.StartAsync(CancellationToken cancellationToken)
   at Microsoft.Extensions.Hosting.Internal.Host.<StartAsync>b__14_1(IHostedService service, CancellationToken token)
   at Microsoft.Extensions.Hosting.Internal.Host.ForeachService[T](IEnumerable`1 services, CancellationToken token, Boolean concurrent, Boolean abortOnFirstException, List`1 exceptions, Func`3 operation)
2026-09-01 20:28:50.694 -04:00 [FTL] La aplicación web terminó de forma inesperada.
System.IO.IOException: Failed to bind to address https://127.0.0.1:11957: address already in use.
 ---> Microsoft.AspNetCore.Connections.AddressInUseException: Solo se permite un uso de cada dirección de socket (protocolo/dirección de red/puerto)
 ---> System.Net.Sockets.SocketException (10048): Solo se permite un uso de cada dirección de socket (protocolo/dirección de red/puerto)
   at System.Net.Sockets.Socket.UpdateStatusAfterSocketErrorAndThrowException(SocketError error, Boolean disconnectOnFailure, String callerName)
   at System.Net.Sockets.Socket.DoBind(EndPoint endPointSnapshot, SocketAddress socketAddress)
   at System.Net.Sockets.Socket.Bind(EndPoint localEP)
   at Microsoft.AspNetCore.Server.Kestrel.Transport.Sockets.SocketTransportOptions.CreateDefaultBoundListenSocket(EndPoint endpoint)
   at Microsoft.AspNetCore.Server.Kestrel.Transport.Sockets.SocketConnectionListener.Bind()
   --- End of inner exception stack trace ---
   at Microsoft.AspNetCore.Server.Kestrel.Transport.Sockets.SocketConnectionListener.Bind()
   at Microsoft.AspNetCore.Server.Kestrel.Transport.Sockets.SocketTransportFactory.BindAsync(EndPoint endpoint, CancellationToken cancellationToken)
   at Microsoft.AspNetCore.Server.Kestrel.Core.Internal.Infrastructure.TransportManager.BindAsync(EndPoint endPoint, ConnectionDelegate connectionDelegate, EndpointConfig endpointConfig, CancellationToken cancellationToken)
   at Microsoft.AspNetCore.Server.Kestrel.Core.KestrelServerImpl.<>c__DisplayClass28_0`1.<<StartAsync>g__OnBind|0>d.MoveNext()
--- End of stack trace from previous location ---
   at Microsoft.AspNetCore.Server.Kestrel.Core.Internal.AddressBinder.BindEndpointAsync(ListenOptions endpoint, AddressBindContext context, CancellationToken cancellationToken)
   --- End of inner exception stack trace ---
   at Microsoft.AspNetCore.Server.Kestrel.Core.Internal.AddressBinder.BindEndpointAsync(ListenOptions endpoint, AddressBindContext context, CancellationToken cancellationToken)
   at Microsoft.AspNetCore.Server.Kestrel.Core.LocalhostListenOptions.BindAsync(AddressBindContext context, CancellationToken cancellationToken)
   at Microsoft.AspNetCore.Server.Kestrel.Core.Internal.AddressBinder.AddressesStrategy.BindAsync(AddressBindContext context, CancellationToken cancellationToken)
   at Microsoft.AspNetCore.Server.Kestrel.Core.KestrelServerImpl.BindAsync(CancellationToken cancellationToken)
   at Microsoft.AspNetCore.Server.Kestrel.Core.KestrelServerImpl.StartAsync[TContext](IHttpApplication`1 application, CancellationToken cancellationToken)
   at Microsoft.AspNetCore.Hosting.GenericWebHostService.StartAsync(CancellationToken cancellationToken)
   at Microsoft.Extensions.Hosting.Internal.Host.<StartAsync>b__14_1(IHostedService service, CancellationToken token)
   at Microsoft.Extensions.Hosting.Internal.Host.ForeachService[T](IEnumerable`1 services, CancellationToken token, Boolean concurrent, Boolean abortOnFirstException, List`1 exceptions, Func`3 operation)
   at Microsoft.Extensions.Hosting.Internal.Host.StartAsync(CancellationToken cancellationToken)
   at Microsoft.Extensions.Hosting.HostingAbstractionsHostExtensions.RunAsync(IHost host, CancellationToken token)
   at Microsoft.Extensions.Hosting.HostingAbstractionsHostExtensions.RunAsync(IHost host, CancellationToken token)
   at Microsoft.Extensions.Hosting.HostingAbstractionsHostExtensions.Run(IHost host)
   at Program.<Main>$(String[] args) in D:\GITHUB\ReportePrematch.Web\ReportePrematch.Web\Program.cs:line 76
2026-09-01 20:32:35.845 -04:00 [INF] Iniciando ReportePrematch.Web...
2026-09-01 20:32:37.095 -04:00 [INF] HTTP GET / responded 200 in 262.0792 ms
2026-09-01 20:32:57.758 -04:00 [INF] Login exitoso: vlapenta [Usuario suAdmin]
2026-09-01 20:32:57.769 -04:00 [INF] HTTP POST / responded 302 in 2070.5594 ms
2026-09-01 20:32:57.910 -04:00 [INF] HTTP GET /Reportes/VentasPorAgente responded 200 in 133.9340 ms
2026-09-01 20:33:01.674 -04:00 [INF] HTTP POST /Reportes/GetListAgenciasApi responded 200 in 3512.1956 ms
2026-09-01 20:33:08.849 -04:00 [INF] HTTP GET /Reportes/Casino7777 responded 200 in 30.0729 ms
2026-09-01 20:33:10.696 -04:00 [INF] HTTP POST /Reportes/GetCasino7777Agentes responded 200 in 1684.9587 ms
2026-09-01 20:33:43.275 -04:00 [INF] HTTP POST /Reportes/GetCasino7777ResumenGeneral responded 200 in 2141.2504 ms
2026-09-01 20:33:43.275 -04:00 [INF] HTTP POST /Reportes/GetCasino7777 responded 200 in 2141.2742 ms
2026-09-01 20:34:00.895 -04:00 [INF] HTTP GET /Reportes/Endorphine responded 200 in 22.0830 ms
2026-09-01 20:34:02.686 -04:00 [INF] HTTP POST /Reportes/GetEndorphineAgentes responded 200 in 1585.9712 ms
2026-09-01 20:34:39.899 -04:00 [INF] HTTP POST /Reportes/GetEndorphine responded 200 in 863.4773 ms
2026-09-01 20:34:40.189 -04:00 [INF] HTTP POST /Reportes/GetEndorphineResumenGeneral responded 200 in 1153.0034 ms
2026-09-01 20:34:56.728 -04:00 [INF] HTTP POST /Reportes/GetEndorphineResumenGeneral responded 200 in 551.6782 ms
2026-09-01 20:34:56.772 -04:00 [INF] HTTP POST /Reportes/GetEndorphine responded 200 in 595.4811 ms
2026-09-01 20:35:18.933 -04:00 [INF] HTTP GET /Reportes/InOutGaming responded 200 in 24.0439 ms
2026-09-01 20:35:20.674 -04:00 [INF] HTTP POST /Reportes/GetInOutGamingAgentes responded 200 in 1502.9598 ms
2026-09-01 20:35:33.556 -04:00 [INF] HTTP POST /Reportes/GetInOutGaming responded 200 in 700.8294 ms
2026-09-01 20:35:33.919 -04:00 [INF] HTTP POST /Reportes/GetInOutGamingResumenGeneral responded 200 in 1063.8226 ms
2026-09-01 20:36:51.145 -04:00 [INF] HTTP GET /Reportes/Odyseus responded 200 in 22.2423 ms
2026-09-01 20:36:52.650 -04:00 [INF] HTTP POST /Reportes/GetListAgenciasApi responded 200 in 1288.2352 ms
2026-09-01 20:37:06.570 -04:00 [INF] HTTP POST /Reportes/GetOdyseus responded 200 in 1193.3370 ms
2026-09-01 20:47:36.573 -04:00 [INF] HTTP POST /Reportes/GetOdyseus responded 200 in 2879.8570 ms
2026-09-01 21:48:03.983 -04:00 [INF] Iniciando ReportePrematch.Web...
2026-09-01 21:48:05.628 -04:00 [INF] HTTP GET / responded 200 in 277.7926 ms
2026-09-01 21:48:17.774 -04:00 [INF] Login exitoso: vlapenta [Usuario suAdmin]
2026-09-01 21:48:17.781 -04:00 [INF] HTTP POST / responded 302 in 2099.8709 ms
2026-09-01 21:48:17.905 -04:00 [INF] HTTP GET /Reportes/VentasPorAgente responded 200 in 115.2963 ms
2026-09-01 21:48:19.985 -04:00 [INF] HTTP POST /Reportes/GetListAgenciasApi responded 200 in 1825.4761 ms
2026-09-01 21:48:22.856 -04:00 [INF] HTTP GET /Reportes/Odyseus responded 200 in 20.3309 ms
2026-09-01 21:48:24.617 -04:00 [INF] HTTP POST /Reportes/GetListAgenciasApi responded 200 in 1630.2404 ms
2026-09-01 21:48:39.209 -04:00 [INF] HTTP POST /Reportes/GetOdyseus responded 200 in 9500.4930 ms
2026-09-01 21:50:06.626 -04:00 [INF] HTTP POST /Reportes/GetOdyseus responded 200 in 8098.8910 ms
2026-09-01 21:52:03.138 -04:00 [INF] HTTP POST /Reportes/GetOdyseus responded 200 in 11713.8645 ms
2026-09-01 21:54:06.646 -04:00 [INF] HTTP POST /Reportes/GetOdyseus responded 200 in 9723.6648 ms
2026-09-01 21:54:44.996 -04:00 [INF] HTTP GET /Reportes/VIG responded 200 in 29.9613 ms
2026-09-01 21:54:47.729 -04:00 [INF] HTTP POST /Reportes/GetListAgenciasApi responded 200 in 2522.9773 ms
2026-09-01 21:55:02.199 -04:00 [INF] HTTP POST /Reportes/GetVIG responded 200 in 2297.4197 ms
2026-09-01 21:55:46.969 -04:00 [INF] HTTP GET /Reportes/IconSlot responded 200 in 28.8533 ms
2026-09-01 21:55:48.395 -04:00 [INF] HTTP POST /Reportes/GetListAgenciasApi responded 200 in 1231.7344 ms
2026-09-01 21:55:58.749 -04:00 [WRN] Respuesta no deserializable de GET+QS api/Reportes/CasinoIconSlot. JSON: {"codigo":-2146233079,"mensaje":"ExecuteReader: CommandText property has not been initialized"}
System.Text.Json.JsonException: The JSON value could not be converted to System.Collections.Generic.List`1[ReportePrematch.Web.Models.ApiReportes.CasinoDto]. Path: $ | LineNumber: 0 | BytePositionInLine: 1.
   at System.Text.Json.ThrowHelper.ThrowJsonException_DeserializeUnableToConvertValue(Type propertyType)
   at System.Text.Json.Serialization.JsonCollectionConverter`2.OnTryRead(Utf8JsonReader& reader, Type typeToConvert, JsonSerializerOptions options, ReadStack& state, TCollection& value)
   at System.Text.Json.Serialization.JsonConverter`1.ReadCore(Utf8JsonReader& reader, T& value, JsonSerializerOptions options, ReadStack& state)
   at System.Text.Json.Serialization.Metadata.JsonTypeInfo`1.Deserialize(Utf8JsonReader& reader, ReadStack& state)
   at System.Text.Json.JsonSerializer.ReadFromSpan[TValue](ReadOnlySpan`1 utf8Json, JsonTypeInfo`1 jsonTypeInfo, Nullable`1 actualByteCount)
   at System.Text.Json.JsonSerializer.ReadFromSpan[TValue](ReadOnlySpan`1 json, JsonTypeInfo`1 jsonTypeInfo)
   at System.Text.Json.JsonSerializer.Deserialize[TValue](String json, JsonSerializerOptions options)
   at ReportePrematch.Web.Services.Clients.ApiClient.GetQueryAsync[T](String endpoint, Dictionary`2 query, CancellationToken ct) in D:\GITHUB\ReportePrematch.Web\ReportePrematch.Web\Services\Clients\ApiClient.cs:line 54
2026-09-01 21:55:58.781 -04:00 [INF] HTTP POST /Reportes/GetIconSlot responded 200 in 1155.0878 ms
2026-09-01 22:03:02.158 -04:00 [WRN] Respuesta no deserializable de GET+QS api/Reportes/CasinoIconSlot. JSON: {"codigo":-2146233079,"mensaje":"ExecuteReader: CommandText property has not been initialized"}
System.Text.Json.JsonException: The JSON value could not be converted to System.Collections.Generic.List`1[ReportePrematch.Web.Models.ApiReportes.CasinoDto]. Path: $ | LineNumber: 0 | BytePositionInLine: 1.
   at System.Text.Json.ThrowHelper.ThrowJsonException_DeserializeUnableToConvertValue(Type propertyType)
   at System.Text.Json.Serialization.JsonCollectionConverter`2.OnTryRead(Utf8JsonReader& reader, Type typeToConvert, JsonSerializerOptions options, ReadStack& state, TCollection& value)
   at System.Text.Json.Serialization.JsonConverter`1.ReadCore(Utf8JsonReader& reader, T& value, JsonSerializerOptions options, ReadStack& state)
   at System.Text.Json.Serialization.Metadata.JsonTypeInfo`1.Deserialize(Utf8JsonReader& reader, ReadStack& state)
   at System.Text.Json.JsonSerializer.ReadFromSpan[TValue](ReadOnlySpan`1 utf8Json, JsonTypeInfo`1 jsonTypeInfo, Nullable`1 actualByteCount)
   at System.Text.Json.JsonSerializer.ReadFromSpan[TValue](ReadOnlySpan`1 json, JsonTypeInfo`1 jsonTypeInfo)
   at System.Text.Json.JsonSerializer.Deserialize[TValue](String json, JsonSerializerOptions options)
   at ReportePrematch.Web.Services.Clients.ApiClient.GetQueryAsync[T](String endpoint, Dictionary`2 query, CancellationToken ct) in D:\GITHUB\ReportePrematch.Web\ReportePrematch.Web\Services\Clients\ApiClient.cs:line 54
2026-09-01 22:03:02.163 -04:00 [INF] HTTP POST /Reportes/GetIconSlot responded 200 in 3063.3251 ms
2026-09-01 22:11:59.911 -04:00 [WRN] Respuesta no deserializable de GET+QS api/Reportes/CasinoIconSlot. JSON: {"codigo":-2146233079,"mensaje":"ExecuteReader: CommandText property has not been initialized"}
System.Text.Json.JsonException: The JSON value could not be converted to System.Collections.Generic.List`1[ReportePrematch.Web.Models.ApiReportes.CasinoDto]. Path: $ | LineNumber: 0 | BytePositionInLine: 1.
   at System.Text.Json.ThrowHelper.ThrowJsonException_DeserializeUnableToConvertValue(Type propertyType)
   at System.Text.Json.Serialization.JsonCollectionConverter`2.OnTryRead(Utf8JsonReader& reader, Type typeToConvert, JsonSerializerOptions options, ReadStack& state, TCollection& value)
   at System.Text.Json.Serialization.JsonConverter`1.ReadCore(Utf8JsonReader& reader, T& value, JsonSerializerOptions options, ReadStack& state)
   at System.Text.Json.Serialization.Metadata.JsonTypeInfo`1.Deserialize(Utf8JsonReader& reader, ReadStack& state)
   at System.Text.Json.JsonSerializer.ReadFromSpan[TValue](ReadOnlySpan`1 utf8Json, JsonTypeInfo`1 jsonTypeInfo, Nullable`1 actualByteCount)
   at System.Text.Json.JsonSerializer.ReadFromSpan[TValue](ReadOnlySpan`1 json, JsonTypeInfo`1 jsonTypeInfo)
   at System.Text.Json.JsonSerializer.Deserialize[TValue](String json, JsonSerializerOptions options)
   at ReportePrematch.Web.Services.Clients.ApiClient.GetQueryAsync[T](String endpoint, Dictionary`2 query, CancellationToken ct) in D:\GITHUB\ReportePrematch.Web\ReportePrematch.Web\Services\Clients\ApiClient.cs:line 54
2026-09-01 22:11:59.921 -04:00 [INF] HTTP POST /Reportes/GetIconSlot responded 200 in 1779.7533 ms
2026-09-01 22:12:26.931 -04:00 [INF] HTTP POST /Reportes/GetIconSlot responded 200 in 2244.6198 ms
2026-09-01 22:14:55.826 -04:00 [INF] HTTP POST /Reportes/GetIconSlot responded 200 in 5793.2362 ms
2026-09-01 22:19:50.430 -04:00 [INF] HTTP GET /Reportes/VentasDetalladasLive responded 200 in 33.4958 ms
2026-09-01 22:19:52.460 -04:00 [INF] HTTP POST /Reportes/GetListAgenciasApi responded 200 in 1814.6291 ms
2026-09-01 22:45:53.982 -04:00 [INF] HTTP POST /Reportes/GetVentasDetalladasLive responded 200 in 65416.6042 ms
2026-09-01 22:46:49.964 -04:00 [INF] Iniciando ReportePrematch.Web...
2026-09-01 22:46:51.607 -04:00 [INF] HTTP GET / responded 200 in 273.7492 ms
2026-09-01 22:48:26.989 -04:00 [INF] Iniciando ReportePrematch.Web...
2026-09-01 22:48:28.256 -04:00 [INF] HTTP GET / responded 200 in 266.0075 ms
2026-09-01 22:48:41.068 -04:00 [INF] Login exitoso: vlapenta [Usuario suAdmin]
2026-09-01 22:48:41.078 -04:00 [INF] HTTP POST / responded 302 in 2181.4971 ms
2026-09-01 22:48:41.196 -04:00 [INF] HTTP GET /Reportes/VentasPorAgente responded 200 in 110.4706 ms
2026-09-01 22:48:43.410 -04:00 [INF] HTTP POST /Reportes/GetListAgenciasApi responded 200 in 1962.1194 ms
2026-09-01 22:48:47.477 -04:00 [INF] HTTP GET /Reportes/VentasDetalladasLive responded 200 in 23.8145 ms
2026-09-01 22:48:49.370 -04:00 [INF] HTTP POST /Reportes/GetListAgenciasApi responded 200 in 1766.1293 ms
2026-09-01 22:48:58.457 -04:00 [INF] HTTP POST /Reportes/GetVentasDetalladasLive responded 200 in 1137.2713 ms
2026-09-01 22:53:09.193 -04:00 [INF] Iniciando ReportePrematch.Web...
2026-09-01 22:53:10.425 -04:00 [INF] HTTP GET / responded 200 in 254.9401 ms
2026-09-01 22:53:24.911 -04:00 [INF] Login exitoso: vlapenta [Usuario suAdmin]
2026-09-01 22:53:24.919 -04:00 [INF] HTTP POST / responded 302 in 2031.8086 ms
2026-09-01 22:53:25.036 -04:00 [INF] HTTP GET /Reportes/VentasPorAgente responded 200 in 109.9203 ms
2026-09-01 22:53:27.190 -04:00 [INF] HTTP POST /Reportes/GetListAgenciasApi responded 200 in 1929.2795 ms
2026-09-01 22:53:32.085 -04:00 [INF] HTTP GET /Reportes/VentasDetalladasLive responded 200 in 23.2972 ms
2026-09-01 22:53:33.759 -04:00 [INF] HTTP POST /Reportes/GetListAgenciasApi responded 200 in 1548.8188 ms
2026-09-01 22:53:48.157 -04:00 [INF] HTTP POST /Reportes/GetVentasDetalladasLive responded 200 in 867.6296 ms
2026-09-01 22:54:02.539 -04:00 [INF] HTTP GET /Reportes/IconSlot responded 200 in 23.5199 ms
2026-09-01 22:54:04.452 -04:00 [INF] HTTP POST /Reportes/GetListAgenciasApi responded 200 in 1726.0433 ms
2026-09-01 22:54:15.719 -04:00 [INF] HTTP GET /Reportes/VentasDetalladasLive responded 200 in 3.6313 ms
2026-09-01 22:54:17.436 -04:00 [INF] HTTP POST /Reportes/GetListAgenciasApi responded 200 in 1526.4021 ms
2026-09-01 22:54:27.563 -04:00 [INF] HTTP POST /Reportes/GetVentasDetalladasLive responded 200 in 516.7096 ms
2026-09-01 22:56:08.146 -04:00 [INF] HTTP GET /Reportes/VentasDetalladasLive responded 200 in 2385.4824 ms
2026-09-01 22:56:11.013 -04:00 [INF] HTTP POST /Reportes/GetListAgenciasApi responded 200 in 1360.4394 ms
2026-09-01 22:56:11.188 -04:00 [INF] HTTP GET /favicon.ico responded 404 in 1.7452 ms
2026-09-01 22:56:17.241 -04:00 [INF] HTTP POST /Reportes/GetVentasDetalladasLive responded 200 in 684.3005 ms
2026-09-01 22:56:45.022 -04:00 [INF] HTTP GET /Reportes/IconSlot responded 200 in 1.7221 ms
2026-09-01 22:56:46.824 -04:00 [INF] HTTP POST /Reportes/GetListAgenciasApi responded 200 in 1566.3972 ms
2026-09-01 22:56:52.521 -04:00 [INF] HTTP POST /Reportes/GetIconSlot responded 200 in 795.9469 ms
2026-09-01 22:57:03.571 -04:00 [INF] HTTP POST /Reportes/GetIconSlot responded 200 in 1229.1141 ms
2026-09-01 22:58:37.293 -04:00 [INF] HTTP GET /Reportes/IconSlot responded 200 in 358.5333 ms
2026-09-01 22:58:39.361 -04:00 [INF] HTTP GET /favicon.ico responded 404 in 0.4430 ms
2026-09-01 22:58:39.722 -04:00 [INF] HTTP POST /Reportes/GetListAgenciasApi responded 200 in 1677.5417 ms
2026-09-01 22:58:46.678 -04:00 [INF] HTTP POST /Reportes/GetIconSlot responded 200 in 1598.5076 ms
