2026-07-28 12:23:27.835 -04:00 [INF] Iniciando ReportePrematch.Web...
2026-07-28 12:23:33.660 -04:00 [INF] HTTP GET / responded 200 in 685.3281 ms
2026-07-28 12:23:35.504 -04:00 [INF] HTTP GET /favicon.ico responded 404 in 7.5807 ms
2026-07-28 12:23:48.819 -04:00 [WRN] ADWS Login: credenciales inválidas (Mensaje=-1) para vlapenta
2026-07-28 12:23:48.827 -04:00 [WRN] Login fallido para usuario vlapenta
2026-07-28 12:23:48.847 -04:00 [INF] HTTP POST / responded 200 in 937.9470 ms
2026-07-28 12:24:02.975 -04:00 [INF] Login exitoso: vlapenta [Usuario suAdmin]
2026-07-28 12:24:02.980 -04:00 [INF] HTTP POST / responded 302 in 157.9085 ms
2026-07-28 12:32:58.798 -04:00 [INF] Iniciando ReportePrematch.Web...
2026-07-28 12:33:01.367 -04:00 [INF] HTTP GET / responded 200 in 619.1156 ms
2026-07-28 12:33:02.761 -04:00 [INF] HTTP GET /favicon.ico responded 404 in 7.8967 ms
2026-07-28 12:33:25.928 -04:00 [WRN] ADWS Login: credenciales inválidas (Mensaje=-1) para vlapenta
2026-07-28 12:33:25.933 -04:00 [WRN] Login fallido para usuario vlapenta
2026-07-28 12:33:25.945 -04:00 [INF] HTTP POST / responded 200 in 813.4772 ms
2026-07-28 12:33:34.231 -04:00 [WRN] ADWS Login: credenciales inválidas (Mensaje=-1) para vlapenta
2026-07-28 12:33:34.232 -04:00 [WRN] Login fallido para usuario vlapenta
2026-07-28 12:33:34.244 -04:00 [INF] HTTP POST / responded 200 in 187.7405 ms
2026-07-28 12:33:44.971 -04:00 [WRN] ADWS Login: credenciales inválidas (Mensaje=-1) para vlapenta
2026-07-28 12:33:44.973 -04:00 [WRN] Login fallido para usuario vlapenta
2026-07-28 12:33:44.976 -04:00 [INF] HTTP POST / responded 200 in 137.4589 ms
2026-07-28 12:34:04.206 -04:00 [INF] Login exitoso: vlapenta [Usuario suAdmin]
2026-07-28 12:34:04.210 -04:00 [INF] HTTP POST / responded 302 in 148.6224 ms
2026-07-28 12:34:04.462 -04:00 [INF] HTTP GET /Reportes/VentasPorAgenteTaq responded 200 in 240.2037 ms
2026-07-28 12:34:09.615 -04:00 [ERR] Error POST api/gcitbr/ventas-agente-taq
System.Net.Http.HttpRequestException: No se puede establecer una conexión ya que el equipo de destino denegó expresamente dicha conexión. (localhost:7001)
 ---> System.Net.Sockets.SocketException (10061): No se puede establecer una conexión ya que el equipo de destino denegó expresamente dicha conexión.
   at System.Net.Sockets.Socket.AwaitableSocketAsyncEventArgs.ThrowException(SocketError error, CancellationToken cancellationToken)
   at System.Net.Sockets.Socket.AwaitableSocketAsyncEventArgs.System.Threading.Tasks.Sources.IValueTaskSource.GetResult(Int16 token)
   at System.Net.Http.HttpConnectionPool.ConnectToTcpHostAsync(String host, Int32 port, HttpRequestMessage initialRequest, Boolean async, CancellationToken cancellationToken)
   --- End of inner exception stack trace ---
   at System.Net.Http.HttpConnectionPool.ConnectToTcpHostAsync(String host, Int32 port, HttpRequestMessage initialRequest, Boolean async, CancellationToken cancellationToken)
   at System.Net.Http.HttpConnectionPool.ConnectAsync(HttpRequestMessage request, Boolean async, CancellationToken cancellationToken)
   at System.Net.Http.HttpConnectionPool.CreateHttp11ConnectionAsync(HttpRequestMessage request, Boolean async, CancellationToken cancellationToken)
   at System.Net.Http.HttpConnectionPool.InjectNewHttp11ConnectionAsync(QueueItem queueItem)
   at System.Threading.Tasks.TaskCompletionSourceWithCancellation`1.WaitWithCancellationAsync(CancellationToken cancellationToken)
   at System.Net.Http.HttpConnectionWaiter`1.WaitForConnectionWithTelemetryAsync(HttpRequestMessage request, HttpConnectionPool pool, Boolean async, CancellationToken requestCancellationToken)
   at System.Net.Http.HttpConnectionPool.SendWithVersionDetectionAndRetryAsync(HttpRequestMessage request, Boolean async, Boolean doRequestAuth, CancellationToken cancellationToken)
   at System.Net.Http.DiagnosticsHandler.SendAsyncCore(HttpRequestMessage request, Boolean async, CancellationToken cancellationToken)
   at System.Net.Http.RedirectHandler.SendAsync(HttpRequestMessage request, Boolean async, CancellationToken cancellationToken)
   at System.Net.Http.SocketsHttpHandler.<SendAsync>g__CreateHandlerAndSendAsync|115_0(HttpRequestMessage request, CancellationToken cancellationToken)
   at Microsoft.Extensions.Http.Logging.LoggingHttpMessageHandler.<SendCoreAsync>g__Core|4_0(HttpRequestMessage request, Boolean useAsync, CancellationToken cancellationToken)
   at Microsoft.Extensions.Http.Logging.LoggingScopeHttpMessageHandler.<SendCoreAsync>g__Core|4_0(HttpRequestMessage request, Boolean useAsync, CancellationToken cancellationToken)
   at System.Net.Http.HttpClient.<SendAsync>g__Core|83_0(HttpRequestMessage request, HttpCompletionOption completionOption, CancellationTokenSource cts, Boolean disposeCts, CancellationTokenSource pendingRequestsCts, CancellationToken originalCancellationToken)
   at ReportePrematch.Web.Services.Clients.ApiClient.PostAsync[T](String endpoint, Object body, CancellationToken ct) in C:\Users\programacion\Desktop\ReportePrematch.Web\ReportePrematch.Web\Services\Clients\ApiClient.cs:line 37
2026-07-28 14:13:52.987 -04:00 [INF] Iniciando ReportePrematch.Web...
2026-07-28 14:13:56.922 -04:00 [INF] HTTP GET / responded 200 in 756.8525 ms
2026-07-28 14:13:59.620 -04:00 [INF] HTTP GET /favicon.ico responded 404 in 6.2335 ms
2026-07-28 14:14:06.571 -04:00 [INF] Login exitoso: vlapenta [Usuario suAdmin]
2026-07-28 14:14:06.583 -04:00 [INF] HTTP POST / responded 302 in 941.7202 ms
2026-07-28 14:14:06.859 -04:00 [INF] HTTP GET /Reportes/VentasPorAgenteTaq responded 200 in 269.6996 ms
2026-07-28 14:14:12.099 -04:00 [ERR] Error POST api/gcitbr/ventas-agente-taq
System.Net.Http.HttpRequestException: No se puede establecer una conexión ya que el equipo de destino denegó expresamente dicha conexión. (localhost:7001)
 ---> System.Net.Sockets.SocketException (10061): No se puede establecer una conexión ya que el equipo de destino denegó expresamente dicha conexión.
   at System.Net.Sockets.Socket.AwaitableSocketAsyncEventArgs.ThrowException(SocketError error, CancellationToken cancellationToken)
   at System.Net.Sockets.Socket.AwaitableSocketAsyncEventArgs.System.Threading.Tasks.Sources.IValueTaskSource.GetResult(Int16 token)
   at System.Net.Http.HttpConnectionPool.ConnectToTcpHostAsync(String host, Int32 port, HttpRequestMessage initialRequest, Boolean async, CancellationToken cancellationToken)
   --- End of inner exception stack trace ---
   at System.Net.Http.HttpConnectionPool.ConnectToTcpHostAsync(String host, Int32 port, HttpRequestMessage initialRequest, Boolean async, CancellationToken cancellationToken)
   at System.Net.Http.HttpConnectionPool.ConnectAsync(HttpRequestMessage request, Boolean async, CancellationToken cancellationToken)
   at System.Net.Http.HttpConnectionPool.CreateHttp11ConnectionAsync(HttpRequestMessage request, Boolean async, CancellationToken cancellationToken)
   at System.Net.Http.HttpConnectionPool.InjectNewHttp11ConnectionAsync(QueueItem queueItem)
   at System.Threading.Tasks.TaskCompletionSourceWithCancellation`1.WaitWithCancellationAsync(CancellationToken cancellationToken)
   at System.Net.Http.HttpConnectionWaiter`1.WaitForConnectionWithTelemetryAsync(HttpRequestMessage request, HttpConnectionPool pool, Boolean async, CancellationToken requestCancellationToken)
   at System.Net.Http.HttpConnectionPool.SendWithVersionDetectionAndRetryAsync(HttpRequestMessage request, Boolean async, Boolean doRequestAuth, CancellationToken cancellationToken)
   at System.Net.Http.DiagnosticsHandler.SendAsyncCore(HttpRequestMessage request, Boolean async, CancellationToken cancellationToken)
   at System.Net.Http.RedirectHandler.SendAsync(HttpRequestMessage request, Boolean async, CancellationToken cancellationToken)
   at System.Net.Http.SocketsHttpHandler.<SendAsync>g__CreateHandlerAndSendAsync|115_0(HttpRequestMessage request, CancellationToken cancellationToken)
   at Microsoft.Extensions.Http.Logging.LoggingHttpMessageHandler.<SendCoreAsync>g__Core|4_0(HttpRequestMessage request, Boolean useAsync, CancellationToken cancellationToken)
   at Microsoft.Extensions.Http.Logging.LoggingScopeHttpMessageHandler.<SendCoreAsync>g__Core|4_0(HttpRequestMessage request, Boolean useAsync, CancellationToken cancellationToken)
   at System.Net.Http.HttpClient.<SendAsync>g__Core|83_0(HttpRequestMessage request, HttpCompletionOption completionOption, CancellationTokenSource cts, Boolean disposeCts, CancellationTokenSource pendingRequestsCts, CancellationToken originalCancellationToken)
   at ReportePrematch.Web.Services.Clients.ApiClient.PostAsync[T](String endpoint, Object body, CancellationToken ct) in C:\Users\programacion\Desktop\ReportePrematch.Web\ReportePrematch.Web\Services\Clients\ApiClient.cs:line 37
2026-07-28 20:52:34.357 -04:00 [INF] Iniciando ReportePrematch.Web...
2026-07-28 20:52:37.893 -04:00 [INF] HTTP GET / responded 200 in 636.3603 ms
2026-07-28 20:52:39.999 -04:00 [INF] HTTP GET /favicon.ico responded 404 in 19.4292 ms
2026-07-28 20:52:48.564 -04:00 [WRN] ADWS Login: credenciales inválidas (Mensaje=-3) para vpalenta
2026-07-28 20:52:48.569 -04:00 [WRN] Login fallido para usuario vpalenta
2026-07-28 20:52:48.584 -04:00 [INF] HTTP POST / responded 200 in 1445.4337 ms
2026-07-28 20:53:04.692 -04:00 [INF] Login exitoso: vlapenta [Usuario suAdmin]
2026-07-28 20:53:04.698 -04:00 [INF] HTTP POST / responded 302 in 197.1091 ms
2026-07-28 20:53:05.002 -04:00 [INF] HTTP GET /Reportes/VentasPorAgenteTaq responded 200 in 287.4263 ms
2026-07-28 20:54:30.553 -04:00 [INF] HTTP POST /Reportes/GetVentasPorAgenteTaq responded 200 in 84730.7189 ms
2026-07-28 20:56:19.550 -04:00 [ERR] Error GET+QS api/Reportes/VentasPorAgenteTaq
System.Net.Http.HttpRequestException: An error occurred while sending the request.
 ---> System.IO.IOException: Unable to read data from the transport connection: Se ha forzado la interrupción de una conexión existente por el host remoto..
 ---> System.Net.Sockets.SocketException (10054): Se ha forzado la interrupción de una conexión existente por el host remoto.
   --- End of inner exception stack trace ---
   at System.Net.Sockets.Socket.AwaitableSocketAsyncEventArgs.ThrowException(SocketError error, CancellationToken cancellationToken)
   at System.Net.Sockets.Socket.AwaitableSocketAsyncEventArgs.System.Threading.Tasks.Sources.IValueTaskSource<System.Int32>.GetResult(Int16 token)
   at System.Net.Security.SslStream.EnsureFullTlsFrameAsync[TIOAdapter](CancellationToken cancellationToken, Int32 estimatedSize)
   at System.Runtime.CompilerServices.PoolingAsyncValueTaskMethodBuilder`1.StateMachineBox`1.System.Threading.Tasks.Sources.IValueTaskSource<TResult>.GetResult(Int16 token)
   at System.Net.Security.SslStream.ReadAsyncInternal[TIOAdapter](Memory`1 buffer, CancellationToken cancellationToken)
   at System.Runtime.CompilerServices.PoolingAsyncValueTaskMethodBuilder`1.StateMachineBox`1.System.Threading.Tasks.Sources.IValueTaskSource<TResult>.GetResult(Int16 token)
   at System.Net.Http.HttpConnection.InitialFillAsync(Boolean async)
   at System.Net.Http.HttpConnection.SendAsync(HttpRequestMessage request, Boolean async, CancellationToken cancellationToken)
   --- End of inner exception stack trace ---
   at System.Net.Http.HttpConnection.SendAsync(HttpRequestMessage request, Boolean async, CancellationToken cancellationToken)
   at System.Net.Http.HttpConnectionPool.SendWithVersionDetectionAndRetryAsync(HttpRequestMessage request, Boolean async, Boolean doRequestAuth, CancellationToken cancellationToken)
   at System.Net.Http.DiagnosticsHandler.SendAsyncCore(HttpRequestMessage request, Boolean async, CancellationToken cancellationToken)
   at System.Net.Http.RedirectHandler.SendAsync(HttpRequestMessage request, Boolean async, CancellationToken cancellationToken)
   at System.Net.Http.SocketsHttpHandler.<SendAsync>g__CreateHandlerAndSendAsync|115_0(HttpRequestMessage request, CancellationToken cancellationToken)
   at Microsoft.Extensions.Http.Logging.LoggingHttpMessageHandler.<SendCoreAsync>g__Core|4_0(HttpRequestMessage request, Boolean useAsync, CancellationToken cancellationToken)
   at Microsoft.Extensions.Http.Logging.LoggingScopeHttpMessageHandler.<SendCoreAsync>g__Core|4_0(HttpRequestMessage request, Boolean useAsync, CancellationToken cancellationToken)
   at System.Net.Http.HttpClient.<SendAsync>g__Core|83_0(HttpRequestMessage request, HttpCompletionOption completionOption, CancellationTokenSource cts, Boolean disposeCts, CancellationTokenSource pendingRequestsCts, CancellationToken originalCancellationToken)
   at ReportePrematch.Web.Services.Clients.ApiClient.GetQueryAsync[T](String endpoint, Dictionary`2 query, CancellationToken ct) in C:\Users\programacion\Desktop\ReportePrematch.Web\ReportePrematch.Web\Services\Clients\ApiClient.cs:line 46
2026-07-28 21:00:47.782 -04:00 [INF] Iniciando ReportePrematch.Web...
2026-07-28 21:00:50.562 -04:00 [INF] HTTP GET / responded 200 in 618.1249 ms
2026-07-28 21:00:52.592 -04:00 [INF] HTTP GET /favicon.ico responded 404 in 16.4628 ms
2026-07-28 21:02:57.171 -04:00 [INF] Login exitoso: vlapenta [Usuario suAdmin]
2026-07-28 21:02:57.185 -04:00 [INF] HTTP POST / responded 302 in 908.4706 ms
2026-07-28 21:02:57.463 -04:00 [INF] HTTP GET /Reportes/VentasPorAgenteTaq responded 200 in 259.2435 ms
2026-07-28 21:02:58.042 -04:00 [INF] SOAP wsReportes → GetListAgencias
2026-07-28 21:02:58.957 -04:00 [ERR] Error SOAP wsReportes método GetListAgencias
System.Net.Http.HttpRequestException: Response status code does not indicate success: 500 (Internal Server Error).
   at System.Net.Http.HttpResponseMessage.EnsureSuccessStatusCode()
   at ReportePrematch.Web.Services.Clients.ReportesService.CallWsReportesAsync(String metodo, Dictionary`2 parametros) in C:\Users\programacion\Desktop\ReportePrematch.Web\ReportePrematch.Web\Services\Clients\ReportesService.cs:line 62
2026-07-28 21:02:59.193 -04:00 [ERR] Error GetListAgencias
System.Net.Http.HttpRequestException: Response status code does not indicate success: 500 (Internal Server Error).
   at System.Net.Http.HttpResponseMessage.EnsureSuccessStatusCode()
   at ReportePrematch.Web.Services.Clients.ReportesService.CallWsReportesAsync(String metodo, Dictionary`2 parametros) in C:\Users\programacion\Desktop\ReportePrematch.Web\ReportePrematch.Web\Services\Clients\ReportesService.cs:line 62
   at ReportePrematch.Web.Services.Clients.ReportesService.GetListAgenciasAsync(String agente) in C:\Users\programacion\Desktop\ReportePrematch.Web\ReportePrematch.Web\Services\Clients\ReportesService.cs:line 447
2026-07-28 21:02:59.203 -04:00 [INF] HTTP POST /Reportes/GetListAgencias responded 200 in 1303.4355 ms
2026-07-28 21:08:03.572 -04:00 [INF] HTTP GET /Reportes/VentasPorAgenteTaq responded 302 in 5.3531 ms
2026-07-28 21:08:03.636 -04:00 [INF] HTTP GET / responded 200 in 6.5507 ms
2026-07-28 21:08:06.937 -04:00 [INF] HTTP GET /favicon.ico responded 404 in 0.3200 ms
2026-07-28 21:09:12.156 -04:00 [INF] Iniciando ReportePrematch.Web...
2026-07-28 21:09:15.507 -04:00 [INF] HTTP GET / responded 200 in 886.5917 ms
2026-07-28 21:09:59.129 -04:00 [WRN] ADWS Login: credenciales inválidas (Mensaje=-1) para vlapenta
2026-07-28 21:09:59.134 -04:00 [WRN] Login fallido para usuario vlapenta
2026-07-28 21:09:59.192 -04:00 [INF] HTTP POST / responded 200 in 1073.7020 ms
2026-07-28 21:10:04.523 -04:00 [INF] Login exitoso: vlapenta [Usuario suAdmin]
2026-07-28 21:10:04.528 -04:00 [INF] HTTP POST / responded 302 in 273.7036 ms
2026-07-28 21:10:04.822 -04:00 [INF] HTTP GET /Reportes/VentasPorAgenteTaq responded 200 in 280.8550 ms
2026-07-28 21:10:15.485 -04:00 [INF] SOAP wsReportes → GetListAgencias
2026-07-28 21:10:15.724 -04:00 [ERR] Error SOAP wsReportes método GetListAgencias
System.Net.Http.HttpRequestException: Response status code does not indicate success: 500 (Internal Server Error).
   at System.Net.Http.HttpResponseMessage.EnsureSuccessStatusCode()
   at ReportePrematch.Web.Services.Clients.ReportesService.CallWsReportesAsync(String metodo, Dictionary`2 parametros) in C:\Users\programacion\Desktop\ReportePrematch.Web\ReportePrematch.Web\Services\Clients\ReportesService.cs:line 62
2026-07-28 21:10:15.835 -04:00 [ERR] Error GetListAgencias
System.Net.Http.HttpRequestException: Response status code does not indicate success: 500 (Internal Server Error).
   at System.Net.Http.HttpResponseMessage.EnsureSuccessStatusCode()
   at ReportePrematch.Web.Services.Clients.ReportesService.CallWsReportesAsync(String metodo, Dictionary`2 parametros) in C:\Users\programacion\Desktop\ReportePrematch.Web\ReportePrematch.Web\Services\Clients\ReportesService.cs:line 62
   at ReportePrematch.Web.Services.Clients.ReportesService.GetListAgenciasAsync(String agente) in C:\Users\programacion\Desktop\ReportePrematch.Web\ReportePrematch.Web\Services\Clients\ReportesService.cs:line 447
2026-07-28 21:10:15.852 -04:00 [INF] HTTP POST /Reportes/GetListAgencias responded 200 in 575.9834 ms
2026-07-28 21:12:04.886 -04:00 [INF] HTTP GET /Reportes/VentasPorAgenteTaq responded 200 in 16.2674 ms
2026-07-28 21:12:06.184 -04:00 [INF] SOAP wsReportes → GetListAgencias
2026-07-28 21:12:06.383 -04:00 [ERR] Error SOAP wsReportes método GetListAgencias
System.Net.Http.HttpRequestException: Response status code does not indicate success: 500 (Internal Server Error).
   at System.Net.Http.HttpResponseMessage.EnsureSuccessStatusCode()
   at ReportePrematch.Web.Services.Clients.ReportesService.CallWsReportesAsync(String metodo, Dictionary`2 parametros) in C:\Users\programacion\Desktop\ReportePrematch.Web\ReportePrematch.Web\Services\Clients\ReportesService.cs:line 62
2026-07-28 21:12:06.474 -04:00 [ERR] Error GetListAgencias
System.Net.Http.HttpRequestException: Response status code does not indicate success: 500 (Internal Server Error).
   at System.Net.Http.HttpResponseMessage.EnsureSuccessStatusCode()
   at ReportePrematch.Web.Services.Clients.ReportesService.CallWsReportesAsync(String metodo, Dictionary`2 parametros) in C:\Users\programacion\Desktop\ReportePrematch.Web\ReportePrematch.Web\Services\Clients\ReportesService.cs:line 62
   at ReportePrematch.Web.Services.Clients.ReportesService.GetListAgenciasAsync(String agente) in C:\Users\programacion\Desktop\ReportePrematch.Web\ReportePrematch.Web\Services\Clients\ReportesService.cs:line 447
2026-07-28 21:12:06.480 -04:00 [INF] HTTP POST /Reportes/GetListAgencias responded 200 in 299.3076 ms
2026-07-28 21:14:23.669 -04:00 [INF] HTTP GET /Reportes/VentasPorAgenteTaq responded 200 in 5.8327 ms
2026-07-28 21:14:24.349 -04:00 [INF] SOAP wsReportes → GetListAgencias
2026-07-28 21:14:24.560 -04:00 [ERR] Error SOAP wsReportes método GetListAgencias
System.Net.Http.HttpRequestException: Response status code does not indicate success: 500 (Internal Server Error).
   at System.Net.Http.HttpResponseMessage.EnsureSuccessStatusCode()
   at ReportePrematch.Web.Services.Clients.ReportesService.CallWsReportesAsync(String metodo, Dictionary`2 parametros) in C:\Users\programacion\Desktop\ReportePrematch.Web\ReportePrematch.Web\Services\Clients\ReportesService.cs:line 62
2026-07-28 21:14:24.621 -04:00 [ERR] Error GetListAgencias
System.Net.Http.HttpRequestException: Response status code does not indicate success: 500 (Internal Server Error).
   at System.Net.Http.HttpResponseMessage.EnsureSuccessStatusCode()
   at ReportePrematch.Web.Services.Clients.ReportesService.CallWsReportesAsync(String metodo, Dictionary`2 parametros) in C:\Users\programacion\Desktop\ReportePrematch.Web\ReportePrematch.Web\Services\Clients\ReportesService.cs:line 62
   at ReportePrematch.Web.Services.Clients.ReportesService.GetListAgenciasAsync(String agente) in C:\Users\programacion\Desktop\ReportePrematch.Web\ReportePrematch.Web\Services\Clients\ReportesService.cs:line 447
2026-07-28 21:14:24.630 -04:00 [INF] HTTP POST /Reportes/GetListAgencias responded 200 in 282.5253 ms
2026-07-28 21:14:34.049 -04:00 [INF] HTTP GET /Reportes/VentasPorAgenteTaq responded 200 in 6.2863 ms
2026-07-28 21:14:34.703 -04:00 [INF] SOAP wsReportes → GetListAgencias
2026-07-28 21:14:34.890 -04:00 [ERR] Error SOAP wsReportes método GetListAgencias
System.Net.Http.HttpRequestException: Response status code does not indicate success: 500 (Internal Server Error).
   at System.Net.Http.HttpResponseMessage.EnsureSuccessStatusCode()
   at ReportePrematch.Web.Services.Clients.ReportesService.CallWsReportesAsync(String metodo, Dictionary`2 parametros) in C:\Users\programacion\Desktop\ReportePrematch.Web\ReportePrematch.Web\Services\Clients\ReportesService.cs:line 62
2026-07-28 21:14:34.943 -04:00 [ERR] Error GetListAgencias
System.Net.Http.HttpRequestException: Response status code does not indicate success: 500 (Internal Server Error).
   at System.Net.Http.HttpResponseMessage.EnsureSuccessStatusCode()
   at ReportePrematch.Web.Services.Clients.ReportesService.CallWsReportesAsync(String metodo, Dictionary`2 parametros) in C:\Users\programacion\Desktop\ReportePrematch.Web\ReportePrematch.Web\Services\Clients\ReportesService.cs:line 62
   at ReportePrematch.Web.Services.Clients.ReportesService.GetListAgenciasAsync(String agente) in C:\Users\programacion\Desktop\ReportePrematch.Web\ReportePrematch.Web\Services\Clients\ReportesService.cs:line 447
2026-07-28 21:14:34.948 -04:00 [INF] HTTP POST /Reportes/GetListAgencias responded 200 in 246.6225 ms
2026-07-28 21:14:48.183 -04:00 [INF] SOAP wsReportes → GetListAgencias
2026-07-28 21:14:48.365 -04:00 [ERR] Error SOAP wsReportes método GetListAgencias
System.Net.Http.HttpRequestException: Response status code does not indicate success: 500 (Internal Server Error).
   at System.Net.Http.HttpResponseMessage.EnsureSuccessStatusCode()
   at ReportePrematch.Web.Services.Clients.ReportesService.CallWsReportesAsync(String metodo, Dictionary`2 parametros) in C:\Users\programacion\Desktop\ReportePrematch.Web\ReportePrematch.Web\Services\Clients\ReportesService.cs:line 62
2026-07-28 21:14:48.433 -04:00 [ERR] Error GetListAgencias
System.Net.Http.HttpRequestException: Response status code does not indicate success: 500 (Internal Server Error).
   at System.Net.Http.HttpResponseMessage.EnsureSuccessStatusCode()
   at ReportePrematch.Web.Services.Clients.ReportesService.CallWsReportesAsync(String metodo, Dictionary`2 parametros) in C:\Users\programacion\Desktop\ReportePrematch.Web\ReportePrematch.Web\Services\Clients\ReportesService.cs:line 62
   at ReportePrematch.Web.Services.Clients.ReportesService.GetListAgenciasAsync(String agente) in C:\Users\programacion\Desktop\ReportePrematch.Web\ReportePrematch.Web\Services\Clients\ReportesService.cs:line 447
2026-07-28 21:14:48.437 -04:00 [INF] HTTP POST /Reportes/GetListAgencias responded 200 in 254.2837 ms
2026-07-28 21:20:17.786 -04:00 [INF] Iniciando ReportePrematch.Web...
2026-07-28 21:20:21.333 -04:00 [INF] HTTP GET / responded 200 in 901.3232 ms
2026-07-28 21:21:15.437 -04:00 [INF] Login exitoso: vlapenta [Usuario suAdmin]
2026-07-28 21:21:15.449 -04:00 [INF] HTTP POST / responded 302 in 1295.8461 ms
2026-07-28 21:21:15.696 -04:00 [INF] HTTP GET /Reportes/VentasPorAgenteTaq responded 200 in 235.5399 ms
2026-07-28 21:21:16.397 -04:00 [INF] SOAP wsReportes → GetListAgencias
2026-07-28 21:21:16.706 -04:00 [ERR] Error SOAP wsReportes método GetListAgencias
System.Net.Http.HttpRequestException: Response status code does not indicate success: 500 (Internal Server Error).
   at System.Net.Http.HttpResponseMessage.EnsureSuccessStatusCode()
   at ReportePrematch.Web.Services.Clients.ReportesService.CallWsReportesAsync(String metodo, Dictionary`2 parametros) in C:\Users\programacion\Desktop\ReportePrematch.Web\ReportePrematch.Web\Services\Clients\ReportesService.cs:line 62
2026-07-28 21:21:16.838 -04:00 [ERR] Error GetListAgencias
System.Net.Http.HttpRequestException: Response status code does not indicate success: 500 (Internal Server Error).
   at System.Net.Http.HttpResponseMessage.EnsureSuccessStatusCode()
   at ReportePrematch.Web.Services.Clients.ReportesService.CallWsReportesAsync(String metodo, Dictionary`2 parametros) in C:\Users\programacion\Desktop\ReportePrematch.Web\ReportePrematch.Web\Services\Clients\ReportesService.cs:line 62
   at ReportePrematch.Web.Services.Clients.ReportesService.GetListAgenciasAsync(String agente) in C:\Users\programacion\Desktop\ReportePrematch.Web\ReportePrematch.Web\Services\Clients\ReportesService.cs:line 447
2026-07-28 21:21:16.850 -04:00 [INF] HTTP POST /Reportes/GetListAgencias responded 200 in 624.7921 ms
2026-07-28 21:22:41.293 -04:00 [INF] HTTP GET /Reportes/VentasPorAgenteTaq responded 200 in 41.1157 ms
2026-07-28 21:22:41.976 -04:00 [INF] SOAP wsReportes → GetListAgencias
2026-07-28 21:22:42.240 -04:00 [ERR] Error SOAP wsReportes método GetListAgencias
System.Net.Http.HttpRequestException: Response status code does not indicate success: 500 (Internal Server Error).
   at System.Net.Http.HttpResponseMessage.EnsureSuccessStatusCode()
   at ReportePrematch.Web.Services.Clients.ReportesService.CallWsReportesAsync(String metodo, Dictionary`2 parametros) in C:\Users\programacion\Desktop\ReportePrematch.Web\ReportePrematch.Web\Services\Clients\ReportesService.cs:line 62
2026-07-28 21:22:42.305 -04:00 [ERR] Error GetListAgencias
System.Net.Http.HttpRequestException: Response status code does not indicate success: 500 (Internal Server Error).
   at System.Net.Http.HttpResponseMessage.EnsureSuccessStatusCode()
   at ReportePrematch.Web.Services.Clients.ReportesService.CallWsReportesAsync(String metodo, Dictionary`2 parametros) in C:\Users\programacion\Desktop\ReportePrematch.Web\ReportePrematch.Web\Services\Clients\ReportesService.cs:line 62
   at ReportePrematch.Web.Services.Clients.ReportesService.GetListAgenciasAsync(String agente) in C:\Users\programacion\Desktop\ReportePrematch.Web\ReportePrematch.Web\Services\Clients\ReportesService.cs:line 447
2026-07-28 21:22:42.309 -04:00 [INF] HTTP POST /Reportes/GetListAgencias responded 200 in 333.3449 ms
2026-07-28 21:22:46.364 -04:00 [INF] HTTP POST /Reportes/DebugSoapAgencias responded 404 in 1.4795 ms
2026-07-28 21:22:51.206 -04:00 [INF] HTTP POST /Reportes/DebugSoapAgencias responded 404 in 0.4126 ms
2026-07-28 21:23:00.117 -04:00 [INF] SOAP wsReportes → GetListAgencias
2026-07-28 21:23:00.299 -04:00 [ERR] Error SOAP wsReportes método GetListAgencias
System.Net.Http.HttpRequestException: Response status code does not indicate success: 500 (Internal Server Error).
   at System.Net.Http.HttpResponseMessage.EnsureSuccessStatusCode()
   at ReportePrematch.Web.Services.Clients.ReportesService.CallWsReportesAsync(String metodo, Dictionary`2 parametros) in C:\Users\programacion\Desktop\ReportePrematch.Web\ReportePrematch.Web\Services\Clients\ReportesService.cs:line 62
2026-07-28 21:23:00.354 -04:00 [ERR] Error GetListAgencias
System.Net.Http.HttpRequestException: Response status code does not indicate success: 500 (Internal Server Error).
   at System.Net.Http.HttpResponseMessage.EnsureSuccessStatusCode()
   at ReportePrematch.Web.Services.Clients.ReportesService.CallWsReportesAsync(String metodo, Dictionary`2 parametros) in C:\Users\programacion\Desktop\ReportePrematch.Web\ReportePrematch.Web\Services\Clients\ReportesService.cs:line 62
   at ReportePrematch.Web.Services.Clients.ReportesService.GetListAgenciasAsync(String agente) in C:\Users\programacion\Desktop\ReportePrematch.Web\ReportePrematch.Web\Services\Clients\ReportesService.cs:line 447
2026-07-28 21:23:00.358 -04:00 [INF] HTTP POST /Reportes/GetListAgencias responded 200 in 242.2515 ms
2026-07-28 21:23:00.379 -04:00 [INF] HTTP POST /Reportes/DebugSoapAgencias responded 404 in 0.2512 ms
2026-07-28 23:27:28.637 -04:00 [INF] Iniciando ReportePrematch.Web...
2026-07-28 23:27:39.126 -04:00 [INF] HTTP GET / responded 200 in 885.8913 ms
2026-07-28 23:27:43.637 -04:00 [INF] HTTP GET /favicon.ico responded 404 in 10.7265 ms
2026-07-28 23:28:01.852 -04:00 [INF] Login exitoso: vlapenta [Usuario suAdmin]
2026-07-28 23:28:01.867 -04:00 [INF] HTTP POST / responded 302 in 970.0188 ms
2026-07-28 23:28:02.125 -04:00 [INF] HTTP GET /Reportes/VentasPorAgenteTaq responded 200 in 242.5843 ms
2026-07-28 23:28:03.696 -04:00 [INF] SOAP ejecutarQuerys db=2 sql[86]=SELECT DISTINCT UPPER(nombreagente) AS NombreAgente FROM Agentes ORDER BY NombreAgente
2026-07-28 23:28:04.110 -04:00 [ERR] Error SOAP ejecutarQuerys db=2
System.Net.Http.HttpRequestException: Response status code does not indicate success: 500 (Internal Server Error).
   at System.Net.Http.HttpResponseMessage.EnsureSuccessStatusCode()
   at ReportePrematch.Web.Services.Clients.ReportesService.EjecutarQuerysAsync(String sql, Int32 db) in C:\Users\programacion\Desktop\ReportePrematch.Web\ReportePrematch.Web\Services\Clients\ReportesService.cs:line 99
2026-07-28 23:28:04.407 -04:00 [ERR] Error GetListAgencias
System.Net.Http.HttpRequestException: Response status code does not indicate success: 500 (Internal Server Error).
   at System.Net.Http.HttpResponseMessage.EnsureSuccessStatusCode()
   at ReportePrematch.Web.Services.Clients.ReportesService.EjecutarQuerysAsync(String sql, Int32 db) in C:\Users\programacion\Desktop\ReportePrematch.Web\ReportePrematch.Web\Services\Clients\ReportesService.cs:line 99
   at ReportePrematch.Web.Services.Clients.ReportesService.GetListAgenciasAsync(String agente, String pais, String role) in C:\Users\programacion\Desktop\ReportePrematch.Web\ReportePrematch.Web\Services\Clients\ReportesService.cs:line 187
2026-07-28 23:28:04.444 -04:00 [INF] HTTP POST /Reportes/GetListAgencias responded 200 in 999.9021 ms
2026-07-28 23:28:09.983 -04:00 [INF] HTTP GET /Reportes/VentasPorAgenteTaq responded 200 in 9.8202 ms
2026-07-28 23:28:10.319 -04:00 [INF] SOAP ejecutarQuerys db=2 sql[86]=SELECT DISTINCT UPPER(nombreagente) AS NombreAgente FROM Agentes ORDER BY NombreAgente
2026-07-28 23:28:10.540 -04:00 [ERR] Error SOAP ejecutarQuerys db=2
System.Net.Http.HttpRequestException: Response status code does not indicate success: 500 (Internal Server Error).
   at System.Net.Http.HttpResponseMessage.EnsureSuccessStatusCode()
   at ReportePrematch.Web.Services.Clients.ReportesService.EjecutarQuerysAsync(String sql, Int32 db) in C:\Users\programacion\Desktop\ReportePrematch.Web\ReportePrematch.Web\Services\Clients\ReportesService.cs:line 99
2026-07-28 23:28:10.588 -04:00 [ERR] Error GetListAgencias
System.Net.Http.HttpRequestException: Response status code does not indicate success: 500 (Internal Server Error).
   at System.Net.Http.HttpResponseMessage.EnsureSuccessStatusCode()
   at ReportePrematch.Web.Services.Clients.ReportesService.EjecutarQuerysAsync(String sql, Int32 db) in C:\Users\programacion\Desktop\ReportePrematch.Web\ReportePrematch.Web\Services\Clients\ReportesService.cs:line 99
   at ReportePrematch.Web.Services.Clients.ReportesService.GetListAgenciasAsync(String agente, String pais, String role) in C:\Users\programacion\Desktop\ReportePrematch.Web\ReportePrematch.Web\Services\Clients\ReportesService.cs:line 187
2026-07-28 23:28:10.592 -04:00 [INF] HTTP POST /Reportes/GetListAgencias responded 200 in 274.0386 ms
2026-07-28 23:37:43.700 -04:00 [INF] Iniciando ReportePrematch.Web...
2026-07-28 23:37:48.637 -04:00 [INF] HTTP GET / responded 200 in 922.6293 ms
2026-07-28 23:37:51.079 -04:00 [INF] HTTP GET /favicon.ico responded 404 in 11.6011 ms
2026-07-28 23:38:00.095 -04:00 [INF] Login exitoso: vlapenta [Usuario suAdmin]
2026-07-28 23:38:00.110 -04:00 [INF] HTTP POST / responded 302 in 1236.1714 ms
2026-07-28 23:38:00.383 -04:00 [INF] HTTP GET /Reportes/VentasPorAgenteTaq responded 200 in 257.9745 ms
2026-07-28 23:38:01.293 -04:00 [INF] SOAP ejecutarQuerys db=2 sql[86]=SELECT DISTINCT UPPER(nombreagente) AS NombreAgente FROM Agentes ORDER BY NombreAgente
2026-07-28 23:38:01.605 -04:00 [ERR] Error SOAP ejecutarQuerys db=2
System.Net.Http.HttpRequestException: Response status code does not indicate success: 500 (Internal Server Error).
   at System.Net.Http.HttpResponseMessage.EnsureSuccessStatusCode()
   at ReportePrematch.Web.Services.Clients.ReportesService.EjecutarQuerysAsync(String sql, Int32 db) in C:\Users\programacion\Desktop\ReportePrematch.Web\ReportePrematch.Web\Services\Clients\ReportesService.cs:line 99
2026-07-28 23:38:01.763 -04:00 [ERR] Error GetListAgencias
System.Net.Http.HttpRequestException: Response status code does not indicate success: 500 (Internal Server Error).
   at System.Net.Http.HttpResponseMessage.EnsureSuccessStatusCode()
   at ReportePrematch.Web.Services.Clients.ReportesService.EjecutarQuerysAsync(String sql, Int32 db) in C:\Users\programacion\Desktop\ReportePrematch.Web\ReportePrematch.Web\Services\Clients\ReportesService.cs:line 99
   at ReportePrematch.Web.Services.Clients.ReportesService.GetListAgenciasAsync(String agente, String pais, String role) in C:\Users\programacion\Desktop\ReportePrematch.Web\ReportePrematch.Web\Services\Clients\ReportesService.cs:line 187
2026-07-28 23:38:01.778 -04:00 [INF] HTTP POST /Reportes/GetListAgencias responded 200 in 683.7191 ms
2026-07-28 23:38:22.382 -04:00 [INF] HTTP GET /Home/Dashboard responded 200 in 64.9833 ms
2026-07-28 23:38:27.013 -04:00 [ERR] Error GET+QS api/Reportes/VentasPorAgenteTaq
System.Net.Http.HttpRequestException: No se puede establecer una conexión ya que el equipo de destino denegó expresamente dicha conexión. (localhost:44322)
 ---> System.Net.Sockets.SocketException (10061): No se puede establecer una conexión ya que el equipo de destino denegó expresamente dicha conexión.
   at System.Net.Sockets.Socket.AwaitableSocketAsyncEventArgs.ThrowException(SocketError error, CancellationToken cancellationToken)
   at System.Net.Sockets.Socket.AwaitableSocketAsyncEventArgs.System.Threading.Tasks.Sources.IValueTaskSource.GetResult(Int16 token)
   at System.Net.Http.HttpConnectionPool.ConnectToTcpHostAsync(String host, Int32 port, HttpRequestMessage initialRequest, Boolean async, CancellationToken cancellationToken)
   --- End of inner exception stack trace ---
   at System.Net.Http.HttpConnectionPool.ConnectToTcpHostAsync(String host, Int32 port, HttpRequestMessage initialRequest, Boolean async, CancellationToken cancellationToken)
   at System.Net.Http.HttpConnectionPool.ConnectAsync(HttpRequestMessage request, Boolean async, CancellationToken cancellationToken)
   at System.Net.Http.HttpConnectionPool.CreateHttp11ConnectionAsync(HttpRequestMessage request, Boolean async, CancellationToken cancellationToken)
   at System.Net.Http.HttpConnectionPool.InjectNewHttp11ConnectionAsync(QueueItem queueItem)
   at System.Threading.Tasks.TaskCompletionSourceWithCancellation`1.WaitWithCancellationAsync(CancellationToken cancellationToken)
   at System.Net.Http.HttpConnectionWaiter`1.WaitForConnectionWithTelemetryAsync(HttpRequestMessage request, HttpConnectionPool pool, Boolean async, CancellationToken requestCancellationToken)
   at System.Net.Http.HttpConnectionPool.SendWithVersionDetectionAndRetryAsync(HttpRequestMessage request, Boolean async, Boolean doRequestAuth, CancellationToken cancellationToken)
   at System.Net.Http.DiagnosticsHandler.SendAsyncCore(HttpRequestMessage request, Boolean async, CancellationToken cancellationToken)
   at System.Net.Http.RedirectHandler.SendAsync(HttpRequestMessage request, Boolean async, CancellationToken cancellationToken)
   at System.Net.Http.SocketsHttpHandler.<SendAsync>g__CreateHandlerAndSendAsync|115_0(HttpRequestMessage request, CancellationToken cancellationToken)
   at Microsoft.Extensions.Http.Logging.LoggingHttpMessageHandler.<SendCoreAsync>g__Core|4_0(HttpRequestMessage request, Boolean useAsync, CancellationToken cancellationToken)
   at Microsoft.Extensions.Http.Logging.LoggingScopeHttpMessageHandler.<SendCoreAsync>g__Core|4_0(HttpRequestMessage request, Boolean useAsync, CancellationToken cancellationToken)
   at System.Net.Http.HttpClient.<SendAsync>g__Core|83_0(HttpRequestMessage request, HttpCompletionOption completionOption, CancellationTokenSource cts, Boolean disposeCts, CancellationTokenSource pendingRequestsCts, CancellationToken originalCancellationToken)
   at ReportePrematch.Web.Services.Clients.ApiClient.GetQueryAsync[T](String endpoint, Dictionary`2 query, CancellationToken ct) in C:\Users\programacion\Desktop\ReportePrematch.Web\ReportePrematch.Web\Services\Clients\ApiClient.cs:line 46
2026-07-28 23:39:00.693 -04:00 [INF] Iniciando ReportePrematch.Web...
2026-07-28 23:39:07.856 -04:00 [INF] HTTP GET / responded 200 in 2164.7520 ms
2026-07-28 23:39:14.396 -04:00 [INF] HTTP GET /favicon.ico responded 404 in 13.4550 ms
2026-07-28 23:40:21.078 -04:00 [INF] Login exitoso: vlapenta [Usuario suAdmin]
2026-07-28 23:40:21.124 -04:00 [INF] HTTP POST / responded 302 in 1615.5247 ms
2026-07-28 23:40:22.138 -04:00 [INF] HTTP GET /Reportes/VentasPorAgenteTaq responded 200 in 989.5212 ms
2026-07-28 23:40:28.244 -04:00 [INF] SOAP ejecutarQuerys db=2 sql[86]=SELECT DISTINCT UPPER(nombreagente) AS NombreAgente FROM Agentes ORDER BY NombreAgente
2026-07-28 23:40:29.282 -04:00 [ERR] Error SOAP ejecutarQuerys db=2
System.Net.Http.HttpRequestException: Response status code does not indicate success: 500 (Internal Server Error).
   at System.Net.Http.HttpResponseMessage.EnsureSuccessStatusCode()
   at ReportePrematch.Web.Services.Clients.ReportesService.EjecutarQuerysAsync(String sql, Int32 db) in C:\Users\programacion\Desktop\ReportePrematch.Web\ReportePrematch.Web\Services\Clients\ReportesService.cs:line 99
2026-07-28 23:40:30.402 -04:00 [ERR] Error GetListAgencias
System.Net.Http.HttpRequestException: Response status code does not indicate success: 500 (Internal Server Error).
   at System.Net.Http.HttpResponseMessage.EnsureSuccessStatusCode()
   at ReportePrematch.Web.Services.Clients.ReportesService.EjecutarQuerysAsync(String sql, Int32 db) in C:\Users\programacion\Desktop\ReportePrematch.Web\ReportePrematch.Web\Services\Clients\ReportesService.cs:line 99
   at ReportePrematch.Web.Services.Clients.ReportesService.GetListAgenciasAsync(String agente, String pais, String role) in C:\Users\programacion\Desktop\ReportePrematch.Web\ReportePrematch.Web\Services\Clients\ReportesService.cs:line 187
2026-07-28 23:40:31.543 -04:00 [INF] HTTP POST /Reportes/GetListAgencias responded 200 in 3468.0669 ms
2026-07-28 23:43:08.179 -04:00 [INF] HTTP GET /Home/Dashboard responded 200 in 82.2140 ms
2026-07-28 23:43:20.721 -04:00 [ERR] Error GET+QS api/Reportes/VentasPorAgenteTaq
System.Net.Http.HttpRequestException: An error occurred while sending the request.
 ---> System.IO.IOException: Unable to read data from the transport connection: Se ha forzado la interrupción de una conexión existente por el host remoto..
 ---> System.Net.Sockets.SocketException (10054): Se ha forzado la interrupción de una conexión existente por el host remoto.
   --- End of inner exception stack trace ---
   at System.Net.Sockets.Socket.AwaitableSocketAsyncEventArgs.ThrowException(SocketError error, CancellationToken cancellationToken)
   at System.Net.Sockets.Socket.AwaitableSocketAsyncEventArgs.System.Threading.Tasks.Sources.IValueTaskSource<System.Int32>.GetResult(Int16 token)
   at System.Net.Security.SslStream.EnsureFullTlsFrameAsync[TIOAdapter](CancellationToken cancellationToken, Int32 estimatedSize)
   at System.Runtime.CompilerServices.PoolingAsyncValueTaskMethodBuilder`1.StateMachineBox`1.System.Threading.Tasks.Sources.IValueTaskSource<TResult>.GetResult(Int16 token)
   at System.Net.Security.SslStream.ReadAsyncInternal[TIOAdapter](Memory`1 buffer, CancellationToken cancellationToken)
   at System.Runtime.CompilerServices.PoolingAsyncValueTaskMethodBuilder`1.StateMachineBox`1.System.Threading.Tasks.Sources.IValueTaskSource<TResult>.GetResult(Int16 token)
   at System.Net.Http.HttpConnection.InitialFillAsync(Boolean async)
   at System.Net.Http.HttpConnection.SendAsync(HttpRequestMessage request, Boolean async, CancellationToken cancellationToken)
   --- End of inner exception stack trace ---
   at System.Net.Http.HttpConnection.SendAsync(HttpRequestMessage request, Boolean async, CancellationToken cancellationToken)
   at System.Net.Http.HttpConnectionPool.SendWithVersionDetectionAndRetryAsync(HttpRequestMessage request, Boolean async, Boolean doRequestAuth, CancellationToken cancellationToken)
   at System.Net.Http.DiagnosticsHandler.SendAsyncCore(HttpRequestMessage request, Boolean async, CancellationToken cancellationToken)
   at System.Net.Http.RedirectHandler.SendAsync(HttpRequestMessage request, Boolean async, CancellationToken cancellationToken)
   at System.Net.Http.SocketsHttpHandler.<SendAsync>g__CreateHandlerAndSendAsync|115_0(HttpRequestMessage request, CancellationToken cancellationToken)
   at Microsoft.Extensions.Http.Logging.LoggingHttpMessageHandler.<SendCoreAsync>g__Core|4_0(HttpRequestMessage request, Boolean useAsync, CancellationToken cancellationToken)
   at Microsoft.Extensions.Http.Logging.LoggingScopeHttpMessageHandler.<SendCoreAsync>g__Core|4_0(HttpRequestMessage request, Boolean useAsync, CancellationToken cancellationToken)
   at System.Net.Http.HttpClient.<SendAsync>g__Core|83_0(HttpRequestMessage request, HttpCompletionOption completionOption, CancellationTokenSource cts, Boolean disposeCts, CancellationTokenSource pendingRequestsCts, CancellationToken originalCancellationToken)
   at ReportePrematch.Web.Services.Clients.ApiClient.GetQueryAsync[T](String endpoint, Dictionary`2 query, CancellationToken ct) in C:\Users\programacion\Desktop\ReportePrematch.Web\ReportePrematch.Web\Services\Clients\ApiClient.cs:line 46
2026-07-28 23:43:20.745 -04:00 [ERR] Error GET+QS api/Reportes/VentasPorAgenteWeb
System.Net.Http.HttpRequestException: An error occurred while sending the request.
 ---> System.IO.IOException: Unable to read data from the transport connection: Se ha forzado la interrupción de una conexión existente por el host remoto..
 ---> System.Net.Sockets.SocketException (10054): Se ha forzado la interrupción de una conexión existente por el host remoto.
   --- End of inner exception stack trace ---
   at System.Net.Sockets.Socket.AwaitableSocketAsyncEventArgs.ThrowException(SocketError error, CancellationToken cancellationToken)
   at System.Net.Sockets.Socket.AwaitableSocketAsyncEventArgs.System.Threading.Tasks.Sources.IValueTaskSource<System.Int32>.GetResult(Int16 token)
   at System.Net.Security.SslStream.EnsureFullTlsFrameAsync[TIOAdapter](CancellationToken cancellationToken, Int32 estimatedSize)
   at System.Runtime.CompilerServices.PoolingAsyncValueTaskMethodBuilder`1.StateMachineBox`1.System.Threading.Tasks.Sources.IValueTaskSource<TResult>.GetResult(Int16 token)
   at System.Net.Security.SslStream.ReadAsyncInternal[TIOAdapter](Memory`1 buffer, CancellationToken cancellationToken)
   at System.Runtime.CompilerServices.PoolingAsyncValueTaskMethodBuilder`1.StateMachineBox`1.System.Threading.Tasks.Sources.IValueTaskSource<TResult>.GetResult(Int16 token)
   at System.Net.Http.HttpConnection.InitialFillAsync(Boolean async)
   at System.Net.Http.HttpConnection.SendAsync(HttpRequestMessage request, Boolean async, CancellationToken cancellationToken)
   --- End of inner exception stack trace ---
   at System.Net.Http.HttpConnection.SendAsync(HttpRequestMessage request, Boolean async, CancellationToken cancellationToken)
   at System.Net.Http.HttpConnectionPool.SendWithVersionDetectionAndRetryAsync(HttpRequestMessage request, Boolean async, Boolean doRequestAuth, CancellationToken cancellationToken)
   at System.Net.Http.DiagnosticsHandler.SendAsyncCore(HttpRequestMessage request, Boolean async, CancellationToken cancellationToken)
   at System.Net.Http.RedirectHandler.SendAsync(HttpRequestMessage request, Boolean async, CancellationToken cancellationToken)
   at Microsoft.Extensions.Http.Logging.LoggingHttpMessageHandler.<SendCoreAsync>g__Core|4_0(HttpRequestMessage request, Boolean useAsync, CancellationToken cancellationToken)
   at Microsoft.Extensions.Http.Logging.LoggingScopeHttpMessageHandler.<SendCoreAsync>g__Core|4_0(HttpRequestMessage request, Boolean useAsync, CancellationToken cancellationToken)
   at System.Net.Http.HttpClient.<SendAsync>g__Core|83_0(HttpRequestMessage request, HttpCompletionOption completionOption, CancellationTokenSource cts, Boolean disposeCts, CancellationTokenSource pendingRequestsCts, CancellationToken originalCancellationToken)
   at ReportePrematch.Web.Services.Clients.ApiClient.GetQueryAsync[T](String endpoint, Dictionary`2 query, CancellationToken ct) in C:\Users\programacion\Desktop\ReportePrematch.Web\ReportePrematch.Web\Services\Clients\ApiClient.cs:line 46
2026-07-28 23:43:42.697 -04:00 [INF] Iniciando ReportePrematch.Web...
2026-07-28 23:43:48.034 -04:00 [INF] HTTP GET / responded 200 in 2212.7960 ms
2026-07-28 23:43:55.569 -04:00 [INF] HTTP GET /favicon.ico responded 404 in 9.5351 ms
2026-07-28 23:44:24.857 -04:00 [INF] Login exitoso: vlapenta [Usuario suAdmin]
2026-07-28 23:44:24.882 -04:00 [INF] HTTP POST / responded 302 in 1162.6824 ms
2026-07-28 23:44:25.355 -04:00 [INF] HTTP GET /Reportes/VentasPorAgenteTaq responded 200 in 454.6190 ms
2026-07-28 23:44:26.237 -04:00 [INF] SOAP ejecutarQuerys db=2 sql[86]=SELECT DISTINCT UPPER(nombreagente) AS NombreAgente FROM Agentes ORDER BY NombreAgente
2026-07-28 23:44:26.672 -04:00 [ERR] Error SOAP ejecutarQuerys db=2
System.Net.Http.HttpRequestException: Response status code does not indicate success: 500 (Internal Server Error).
   at System.Net.Http.HttpResponseMessage.EnsureSuccessStatusCode()
   at ReportePrematch.Web.Services.Clients.ReportesService.EjecutarQuerysAsync(String sql, Int32 db) in C:\Users\programacion\Desktop\ReportePrematch.Web\ReportePrematch.Web\Services\Clients\ReportesService.cs:line 99
2026-07-28 23:44:27.019 -04:00 [ERR] Error GetListAgencias
System.Net.Http.HttpRequestException: Response status code does not indicate success: 500 (Internal Server Error).
   at System.Net.Http.HttpResponseMessage.EnsureSuccessStatusCode()
   at ReportePrematch.Web.Services.Clients.ReportesService.EjecutarQuerysAsync(String sql, Int32 db) in C:\Users\programacion\Desktop\ReportePrematch.Web\ReportePrematch.Web\Services\Clients\ReportesService.cs:line 99
   at ReportePrematch.Web.Services.Clients.ReportesService.GetListAgenciasAsync(String agente, String pais, String role) in C:\Users\programacion\Desktop\ReportePrematch.Web\ReportePrematch.Web\Services\Clients\ReportesService.cs:line 187
2026-07-28 23:44:27.383 -04:00 [INF] HTTP POST /Reportes/GetListAgencias responded 200 in 1322.0398 ms
