2026-07-29 00:17:46.646 -04:00 [INF] Iniciando ReportePrematch.Web...
2026-07-29 00:17:51.226 -04:00 [INF] HTTP GET / responded 200 in 719.4633 ms
2026-07-29 00:18:04.379 -04:00 [INF] Login exitoso: vlapenta [Usuario suAdmin]
2026-07-29 00:18:04.394 -04:00 [INF] HTTP POST / responded 302 in 1125.0154 ms
2026-07-29 00:18:04.651 -04:00 [INF] HTTP GET /Reportes/VentasPorAgenteTaq responded 200 in 240.0113 ms
2026-07-29 00:18:07.070 -04:00 [INF] HTTP POST /Reportes/GetListAgencias responded 200 in 1779.4215 ms
2026-07-29 00:19:19.104 -04:00 [INF] HTTP POST /Reportes/GetVentasPorAgenteTaq responded 200 in 1872.8851 ms
2026-07-29 00:20:49.165 -04:00 [INF] HTTP POST /Reportes/GetVentasPorAgenteTaq responded 200 in 408.5369 ms
2026-07-29 00:27:15.189 -04:00 [INF] Iniciando ReportePrematch.Web...
2026-07-29 00:27:18.947 -04:00 [INF] HTTP GET / responded 200 in 851.6695 ms
2026-07-29 00:27:35.979 -04:00 [INF] Login exitoso: vlapenta [Usuario suAdmin]
2026-07-29 00:27:35.999 -04:00 [INF] HTTP POST / responded 302 in 1216.6532 ms
2026-07-29 00:27:36.461 -04:00 [INF] HTTP GET /Reportes/VentasPorAgenteTaq responded 200 in 436.4787 ms
2026-07-29 00:27:41.641 -04:00 [INF] HTTP POST /Reportes/GetListAgencias responded 200 in 4416.4914 ms
2026-07-29 00:28:45.120 -04:00 [INF] HTTP POST /Reportes/GetVentasPorAgenteTaq responded 200 in 381.9744 ms
2026-07-29 00:30:20.743 -04:00 [INF] HTTP GET /Reportes/VentasPorAgenteTaq responded 200 in 55.6841 ms
2026-07-29 00:30:22.047 -04:00 [INF] HTTP POST /Reportes/GetListAgencias responded 200 in 780.8199 ms
2026-07-29 00:30:55.347 -04:00 [INF] HTTP POST /Reportes/GetVentasPorAgenteTaq responded 200 in 269.5823 ms
2026-07-29 00:31:08.028 -04:00 [INF] HTTP POST /Reportes/GetVentasPorAgenteTaq responded 200 in 910.6799 ms
2026-07-29 00:31:18.140 -04:00 [INF] HTTP POST /Reportes/GetVentasPorAgenteTaq responded 200 in 208.5643 ms
2026-07-29 00:32:02.934 -04:00 [INF] HTTP GET /Reportes/VentasPorAgenteWeb responded 200 in 33.4527 ms
2026-07-29 00:32:11.868 -04:00 [ERR] Error GET+QS api/Reportes/VentasPorAgenteWeb
System.Net.Http.HttpRequestException: An error occurred while sending the request.
 ---> System.IO.IOException: Unable to read data from the transport connection: Se ha forzado la interrupción de una conexión existente por el host remoto..
 ---> System.Net.Sockets.SocketException (10054): Se ha forzado la interrupción de una conexión existente por el host remoto.
   --- End of inner exception stack trace ---
   at System.Net.Sockets.Socket.AwaitableSocketAsyncEventArgs.ThrowException(SocketError error, CancellationToken cancellationToken)
   at System.Net.Sockets.Socket.AwaitableSocketAsyncEventArgs.System.Threading.Tasks.Sources.IValueTaskSource<System.Int32>.GetResult(Int16 token)
   at System.Net.Security.SslStream.EnsureFullTlsFrameAsync[TIOAdapter](CancellationToken cancellationToken, Int32 estimatedSize)
   at System.Runtime.CompilerServices.PoolingAsyncValueTaskMethodBuilder`1.StateMachineBox`1.System.Threading.Tasks.Sources.IValueTaskSource<TResult>.GetResult(Int16 token)
   at System.Net.Security.SslStream.ReadAsyncInternal[TIOAdapter](Memory`1 buffer, CancellationToken cancellationToken)
   at System.Runtime.CompilerServices.PoolingAsyncValueTaskMethodBuilder`1.StateMachineBox`1.System.Threading.Tasks.Sources.IValueTaskSource<TResult>.GetResult(Int16 token)
   at System.Net.Http.HttpConnection.<CheckUsabilityOnScavenge>g__ReadAheadWithZeroByteReadAsync|39_0()
   at System.Net.Http.HttpConnection.SendAsync(HttpRequestMessage request, Boolean async, CancellationToken cancellationToken)
   --- End of inner exception stack trace ---
   at System.Net.Http.HttpConnection.SendAsync(HttpRequestMessage request, Boolean async, CancellationToken cancellationToken)
   at System.Net.Http.HttpConnectionPool.SendWithVersionDetectionAndRetryAsync(HttpRequestMessage request, Boolean async, Boolean doRequestAuth, CancellationToken cancellationToken)
   at System.Net.Http.DiagnosticsHandler.SendAsyncCore(HttpRequestMessage request, Boolean async, CancellationToken cancellationToken)
   at System.Net.Http.RedirectHandler.SendAsync(HttpRequestMessage request, Boolean async, CancellationToken cancellationToken)
   at Microsoft.Extensions.Http.Logging.LoggingHttpMessageHandler.<SendCoreAsync>g__Core|4_0(HttpRequestMessage request, Boolean useAsync, CancellationToken cancellationToken)
   at Microsoft.Extensions.Http.Logging.LoggingScopeHttpMessageHandler.<SendCoreAsync>g__Core|4_0(HttpRequestMessage request, Boolean useAsync, CancellationToken cancellationToken)
   at System.Net.Http.HttpClient.<SendAsync>g__Core|83_0(HttpRequestMessage request, HttpCompletionOption completionOption, CancellationTokenSource cts, Boolean disposeCts, CancellationTokenSource pendingRequestsCts, CancellationToken originalCancellationToken)
   at ReportePrematch.Web.Services.Clients.ApiClient.GetQueryAsync[T](String endpoint, Dictionary`2 query, CancellationToken ct) in C:\Users\programacion\Desktop\ReportePrematch.Web\ReportePrematch.Web\Services\Clients\ApiClient.cs:line 46
2026-07-29 00:33:42.283 -04:00 [INF] Iniciando ReportePrematch.Web...
2026-07-29 00:33:58.249 -04:00 [INF] HTTP GET / responded 200 in 2074.4054 ms
2026-07-29 00:34:12.565 -04:00 [INF] HTTP GET /favicon.ico responded 404 in 7.9199 ms
2026-07-29 00:42:02.797 -04:00 [INF] Iniciando ReportePrematch.Web...
2026-07-29 00:42:29.324 -04:00 [INF] Iniciando ReportePrematch.Web...
2026-07-29 00:42:34.279 -04:00 [INF] HTTP GET / responded 200 in 809.1636 ms
2026-07-29 00:42:37.381 -04:00 [INF] HTTP GET /favicon.ico responded 404 in 7.0466 ms
2026-07-29 00:43:06.915 -04:00 [WRN] ADWS Login: credenciales inválidas (Mensaje=-1) para vlapenta
2026-07-29 00:43:06.925 -04:00 [WRN] Login fallido para usuario vlapenta
2026-07-29 00:43:06.951 -04:00 [INF] HTTP POST / responded 200 in 1172.0875 ms
2026-07-29 00:43:13.982 -04:00 [INF] Login exitoso: vlapenta [Usuario suAdmin]
2026-07-29 00:43:13.987 -04:00 [INF] HTTP POST / responded 302 in 252.8166 ms
2026-07-29 00:43:14.306 -04:00 [INF] HTTP GET /Reportes/VentasPorAgenteTaq responded 200 in 305.9171 ms
2026-07-29 00:43:20.169 -04:00 [INF] HTTP POST /Reportes/GetListAgencias responded 200 in 5292.6753 ms
2026-07-29 00:43:45.653 -04:00 [INF] HTTP POST /Reportes/GetVentasPorAgenteTaq responded 200 in 554.1275 ms
2026-07-29 00:43:55.598 -04:00 [INF] HTTP GET /Reportes/VentasPorAgenteWeb responded 200 in 89.6236 ms
2026-07-29 00:45:40.087 -04:00 [ERR] Error GET+QS api/Reportes/VentasPorAgenteWeb
System.Net.Http.HttpRequestException: An error occurred while sending the request.
 ---> System.IO.IOException: Unable to read data from the transport connection: Se ha forzado la interrupción de una conexión existente por el host remoto..
 ---> System.Net.Sockets.SocketException (10054): Se ha forzado la interrupción de una conexión existente por el host remoto.
   --- End of inner exception stack trace ---
   at System.Net.Sockets.Socket.AwaitableSocketAsyncEventArgs.ThrowException(SocketError error, CancellationToken cancellationToken)
   at System.Net.Sockets.Socket.AwaitableSocketAsyncEventArgs.System.Threading.Tasks.Sources.IValueTaskSource<System.Int32>.GetResult(Int16 token)
   at System.Net.Security.SslStream.EnsureFullTlsFrameAsync[TIOAdapter](CancellationToken cancellationToken, Int32 estimatedSize)
   at System.Runtime.CompilerServices.PoolingAsyncValueTaskMethodBuilder`1.StateMachineBox`1.System.Threading.Tasks.Sources.IValueTaskSource<TResult>.GetResult(Int16 token)
   at System.Net.Security.SslStream.ReadAsyncInternal[TIOAdapter](Memory`1 buffer, CancellationToken cancellationToken)
   at System.Runtime.CompilerServices.PoolingAsyncValueTaskMethodBuilder`1.StateMachineBox`1.System.Threading.Tasks.Sources.IValueTaskSource<TResult>.GetResult(Int16 token)
   at System.Net.Http.HttpConnection.InitialFillAsync(Boolean async)
   at System.Net.Http.HttpConnection.SendAsync(HttpRequestMessage request, Boolean async, CancellationToken cancellationToken)
   --- End of inner exception stack trace ---
   at System.Net.Http.HttpConnection.SendAsync(HttpRequestMessage request, Boolean async, CancellationToken cancellationToken)
   at System.Net.Http.HttpConnectionPool.SendWithVersionDetectionAndRetryAsync(HttpRequestMessage request, Boolean async, Boolean doRequestAuth, CancellationToken cancellationToken)
   at System.Net.Http.DiagnosticsHandler.SendAsyncCore(HttpRequestMessage request, Boolean async, CancellationToken cancellationToken)
   at System.Net.Http.RedirectHandler.SendAsync(HttpRequestMessage request, Boolean async, CancellationToken cancellationToken)
   at Microsoft.Extensions.Http.Logging.LoggingHttpMessageHandler.<SendCoreAsync>g__Core|4_0(HttpRequestMessage request, Boolean useAsync, CancellationToken cancellationToken)
   at Microsoft.Extensions.Http.Logging.LoggingScopeHttpMessageHandler.<SendCoreAsync>g__Core|4_0(HttpRequestMessage request, Boolean useAsync, CancellationToken cancellationToken)
   at System.Net.Http.HttpClient.<SendAsync>g__Core|83_0(HttpRequestMessage request, HttpCompletionOption completionOption, CancellationTokenSource cts, Boolean disposeCts, CancellationTokenSource pendingRequestsCts, CancellationToken originalCancellationToken)
   at ReportePrematch.Web.Services.Clients.ApiClient.GetQueryAsync[T](String endpoint, Dictionary`2 query, CancellationToken ct) in C:\Users\programacion\Desktop\ReportePrematch.Web\ReportePrematch.Web\Services\Clients\ApiClient.cs:line 46
2026-07-29 00:53:47.218 -04:00 [INF] Iniciando ReportePrematch.Web...
2026-07-29 00:54:17.503 -04:00 [INF] Iniciando ReportePrematch.Web...
2026-07-29 00:54:21.567 -04:00 [INF] HTTP GET / responded 200 in 736.7717 ms
2026-07-29 00:54:23.236 -04:00 [INF] HTTP GET /favicon.ico responded 404 in 15.2506 ms
2026-07-29 00:54:50.774 -04:00 [INF] Login exitoso: vlapenta [Usuario suAdmin]
2026-07-29 00:54:50.784 -04:00 [INF] HTTP POST / responded 302 in 1106.1790 ms
2026-07-29 00:54:51.034 -04:00 [INF] HTTP GET /Reportes/VentasPorAgenteTaq responded 200 in 236.4683 ms
2026-07-29 00:54:55.712 -04:00 [INF] HTTP POST /Reportes/GetListAgencias responded 200 in 4027.4628 ms
2026-07-29 00:55:02.990 -04:00 [INF] HTTP GET /Reportes/VentasPorAgenteWeb responded 200 in 45.1990 ms
2026-07-29 00:55:04.082 -04:00 [INF] HTTP POST /Reportes/GetListAgencias responded 200 in 818.1625 ms
2026-07-29 00:55:46.504 -04:00 [INF] HTTP POST /Reportes/GetVentasPorAgenteWeb responded 200 in 577.0329 ms
2026-07-29 01:00:33.129 -04:00 [INF] Iniciando ReportePrematch.Web...
2026-07-29 01:00:39.421 -04:00 [INF] HTTP GET / responded 200 in 1939.7898 ms
2026-07-29 01:00:43.700 -04:00 [INF] HTTP GET /favicon.ico responded 404 in 8.5644 ms
2026-07-29 01:00:55.398 -04:00 [INF] Login exitoso: vlapenta [Usuario suAdmin]
2026-07-29 01:00:55.415 -04:00 [INF] HTTP POST / responded 302 in 1123.3636 ms
2026-07-29 01:00:55.664 -04:00 [INF] HTTP GET /Reportes/VentasPorAgenteTaq responded 200 in 233.2231 ms
2026-07-29 01:01:00.879 -04:00 [ERR] Error GET api/Reportes/ListaAgentes
System.Net.Http.HttpRequestException: No se puede establecer una conexión ya que el equipo de destino denegó expresamente dicha conexión. (localhost:44322)
 ---> System.Net.Sockets.SocketException (10061): No se puede establecer una conexión ya que el equipo de destino denegó expresamente dicha conexión.
   at System.Net.Sockets.Socket.AwaitableSocketAsyncEventArgs.ThrowException(SocketError error, CancellationToken cancellationToken)
   at System.Net.Sockets.Socket.AwaitableSocketAsyncEventArgs.System.Threading.Tasks.Sources.IValueTaskSource.GetResult(Int16 token)
   at System.Net.Http.HttpConnectionPool.ConnectToTcpHostAsync(String host, Int32 port, HttpRequestMessage initialRequest, Boolean async, CancellationToken cancellationToken)
   --- End of inner exception stack trace ---
   at System.Net.Http.HttpConnectionPool.ConnectToTcpHostAsync(String host, Int32 port, HttpRequestMessage initialRequest, Boolean async, CancellationToken cancellationToken)
   at System.Net.Http.HttpConnectionPool.ConnectAsync(HttpRequestMessage request, Boolean async, CancellationToken cancellationToken)
   at System.Net.Http.HttpConnectionPool.CreateHttp11ConnectionAsync(HttpRequestMessage request, Boolean async, CancellationToken cancellationToken)
   at System.Net.Http.HttpConnectionPool.InjectNewHttp11ConnectionAsync(QueueItem queueItem)
   at System.Threading.Tasks.TaskCompletionSourceWithCancellation`1.WaitWithCancellationAsync(CancellationToken cancellationToken)
   at System.Net.Http.HttpConnectionWaiter`1.WaitForConnectionWithTelemetryAsync(HttpRequestMessage request, HttpConnectionPool pool, Boolean async, CancellationToken requestCancellationToken)
   at System.Net.Http.HttpConnectionPool.SendWithVersionDetectionAndRetryAsync(HttpRequestMessage request, Boolean async, Boolean doRequestAuth, CancellationToken cancellationToken)
   at System.Net.Http.DiagnosticsHandler.SendAsyncCore(HttpRequestMessage request, Boolean async, CancellationToken cancellationToken)
   at System.Net.Http.RedirectHandler.SendAsync(HttpRequestMessage request, Boolean async, CancellationToken cancellationToken)
   at System.Net.Http.SocketsHttpHandler.<SendAsync>g__CreateHandlerAndSendAsync|115_0(HttpRequestMessage request, CancellationToken cancellationToken)
   at Microsoft.Extensions.Http.Logging.LoggingHttpMessageHandler.<SendCoreAsync>g__Core|4_0(HttpRequestMessage request, Boolean useAsync, CancellationToken cancellationToken)
   at Microsoft.Extensions.Http.Logging.LoggingScopeHttpMessageHandler.<SendCoreAsync>g__Core|4_0(HttpRequestMessage request, Boolean useAsync, CancellationToken cancellationToken)
   at System.Net.Http.HttpClient.<SendAsync>g__Core|83_0(HttpRequestMessage request, HttpCompletionOption completionOption, CancellationTokenSource cts, Boolean disposeCts, CancellationTokenSource pendingRequestsCts, CancellationToken originalCancellationToken)
   at ReportePrematch.Web.Services.Clients.ApiClient.GetAsync[T](String endpoint, CancellationToken ct) in C:\Users\programacion\Desktop\ReportePrematch.Web\ReportePrematch.Web\Services\Clients\ApiClient.cs:line 23
2026-07-29 01:01:01.132 -04:00 [ERR] Error GetListAgencias via API
System.Net.Http.HttpRequestException: No se puede establecer una conexión ya que el equipo de destino denegó expresamente dicha conexión. (localhost:44322)
 ---> System.Net.Sockets.SocketException (10061): No se puede establecer una conexión ya que el equipo de destino denegó expresamente dicha conexión.
   at System.Net.Sockets.Socket.AwaitableSocketAsyncEventArgs.ThrowException(SocketError error, CancellationToken cancellationToken)
   at System.Net.Sockets.Socket.AwaitableSocketAsyncEventArgs.System.Threading.Tasks.Sources.IValueTaskSource.GetResult(Int16 token)
   at System.Net.Http.HttpConnectionPool.ConnectToTcpHostAsync(String host, Int32 port, HttpRequestMessage initialRequest, Boolean async, CancellationToken cancellationToken)
   --- End of inner exception stack trace ---
   at System.Net.Http.HttpConnectionPool.ConnectToTcpHostAsync(String host, Int32 port, HttpRequestMessage initialRequest, Boolean async, CancellationToken cancellationToken)
   at System.Net.Http.HttpConnectionPool.ConnectAsync(HttpRequestMessage request, Boolean async, CancellationToken cancellationToken)
   at System.Net.Http.HttpConnectionPool.CreateHttp11ConnectionAsync(HttpRequestMessage request, Boolean async, CancellationToken cancellationToken)
   at System.Net.Http.HttpConnectionPool.InjectNewHttp11ConnectionAsync(QueueItem queueItem)
   at System.Threading.Tasks.TaskCompletionSourceWithCancellation`1.WaitWithCancellationAsync(CancellationToken cancellationToken)
   at System.Net.Http.HttpConnectionWaiter`1.WaitForConnectionWithTelemetryAsync(HttpRequestMessage request, HttpConnectionPool pool, Boolean async, CancellationToken requestCancellationToken)
   at System.Net.Http.HttpConnectionPool.SendWithVersionDetectionAndRetryAsync(HttpRequestMessage request, Boolean async, Boolean doRequestAuth, CancellationToken cancellationToken)
   at System.Net.Http.DiagnosticsHandler.SendAsyncCore(HttpRequestMessage request, Boolean async, CancellationToken cancellationToken)
   at System.Net.Http.RedirectHandler.SendAsync(HttpRequestMessage request, Boolean async, CancellationToken cancellationToken)
   at System.Net.Http.SocketsHttpHandler.<SendAsync>g__CreateHandlerAndSendAsync|115_0(HttpRequestMessage request, CancellationToken cancellationToken)
   at Microsoft.Extensions.Http.Logging.LoggingHttpMessageHandler.<SendCoreAsync>g__Core|4_0(HttpRequestMessage request, Boolean useAsync, CancellationToken cancellationToken)
   at Microsoft.Extensions.Http.Logging.LoggingScopeHttpMessageHandler.<SendCoreAsync>g__Core|4_0(HttpRequestMessage request, Boolean useAsync, CancellationToken cancellationToken)
   at System.Net.Http.HttpClient.<SendAsync>g__Core|83_0(HttpRequestMessage request, HttpCompletionOption completionOption, CancellationTokenSource cts, Boolean disposeCts, CancellationTokenSource pendingRequestsCts, CancellationToken originalCancellationToken)
   at ReportePrematch.Web.Services.Clients.ApiClient.GetAsync[T](String endpoint, CancellationToken ct) in C:\Users\programacion\Desktop\ReportePrematch.Web\ReportePrematch.Web\Services\Clients\ApiClient.cs:line 23
   at ReportePrematch.Web.Services.Clients.ReportesService.GetListAgenciasAsync(String agente, String pais, String role) in C:\Users\programacion\Desktop\ReportePrematch.Web\ReportePrematch.Web\Services\Clients\ReportesService.cs:line 192
2026-07-29 01:01:01.181 -04:00 [INF] HTTP POST /Reportes/GetListAgencias responded 200 in 4924.6722 ms
2026-07-29 01:01:20.673 -04:00 [INF] HTTP GET /Reportes/VentasPorAgenteWeb responded 200 in 41.4908 ms
2026-07-29 01:01:25.172 -04:00 [ERR] Error GET api/Reportes/ListaAgentes
System.Net.Http.HttpRequestException: No se puede establecer una conexión ya que el equipo de destino denegó expresamente dicha conexión. (localhost:44322)
 ---> System.Net.Sockets.SocketException (10061): No se puede establecer una conexión ya que el equipo de destino denegó expresamente dicha conexión.
   at System.Net.Sockets.Socket.AwaitableSocketAsyncEventArgs.ThrowException(SocketError error, CancellationToken cancellationToken)
   at System.Net.Sockets.Socket.AwaitableSocketAsyncEventArgs.System.Threading.Tasks.Sources.IValueTaskSource.GetResult(Int16 token)
   at System.Net.Http.HttpConnectionPool.ConnectToTcpHostAsync(String host, Int32 port, HttpRequestMessage initialRequest, Boolean async, CancellationToken cancellationToken)
   --- End of inner exception stack trace ---
   at System.Net.Http.HttpConnectionPool.ConnectToTcpHostAsync(String host, Int32 port, HttpRequestMessage initialRequest, Boolean async, CancellationToken cancellationToken)
   at System.Net.Http.HttpConnectionPool.ConnectAsync(HttpRequestMessage request, Boolean async, CancellationToken cancellationToken)
   at System.Net.Http.HttpConnectionPool.CreateHttp11ConnectionAsync(HttpRequestMessage request, Boolean async, CancellationToken cancellationToken)
   at System.Net.Http.HttpConnectionPool.InjectNewHttp11ConnectionAsync(QueueItem queueItem)
   at System.Threading.Tasks.TaskCompletionSourceWithCancellation`1.WaitWithCancellationAsync(CancellationToken cancellationToken)
   at System.Net.Http.HttpConnectionWaiter`1.WaitForConnectionWithTelemetryAsync(HttpRequestMessage request, HttpConnectionPool pool, Boolean async, CancellationToken requestCancellationToken)
   at System.Net.Http.HttpConnectionPool.SendWithVersionDetectionAndRetryAsync(HttpRequestMessage request, Boolean async, Boolean doRequestAuth, CancellationToken cancellationToken)
   at System.Net.Http.DiagnosticsHandler.SendAsyncCore(HttpRequestMessage request, Boolean async, CancellationToken cancellationToken)
   at System.Net.Http.RedirectHandler.SendAsync(HttpRequestMessage request, Boolean async, CancellationToken cancellationToken)
   at Microsoft.Extensions.Http.Logging.LoggingHttpMessageHandler.<SendCoreAsync>g__Core|4_0(HttpRequestMessage request, Boolean useAsync, CancellationToken cancellationToken)
   at Microsoft.Extensions.Http.Logging.LoggingScopeHttpMessageHandler.<SendCoreAsync>g__Core|4_0(HttpRequestMessage request, Boolean useAsync, CancellationToken cancellationToken)
   at System.Net.Http.HttpClient.<SendAsync>g__Core|83_0(HttpRequestMessage request, HttpCompletionOption completionOption, CancellationTokenSource cts, Boolean disposeCts, CancellationTokenSource pendingRequestsCts, CancellationToken originalCancellationToken)
   at ReportePrematch.Web.Services.Clients.ApiClient.GetAsync[T](String endpoint, CancellationToken ct) in C:\Users\programacion\Desktop\ReportePrematch.Web\ReportePrematch.Web\Services\Clients\ApiClient.cs:line 23
2026-07-29 01:01:25.311 -04:00 [ERR] Error GetListAgencias via API
System.Net.Http.HttpRequestException: No se puede establecer una conexión ya que el equipo de destino denegó expresamente dicha conexión. (localhost:44322)
 ---> System.Net.Sockets.SocketException (10061): No se puede establecer una conexión ya que el equipo de destino denegó expresamente dicha conexión.
   at System.Net.Sockets.Socket.AwaitableSocketAsyncEventArgs.ThrowException(SocketError error, CancellationToken cancellationToken)
   at System.Net.Sockets.Socket.AwaitableSocketAsyncEventArgs.System.Threading.Tasks.Sources.IValueTaskSource.GetResult(Int16 token)
   at System.Net.Http.HttpConnectionPool.ConnectToTcpHostAsync(String host, Int32 port, HttpRequestMessage initialRequest, Boolean async, CancellationToken cancellationToken)
   --- End of inner exception stack trace ---
   at System.Net.Http.HttpConnectionPool.ConnectToTcpHostAsync(String host, Int32 port, HttpRequestMessage initialRequest, Boolean async, CancellationToken cancellationToken)
   at System.Net.Http.HttpConnectionPool.ConnectAsync(HttpRequestMessage request, Boolean async, CancellationToken cancellationToken)
   at System.Net.Http.HttpConnectionPool.CreateHttp11ConnectionAsync(HttpRequestMessage request, Boolean async, CancellationToken cancellationToken)
   at System.Net.Http.HttpConnectionPool.InjectNewHttp11ConnectionAsync(QueueItem queueItem)
   at System.Threading.Tasks.TaskCompletionSourceWithCancellation`1.WaitWithCancellationAsync(CancellationToken cancellationToken)
   at System.Net.Http.HttpConnectionWaiter`1.WaitForConnectionWithTelemetryAsync(HttpRequestMessage request, HttpConnectionPool pool, Boolean async, CancellationToken requestCancellationToken)
   at System.Net.Http.HttpConnectionPool.SendWithVersionDetectionAndRetryAsync(HttpRequestMessage request, Boolean async, Boolean doRequestAuth, CancellationToken cancellationToken)
   at System.Net.Http.DiagnosticsHandler.SendAsyncCore(HttpRequestMessage request, Boolean async, CancellationToken cancellationToken)
   at System.Net.Http.RedirectHandler.SendAsync(HttpRequestMessage request, Boolean async, CancellationToken cancellationToken)
   at Microsoft.Extensions.Http.Logging.LoggingHttpMessageHandler.<SendCoreAsync>g__Core|4_0(HttpRequestMessage request, Boolean useAsync, CancellationToken cancellationToken)
   at Microsoft.Extensions.Http.Logging.LoggingScopeHttpMessageHandler.<SendCoreAsync>g__Core|4_0(HttpRequestMessage request, Boolean useAsync, CancellationToken cancellationToken)
   at System.Net.Http.HttpClient.<SendAsync>g__Core|83_0(HttpRequestMessage request, HttpCompletionOption completionOption, CancellationTokenSource cts, Boolean disposeCts, CancellationTokenSource pendingRequestsCts, CancellationToken originalCancellationToken)
   at ReportePrematch.Web.Services.Clients.ApiClient.GetAsync[T](String endpoint, CancellationToken ct) in C:\Users\programacion\Desktop\ReportePrematch.Web\ReportePrematch.Web\Services\Clients\ApiClient.cs:line 23
   at ReportePrematch.Web.Services.Clients.ReportesService.GetListAgenciasAsync(String agente, String pais, String role) in C:\Users\programacion\Desktop\ReportePrematch.Web\ReportePrematch.Web\Services\Clients\ReportesService.cs:line 192
2026-07-29 01:01:25.337 -04:00 [INF] HTTP POST /Reportes/GetListAgencias responded 200 in 4351.7701 ms
2026-07-29 01:02:11.503 -04:00 [INF] HTTP GET /Reportes/VentasPorAgenteWeb responded 200 in 3.5402 ms
2026-07-29 01:02:16.771 -04:00 [INF] HTTP POST /Reportes/GetListAgencias responded 200 in 4881.0897 ms
2026-07-29 01:02:40.826 -04:00 [INF] HTTP POST /Reportes/GetVentasPorAgenteWeb responded 200 in 608.4879 ms
2026-07-29 01:03:09.365 -04:00 [INF] HTTP POST /Reportes/GetVentasPorAgenteWeb responded 200 in 320.3278 ms
2026-07-29 01:06:06.489 -04:00 [INF] HTTP GET /Reportes/VentasPorAgenteNikolsTaq responded 200 in 93.6161 ms
2026-07-29 01:06:18.214 -04:00 [INF] HTTP GET /Reportes/VentasPorAgenteNikolsTaq responded 200 in 4.9024 ms
2026-07-29 01:10:30.498 -04:00 [INF] Iniciando ReportePrematch.Web...
2026-07-29 01:11:22.266 -04:00 [INF] Iniciando ReportePrematch.Web...
2026-07-29 01:11:25.367 -04:00 [INF] HTTP GET / responded 200 in 684.4595 ms
2026-07-29 01:11:27.117 -04:00 [INF] HTTP GET /favicon.ico responded 404 in 7.7643 ms
2026-07-29 01:11:40.970 -04:00 [INF] Login exitoso: vlapenta [Usuario suAdmin]
2026-07-29 01:11:40.988 -04:00 [INF] HTTP POST / responded 302 in 1184.5275 ms
2026-07-29 01:11:41.265 -04:00 [INF] HTTP GET /Reportes/VentasPorAgenteTaq responded 200 in 262.1288 ms
2026-07-29 01:11:45.302 -04:00 [INF] HTTP POST /Reportes/GetListAgencias responded 200 in 3474.3654 ms
2026-07-29 01:12:23.293 -04:00 [INF] HTTP POST /Reportes/GetVentasPorAgenteTaq responded 200 in 587.9809 ms
2026-07-29 01:12:41.162 -04:00 [INF] HTTP GET /Reportes/VentasPorAgenteWeb responded 200 in 60.2419 ms
2026-07-29 01:12:42.414 -04:00 [INF] HTTP POST /Reportes/GetListAgencias responded 200 in 818.6646 ms
2026-07-29 01:13:02.621 -04:00 [INF] HTTP POST /Reportes/GetVentasPorAgenteWeb responded 200 in 359.2338 ms
2026-07-29 01:13:34.938 -04:00 [INF] HTTP GET /Reportes/VentasPorAgenteNikolsTaq responded 200 in 59.8639 ms
2026-07-29 01:15:05.870 -04:00 [INF] HTTP GET /Reportes/TicketsDetalladosTaq responded 200 in 74.0369 ms
2026-07-29 01:15:07.396 -04:00 [INF] HTTP POST /Reportes/GetListAgencias responded 200 in 1021.8609 ms
2026-07-29 01:15:22.959 -04:00 [INF] HTTP GET /Reportes/VentasPorAgenteNikolsWeb responded 200 in 51.6565 ms
2026-07-29 01:15:39.124 -04:00 [INF] HTTP GET /Reportes/VentasPorAgenteNikolsTaq responded 200 in 2.8299 ms
2026-07-29 01:15:50.088 -04:00 [INF] HTTP GET /Reportes/TicketsDetalladosTaq responded 200 in 2.6810 ms
2026-07-29 01:15:51.400 -04:00 [INF] HTTP POST /Reportes/GetListAgencias responded 200 in 881.5348 ms
2026-07-29 01:16:09.039 -04:00 [INF] SOAP ejecutarQuerys db=2 sql[262]=SELECT nombreagente, usuario, agencia, ticket, tipoAp, tiposaldo,
       montoTotal, arriesgando, ganando, operacion, f…
2026-07-29 01:16:09.530 -04:00 [ERR] Error SOAP ejecutarQuerys db=2
System.Net.Http.HttpRequestException: Response status code does not indicate success: 500 (Internal Server Error).
   at System.Net.Http.HttpResponseMessage.EnsureSuccessStatusCode()
   at ReportePrematch.Web.Services.Clients.ReportesService.EjecutarQuerysAsync(String sql, Int32 db) in C:\Users\programacion\Desktop\ReportePrematch.Web\ReportePrematch.Web\Services\Clients\ReportesService.cs:line 99
2026-07-29 01:19:58.288 -04:00 [INF] Iniciando ReportePrematch.Web...
2026-07-29 01:20:02.198 -04:00 [INF] HTTP GET / responded 200 in 789.4624 ms
2026-07-29 01:20:18.702 -04:00 [INF] Login exitoso: vlapenta [Usuario suAdmin]
2026-07-29 01:20:18.718 -04:00 [INF] HTTP POST / responded 302 in 1219.1143 ms
2026-07-29 01:20:18.939 -04:00 [INF] HTTP GET /Reportes/VentasPorAgenteTaq responded 200 in 204.6028 ms
2026-07-29 01:20:20.657 -04:00 [INF] HTTP POST /Reportes/GetListAgencias responded 200 in 1028.1903 ms
2026-07-29 01:20:57.611 -04:00 [INF] HTTP GET /Reportes/VentasPorAgenteNikolsTaq responded 200 in 37.2238 ms
2026-07-29 01:20:58.709 -04:00 [INF] HTTP POST /Reportes/GetListAgencias responded 200 in 730.4388 ms
2026-07-29 01:21:18.558 -04:00 [INF] HTTP GET /Reportes/VentasPorAgenteNikolsWeb responded 200 in 44.6429 ms
2026-07-29 01:21:19.720 -04:00 [INF] HTTP POST /Reportes/GetListAgencias responded 200 in 704.1869 ms
2026-07-29 01:23:34.184 -04:00 [INF] Iniciando ReportePrematch.Web...
2026-07-29 01:23:37.658 -04:00 [INF] HTTP GET / responded 200 in 503.8085 ms
2026-07-29 01:23:49.512 -04:00 [INF] Login exitoso: vlapenta [Usuario suAdmin]
2026-07-29 01:23:49.524 -04:00 [INF] HTTP POST / responded 302 in 955.7154 ms
2026-07-29 01:23:49.740 -04:00 [INF] HTTP GET /Reportes/VentasPorAgenteTaq responded 200 in 203.7476 ms
2026-07-29 01:23:51.893 -04:00 [INF] HTTP POST /Reportes/GetListAgencias responded 200 in 1508.8634 ms
2026-07-29 01:24:04.714 -04:00 [INF] HTTP GET /Reportes/Aviatrix responded 200 in 58.3993 ms
2026-07-29 01:24:05.674 -04:00 [INF] HTTP POST /Reportes/GetListAgencias responded 200 in 654.4041 ms
2026-07-29 01:24:28.374 -04:00 [INF] HTTP POST /Reportes/GetAviatrix responded 200 in 1087.4986 ms
2026-07-29 01:40:34.565 -04:00 [INF] HTTP POST /Reportes/GetAviatrix responded 200 in 688.5166 ms
2026-07-29 01:41:35.534 -04:00 [INF] HTTP POST /Reportes/GetAviatrix responded 200 in 130.4617 ms
2026-07-29 01:43:22.372 -04:00 [INF] HTTP GET /Reportes/VentasPorAgenteTaq responded 200 in 9.6492 ms
2026-07-29 01:43:25.334 -04:00 [INF] HTTP POST /Reportes/GetListAgencias responded 200 in 2268.6372 ms
2026-07-29 01:43:52.852 -04:00 [INF] HTTP POST /Reportes/GetVentasPorAgenteTaq responded 200 in 327.2364 ms
2026-07-29 01:44:17.681 -04:00 [INF] HTTP GET /Reportes/VentasPorAgenteWeb responded 200 in 61.4228 ms
2026-07-29 01:44:18.813 -04:00 [INF] HTTP POST /Reportes/GetListAgencias responded 200 in 700.7441 ms
2026-07-29 01:44:33.317 -04:00 [INF] HTTP POST /Reportes/GetVentasPorAgenteWeb responded 200 in 362.8024 ms
2026-07-29 01:44:57.340 -04:00 [INF] HTTP POST /Reportes/GetVentasPorAgenteWeb responded 200 in 254.2969 ms
2026-07-29 01:45:14.661 -04:00 [INF] HTTP GET /Reportes/BusquedaTicketsTaq responded 200 in 63.0934 ms
2026-07-29 01:45:26.073 -04:00 [INF] HTTP GET /Reportes/BusquedaTicketsTaq responded 200 in 2.7724 ms
2026-07-29 01:50:12.909 -04:00 [INF] HTTP GET /Reportes/VentasPorAgenteTaq responded 200 in 2.0747 ms
2026-07-29 01:50:14.653 -04:00 [INF] HTTP POST /Reportes/GetListAgencias responded 200 in 1166.3770 ms
2026-07-29 01:50:20.741 -04:00 [INF] HTTP GET /Reportes/VentasPorAgenteTaq responded 200 in 10.7256 ms
2026-07-29 01:50:21.829 -04:00 [INF] HTTP POST /Reportes/GetListAgencias responded 200 in 678.7873 ms
2026-07-29 01:50:26.219 -04:00 [INF] HTTP GET /Reportes/TicketsDetalladosTaq responded 200 in 52.0686 ms
2026-07-29 01:50:27.216 -04:00 [INF] HTTP POST /Reportes/GetListAgencias responded 200 in 662.0770 ms
2026-07-29 01:50:36.562 -04:00 [INF] HTTP GET /Reportes/VentasPorAgenteTaq responded 200 in 2.5707 ms
2026-07-29 01:50:37.550 -04:00 [INF] HTTP POST /Reportes/GetListAgencias responded 200 in 656.8171 ms
2026-07-29 01:50:39.392 -04:00 [INF] HTTP GET /Reportes/VentasPorAgenteNikolsTaq responded 200 in 44.8030 ms
2026-07-29 01:50:40.697 -04:00 [INF] HTTP POST /Reportes/GetListAgencias responded 200 in 981.1717 ms
2026-07-29 01:50:44.256 -04:00 [INF] HTTP GET /Reportes/TicketsDetalladosTaq responded 200 in 2.2941 ms
2026-07-29 01:50:45.705 -04:00 [INF] HTTP POST /Reportes/GetListAgencias responded 200 in 954.2295 ms
2026-07-29 01:50:49.576 -04:00 [INF] HTTP GET /Reportes/TicketsDetalladosTaq responded 200 in 1.6037 ms
2026-07-29 01:50:50.836 -04:00 [INF] HTTP POST /Reportes/GetListAgencias responded 200 in 832.4176 ms
2026-07-29 01:50:54.914 -04:00 [INF] HTTP GET /Reportes/TicketsEnJuegoTaq responded 200 in 59.8704 ms
2026-07-29 01:50:56.423 -04:00 [INF] HTTP POST /Reportes/GetListAgencias responded 200 in 1191.7183 ms
2026-07-29 01:51:02.724 -04:00 [INF] HTTP GET /Reportes/EstadisticasTaq responded 200 in 51.8678 ms
2026-07-29 01:51:03.862 -04:00 [INF] HTTP POST /Reportes/GetListAgencias responded 200 in 805.4521 ms
2026-07-29 01:51:11.372 -04:00 [INF] HTTP GET /Reportes/BusquedaTicketsTaq responded 200 in 5.8962 ms
2026-07-29 01:51:21.585 -04:00 [INF] HTTP GET /Reportes/VerCierreTaquilla responded 200 in 88.4297 ms
2026-07-29 01:51:22.667 -04:00 [INF] HTTP POST /Reportes/GetListAgencias responded 200 in 778.4324 ms
2026-07-29 01:51:54.458 -04:00 [INF] HTTP GET /Reportes/VentasPorAgenteWeb responded 200 in 8.5645 ms
2026-07-29 01:51:56.067 -04:00 [INF] HTTP POST /Reportes/GetListAgencias responded 200 in 1298.4183 ms
2026-07-29 01:52:00.010 -04:00 [INF] HTTP GET /Reportes/VentasPorAgenteNikolsWeb responded 200 in 51.8514 ms
2026-07-29 01:52:01.358 -04:00 [INF] HTTP POST /Reportes/GetListAgencias responded 200 in 691.0929 ms
2026-07-29 01:52:06.104 -04:00 [INF] HTTP GET /Reportes/TicketsDetalladosWeb responded 200 in 55.2007 ms
2026-07-29 01:52:07.359 -04:00 [INF] HTTP POST /Reportes/GetListAgencias responded 200 in 789.0762 ms
2026-07-29 01:52:14.767 -04:00 [INF] HTTP GET /Reportes/VentasPorAgenteNikolsWeb responded 200 in 3.9797 ms
2026-07-29 01:52:15.894 -04:00 [INF] HTTP POST /Reportes/GetListAgencias responded 200 in 808.1611 ms
2026-07-29 01:52:21.943 -04:00 [INF] HTTP GET /Reportes/TicketsDetalladosWeb responded 200 in 9.0706 ms
2026-07-29 01:52:23.142 -04:00 [INF] HTTP POST /Reportes/GetListAgencias responded 200 in 697.3609 ms
2026-07-29 02:06:39.544 -04:00 [INF] Iniciando ReportePrematch.Web...
2026-07-29 02:06:42.922 -04:00 [INF] HTTP GET / responded 200 in 778.9510 ms
2026-07-29 02:06:55.015 -04:00 [INF] Login exitoso: vlapenta [Usuario suAdmin]
2026-07-29 02:06:55.030 -04:00 [INF] HTTP POST / responded 302 in 1040.6541 ms
2026-07-29 02:06:55.259 -04:00 [INF] HTTP GET /Reportes/VentasPorAgenteTaq responded 200 in 208.7545 ms
2026-07-29 02:06:57.509 -04:00 [INF] HTTP POST /Reportes/GetListAgencias responded 200 in 1489.1887 ms
2026-07-29 02:07:04.065 -04:00 [INF] HTTP GET /Reportes/Aviatrix responded 200 in 42.8511 ms
2026-07-29 02:07:04.988 -04:00 [INF] HTTP POST /Reportes/GetListAgencias responded 200 in 610.8391 ms
2026-07-29 02:07:27.532 -04:00 [INF] HTTP POST /Reportes/GetAviatrix responded 200 in 746.2083 ms
2026-07-29 02:10:08.411 -04:00 [INF] Iniciando ReportePrematch.Web...
2026-07-29 02:10:11.692 -04:00 [INF] HTTP GET / responded 200 in 692.7999 ms
2026-07-29 02:10:26.554 -04:00 [INF] Login exitoso: vlapenta [Usuario suAdmin]
2026-07-29 02:10:26.564 -04:00 [INF] HTTP POST / responded 302 in 815.1257 ms
2026-07-29 02:10:26.852 -04:00 [INF] HTTP GET /Reportes/VentasPorAgenteTaq responded 200 in 274.9594 ms
2026-07-29 02:10:28.235 -04:00 [INF] HTTP POST /Reportes/GetListAgencias responded 200 in 857.5678 ms
2026-07-29 02:10:36.142 -04:00 [INF] HTTP GET /Reportes/Aviatrix responded 200 in 58.8757 ms
2026-07-29 02:10:59.767 -04:00 [INF] HTTP GET /Reportes/Aviatrix responded 200 in 2.5750 ms
2026-07-29 02:11:32.706 -04:00 [INF] Iniciando ReportePrematch.Web...
2026-07-29 02:11:35.324 -04:00 [INF] HTTP GET / responded 200 in 615.3235 ms
2026-07-29 02:12:18.780 -04:00 [INF] Login exitoso: vlapenta [Usuario suAdmin]
2026-07-29 02:12:18.795 -04:00 [INF] HTTP POST / responded 302 in 1054.3048 ms
2026-07-29 02:12:19.035 -04:00 [INF] HTTP GET /Reportes/VentasPorAgenteTaq responded 200 in 229.4831 ms
2026-07-29 02:12:20.578 -04:00 [INF] HTTP POST /Reportes/GetListAgencias responded 200 in 933.0281 ms
2026-07-29 02:12:23.326 -04:00 [INF] HTTP GET /Reportes/Aviatrix responded 200 in 66.6214 ms
2026-07-29 02:33:49.745 -04:00 [INF] HTTP GET /Reportes/Aviatrix responded 200 in 7.9950 ms
2026-07-29 02:33:58.290 -04:00 [INF] HTTP GET /Reportes/VentasPorAgenteTaq responded 200 in 5.3503 ms
2026-07-29 02:34:00.116 -04:00 [INF] HTTP POST /Reportes/GetListAgencias responded 200 in 1404.9263 ms
2026-07-29 02:34:04.117 -04:00 [INF] HTTP GET /Reportes/VentasPorAgenteNikolsWeb responded 200 in 59.4943 ms
2026-07-29 02:34:05.388 -04:00 [INF] HTTP POST /Reportes/GetListAgencias responded 200 in 814.0102 ms
2026-07-29 02:34:18.582 -04:00 [INF] HTTP GET /Reportes/IconSlot responded 200 in 119.0176 ms
2026-07-29 02:34:19.571 -04:00 [INF] HTTP POST /Reportes/GetListAgencias responded 200 in 672.4108 ms
2026-07-29 02:34:32.531 -04:00 [INF] HTTP GET /Reportes/Pragmatic responded 200 in 163.5986 ms
2026-07-29 02:34:33.566 -04:00 [INF] HTTP POST /Reportes/GetListAgencias responded 200 in 641.8220 ms
2026-07-29 02:34:37.585 -04:00 [INF] HTTP GET /Reportes/VirtualesCaribe responded 200 in 33.7090 ms
2026-07-29 02:34:38.696 -04:00 [INF] HTTP POST /Reportes/GetListAgencias responded 200 in 674.4097 ms
2026-07-29 02:34:45.680 -04:00 [INF] HTTP GET /Reportes/CasinoMaquinitas responded 200 in 37.0682 ms
2026-07-29 02:34:46.630 -04:00 [INF] HTTP POST /Reportes/GetListAgencias responded 200 in 669.1102 ms
2026-07-29 02:34:57.103 -04:00 [INF] HTTP GET /Reportes/FantasyBsb responded 200 in 78.6367 ms
2026-07-29 02:34:58.008 -04:00 [INF] HTTP POST /Reportes/GetListAgencias responded 200 in 659.8357 ms
2026-07-29 02:35:28.991 -04:00 [INF] HTTP GET /Reportes/Aviatrix responded 200 in 37.1744 ms
2026-07-29 02:35:32.423 -04:00 [INF] HTTP GET /.well-known/appspecific/com.chrome.devtools.json responded 404 in 16.9476 ms
2026-07-29 02:48:13.763 -04:00 [INF] HTTP GET /Reportes/CasinoSlotGrecia responded 200 in 112.1512 ms
2026-07-29 02:48:14.021 -04:00 [INF] HTTP GET /.well-known/appspecific/com.chrome.devtools.json responded 404 in 0.3149 ms
2026-07-29 02:48:16.843 -04:00 [INF] HTTP POST /Reportes/GetListAgencias responded 200 in 1771.9691 ms
2026-07-29 02:48:28.834 -04:00 [INF] SOAP ejecutarQuerys db=3 sql[268]=SELECT c.Agente AS NombreAgente, c.Usuario,
       SUM(c.Entrada) AS ventas, SUM(c.Salida) AS premios
FROM [SlotGrecia…
2026-07-29 02:48:29.360 -04:00 [ERR] Error SOAP ejecutarQuerys db=3
System.Net.Http.HttpRequestException: Response status code does not indicate success: 500 (Internal Server Error).
   at System.Net.Http.HttpResponseMessage.EnsureSuccessStatusCode()
   at ReportePrematch.Web.Services.Clients.ReportesServiceOld.EjecutarQuerysAsync(String sql, Int32 db) in C:\Users\programacion\Desktop\ReportePrematch.Web\ReportePrematch.Web\Services\Clients\ReportesServiceOld.cs:line 99
2026-07-29 02:52:55.922 -04:00 [INF] Iniciando ReportePrematch.Web...
2026-07-29 02:52:58.982 -04:00 [INF] HTTP GET / responded 200 in 847.4720 ms
2026-07-29 02:53:15.950 -04:00 [INF] Login exitoso: vlapenta [Usuario suAdmin]
2026-07-29 02:53:15.967 -04:00 [INF] HTTP POST / responded 302 in 1330.4396 ms
2026-07-29 02:53:16.292 -04:00 [INF] HTTP GET /Reportes/VentasPorAgenteTaq responded 200 in 306.7521 ms
2026-07-29 02:53:18.301 -04:00 [INF] HTTP POST /Reportes/GetListAgencias responded 200 in 1244.9611 ms
2026-07-29 02:53:24.875 -04:00 [INF] HTTP GET /Reportes/Aviatrix responded 200 in 75.2270 ms
2026-07-29 02:54:04.050 -04:00 [ERR] HTTP GET /Reportes/Aviatrix responded 500 in 4432.2551 ms
Microsoft.AspNetCore.Mvc.Razor.RuntimeCompilation.CompilationFailedException: One or more compilation failures occurred:
C:\Users\programacion\Desktop\ReportePrematch.Web\ReportePrematch.Web\Views\Reportes\Aviatrix.cshtml(116,30): error CS0103: El nombre 'ViewBa' no existe en el contexto actual
   at Microsoft.AspNetCore.Mvc.Razor.RuntimeCompilation.RuntimeViewCompiler.CompileAndEmit(RazorCodeDocument codeDocument, String generatedCode)
   at Microsoft.AspNetCore.Mvc.Razor.RuntimeCompilation.RuntimeViewCompiler.CompileAndEmit(String relativePath)
   at Microsoft.AspNetCore.Mvc.Razor.RuntimeCompilation.RuntimeViewCompiler.OnCacheMiss(String normalizedPath)
--- End of stack trace from previous location ---
   at Microsoft.AspNetCore.Mvc.Razor.Compilation.DefaultRazorPageFactoryProvider.CreateFactory(String relativePath)
   at Microsoft.AspNetCore.Mvc.Razor.RazorViewEngine.CreateCacheResult(HashSet`1 expirationTokens, String relativePath, Boolean isMainPage)
   at Microsoft.AspNetCore.Mvc.Razor.RazorViewEngine.OnCacheMiss(ViewLocationExpanderContext expanderContext, ViewLocationCacheKey cacheKey)
   at Microsoft.AspNetCore.Mvc.Razor.RazorViewEngine.LocatePageFromViewLocations(ActionContext actionContext, String pageName, Boolean isMainPage)
   at Microsoft.AspNetCore.Mvc.Razor.RazorViewEngine.FindView(ActionContext context, String viewName, Boolean isMainPage)
   at Microsoft.AspNetCore.Mvc.ViewEngines.CompositeViewEngine.FindView(ActionContext context, String viewName, Boolean isMainPage)
   at Microsoft.AspNetCore.Mvc.ViewFeatures.ViewResultExecutor.FindView(ActionContext actionContext, ViewResult viewResult)
   at Microsoft.AspNetCore.Mvc.ViewFeatures.ViewResultExecutor.ExecuteAsync(ActionContext context, ViewResult result)
   at Microsoft.AspNetCore.Mvc.ViewResult.ExecuteResultAsync(ActionContext context)
   at Microsoft.AspNetCore.Mvc.Infrastructure.ResourceInvoker.<InvokeNextResultFilterAsync>g__Awaited|30_0[TFilter,TFilterAsync](ResourceInvoker invoker, Task lastTask, State next, Scope scope, Object state, Boolean isCompleted)
   at Microsoft.AspNetCore.Mvc.Infrastructure.ResourceInvoker.Rethrow(ResultExecutedContextSealed context)
   at Microsoft.AspNetCore.Mvc.Infrastructure.ResourceInvoker.ResultNext[TFilter,TFilterAsync](State& next, Scope& scope, Object& state, Boolean& isCompleted)
   at Microsoft.AspNetCore.Mvc.Infrastructure.ResourceInvoker.InvokeResultFilters()
--- End of stack trace from previous location ---
   at Microsoft.AspNetCore.Mvc.Infrastructure.ResourceInvoker.<InvokeNextResourceFilter>g__Awaited|25_0(ResourceInvoker invoker, Task lastTask, State next, Scope scope, Object state, Boolean isCompleted)
   at Microsoft.AspNetCore.Mvc.Infrastructure.ResourceInvoker.Rethrow(ResourceExecutedContextSealed context)
   at Microsoft.AspNetCore.Mvc.Infrastructure.ResourceInvoker.Next(State& next, Scope& scope, Object& state, Boolean& isCompleted)
   at Microsoft.AspNetCore.Mvc.Infrastructure.ResourceInvoker.InvokeFilterPipelineAsync()
--- End of stack trace from previous location ---
   at Microsoft.AspNetCore.Mvc.Infrastructure.ResourceInvoker.<InvokeAsync>g__Awaited|17_0(ResourceInvoker invoker, Task task, IDisposable scope)
   at Microsoft.AspNetCore.Mvc.Infrastructure.ResourceInvoker.<InvokeAsync>g__Awaited|17_0(ResourceInvoker invoker, Task task, IDisposable scope)
   at Microsoft.AspNetCore.Authorization.AuthorizationMiddleware.Invoke(HttpContext context)
   at Microsoft.AspNetCore.Session.SessionMiddleware.Invoke(HttpContext context)
   at Microsoft.AspNetCore.Session.SessionMiddleware.Invoke(HttpContext context)
   at Serilog.AspNetCore.RequestLoggingMiddleware.Invoke(HttpContext httpContext)
2026-07-29 02:54:04.088 -04:00 [ERR] An unhandled exception has occurred while executing the request.
Microsoft.AspNetCore.Mvc.Razor.RuntimeCompilation.CompilationFailedException: One or more compilation failures occurred:
C:\Users\programacion\Desktop\ReportePrematch.Web\ReportePrematch.Web\Views\Reportes\Aviatrix.cshtml(116,30): error CS0103: El nombre 'ViewBa' no existe en el contexto actual
   at Microsoft.AspNetCore.Mvc.Razor.RuntimeCompilation.RuntimeViewCompiler.CompileAndEmit(RazorCodeDocument codeDocument, String generatedCode)
   at Microsoft.AspNetCore.Mvc.Razor.RuntimeCompilation.RuntimeViewCompiler.CompileAndEmit(String relativePath)
   at Microsoft.AspNetCore.Mvc.Razor.RuntimeCompilation.RuntimeViewCompiler.OnCacheMiss(String normalizedPath)
--- End of stack trace from previous location ---
   at Microsoft.AspNetCore.Mvc.Razor.Compilation.DefaultRazorPageFactoryProvider.CreateFactory(String relativePath)
   at Microsoft.AspNetCore.Mvc.Razor.RazorViewEngine.CreateCacheResult(HashSet`1 expirationTokens, String relativePath, Boolean isMainPage)
   at Microsoft.AspNetCore.Mvc.Razor.RazorViewEngine.OnCacheMiss(ViewLocationExpanderContext expanderContext, ViewLocationCacheKey cacheKey)
   at Microsoft.AspNetCore.Mvc.Razor.RazorViewEngine.LocatePageFromViewLocations(ActionContext actionContext, String pageName, Boolean isMainPage)
   at Microsoft.AspNetCore.Mvc.Razor.RazorViewEngine.FindView(ActionContext context, String viewName, Boolean isMainPage)
   at Microsoft.AspNetCore.Mvc.ViewEngines.CompositeViewEngine.FindView(ActionContext context, String viewName, Boolean isMainPage)
   at Microsoft.AspNetCore.Mvc.ViewFeatures.ViewResultExecutor.FindView(ActionContext actionContext, ViewResult viewResult)
   at Microsoft.AspNetCore.Mvc.ViewFeatures.ViewResultExecutor.ExecuteAsync(ActionContext context, ViewResult result)
   at Microsoft.AspNetCore.Mvc.ViewResult.ExecuteResultAsync(ActionContext context)
   at Microsoft.AspNetCore.Mvc.Infrastructure.ResourceInvoker.<InvokeNextResultFilterAsync>g__Awaited|30_0[TFilter,TFilterAsync](ResourceInvoker invoker, Task lastTask, State next, Scope scope, Object state, Boolean isCompleted)
   at Microsoft.AspNetCore.Mvc.Infrastructure.ResourceInvoker.Rethrow(ResultExecutedContextSealed context)
   at Microsoft.AspNetCore.Mvc.Infrastructure.ResourceInvoker.ResultNext[TFilter,TFilterAsync](State& next, Scope& scope, Object& state, Boolean& isCompleted)
   at Microsoft.AspNetCore.Mvc.Infrastructure.ResourceInvoker.InvokeResultFilters()
--- End of stack trace from previous location ---
   at Microsoft.AspNetCore.Mvc.Infrastructure.ResourceInvoker.<InvokeNextResourceFilter>g__Awaited|25_0(ResourceInvoker invoker, Task lastTask, State next, Scope scope, Object state, Boolean isCompleted)
   at Microsoft.AspNetCore.Mvc.Infrastructure.ResourceInvoker.Rethrow(ResourceExecutedContextSealed context)
   at Microsoft.AspNetCore.Mvc.Infrastructure.ResourceInvoker.Next(State& next, Scope& scope, Object& state, Boolean& isCompleted)
   at Microsoft.AspNetCore.Mvc.Infrastructure.ResourceInvoker.InvokeFilterPipelineAsync()
--- End of stack trace from previous location ---
   at Microsoft.AspNetCore.Mvc.Infrastructure.ResourceInvoker.<InvokeAsync>g__Awaited|17_0(ResourceInvoker invoker, Task task, IDisposable scope)
   at Microsoft.AspNetCore.Mvc.Infrastructure.ResourceInvoker.<InvokeAsync>g__Awaited|17_0(ResourceInvoker invoker, Task task, IDisposable scope)
   at Microsoft.AspNetCore.Authorization.AuthorizationMiddleware.Invoke(HttpContext context)
   at Microsoft.AspNetCore.Session.SessionMiddleware.Invoke(HttpContext context)
   at Microsoft.AspNetCore.Session.SessionMiddleware.Invoke(HttpContext context)
   at Serilog.AspNetCore.RequestLoggingMiddleware.Invoke(HttpContext httpContext)
   at Microsoft.AspNetCore.Authentication.AuthenticationMiddleware.Invoke(HttpContext context)
   at Microsoft.AspNetCore.Diagnostics.DeveloperExceptionPageMiddlewareImpl.Invoke(HttpContext context)
2026-07-29 02:54:20.561 -04:00 [INF] HTTP GET /Reportes/Aviatrix responded 200 in 2558.4629 ms
2026-07-29 02:54:21.567 -04:00 [INF] HTTP POST /Reportes/GetListAgencias responded 200 in 713.2281 ms
2026-07-29 02:55:17.884 -04:00 [INF] HTTP POST /Reportes/GetAviatrix responded 200 in 850.9270 ms
2026-07-29 02:55:30.623 -04:00 [INF] HTTP POST /Reportes/GetAviatrix responded 200 in 202.5981 ms
2026-07-29 02:58:36.810 -04:00 [INF] HTTP GET /Reportes/Aviatrix responded 200 in 1976.1734 ms
2026-07-29 02:59:33.408 -04:00 [INF] HTTP GET /Reportes/Aviatrix responded 200 in 444.9442 ms
2026-07-29 02:59:39.050 -04:00 [INF] HTTP GET /Reportes/Aviatrix responded 200 in 58.1286 ms
2026-07-29 03:00:11.915 -04:00 [INF] Iniciando ReportePrematch.Web...
2026-07-29 03:00:15.280 -04:00 [INF] HTTP GET / responded 200 in 742.6371 ms
2026-07-29 03:00:57.314 -04:00 [INF] Login exitoso: vlapenta [Usuario suAdmin]
2026-07-29 03:00:57.330 -04:00 [INF] HTTP POST / responded 302 in 967.1545 ms
2026-07-29 03:00:57.672 -04:00 [INF] HTTP GET /Reportes/VentasPorAgenteTaq responded 200 in 312.4267 ms
2026-07-29 03:00:59.718 -04:00 [INF] HTTP POST /Reportes/GetListAgencias responded 200 in 1360.5288 ms
2026-07-29 03:01:02.444 -04:00 [INF] HTTP GET /Reportes/Aviatrix responded 200 in 42.5202 ms
2026-07-29 03:01:14.246 -04:00 [INF] HTTP GET /Reportes/Aviatrix responded 200 in 9.8185 ms
2026-07-29 03:04:17.744 -04:00 [INF] HTTP GET /Reportes/Props responded 200 in 59.1071 ms
2026-07-29 03:04:19.238 -04:00 [INF] HTTP POST /Reportes/GetListAgencias responded 200 in 768.8521 ms
2026-07-29 03:04:31.574 -04:00 [INF] SOAP ejecutarQuerys db=3 sql[920]=SELECT a.Agente AS NombreAgente, a.Username AS Usuario,
  (SELECT SUM(b.amount) FROM [Props].[dbo].[Transaction] AS b
…
2026-07-29 03:04:31.902 -04:00 [ERR] Error SOAP ejecutarQuerys db=3
System.Net.Http.HttpRequestException: Response status code does not indicate success: 500 (Internal Server Error).
   at System.Net.Http.HttpResponseMessage.EnsureSuccessStatusCode()
   at ReportePrematch.Web.Services.Clients.ReportesServiceOld.EjecutarQuerysAsync(String sql, Int32 db) in C:\Users\programacion\Desktop\ReportePrematch.Web\ReportePrematch.Web\Services\Clients\ReportesServiceOld.cs:line 99
2026-07-29 14:02:35.493 -04:00 [INF] Iniciando ReportePrematch.Web...
2026-07-29 14:02:40.681 -04:00 [INF] HTTP GET / responded 200 in 830.7114 ms
2026-07-29 14:02:43.607 -04:00 [INF] HTTP GET /favicon.ico responded 404 in 8.3915 ms
2026-07-29 14:03:02.324 -04:00 [INF] Login exitoso: vlapenta [Usuario suAdmin]
2026-07-29 14:03:02.355 -04:00 [INF] HTTP POST / responded 302 in 2282.0631 ms
2026-07-29 14:03:02.605 -04:00 [INF] HTTP GET /Reportes/VentasPorAgenteTaq responded 200 in 231.6544 ms
2026-07-29 14:03:07.605 -04:00 [ERR] Error GET api/Reportes/ListaAgentes
System.Net.Http.HttpRequestException: No se puede establecer una conexión ya que el equipo de destino denegó expresamente dicha conexión. (localhost:44322)
 ---> System.Net.Sockets.SocketException (10061): No se puede establecer una conexión ya que el equipo de destino denegó expresamente dicha conexión.
   at System.Net.Sockets.Socket.AwaitableSocketAsyncEventArgs.ThrowException(SocketError error, CancellationToken cancellationToken)
   at System.Net.Sockets.Socket.AwaitableSocketAsyncEventArgs.System.Threading.Tasks.Sources.IValueTaskSource.GetResult(Int16 token)
   at System.Net.Http.HttpConnectionPool.ConnectToTcpHostAsync(String host, Int32 port, HttpRequestMessage initialRequest, Boolean async, CancellationToken cancellationToken)
   --- End of inner exception stack trace ---
   at System.Net.Http.HttpConnectionPool.ConnectToTcpHostAsync(String host, Int32 port, HttpRequestMessage initialRequest, Boolean async, CancellationToken cancellationToken)
   at System.Net.Http.HttpConnectionPool.ConnectAsync(HttpRequestMessage request, Boolean async, CancellationToken cancellationToken)
   at System.Net.Http.HttpConnectionPool.CreateHttp11ConnectionAsync(HttpRequestMessage request, Boolean async, CancellationToken cancellationToken)
   at System.Net.Http.HttpConnectionPool.InjectNewHttp11ConnectionAsync(QueueItem queueItem)
   at System.Threading.Tasks.TaskCompletionSourceWithCancellation`1.WaitWithCancellationAsync(CancellationToken cancellationToken)
   at System.Net.Http.HttpConnectionWaiter`1.WaitForConnectionWithTelemetryAsync(HttpRequestMessage request, HttpConnectionPool pool, Boolean async, CancellationToken requestCancellationToken)
   at System.Net.Http.HttpConnectionPool.SendWithVersionDetectionAndRetryAsync(HttpRequestMessage request, Boolean async, Boolean doRequestAuth, CancellationToken cancellationToken)
   at System.Net.Http.DiagnosticsHandler.SendAsyncCore(HttpRequestMessage request, Boolean async, CancellationToken cancellationToken)
   at System.Net.Http.RedirectHandler.SendAsync(HttpRequestMessage request, Boolean async, CancellationToken cancellationToken)
   at System.Net.Http.SocketsHttpHandler.<SendAsync>g__CreateHandlerAndSendAsync|115_0(HttpRequestMessage request, CancellationToken cancellationToken)
   at Microsoft.Extensions.Http.Logging.LoggingHttpMessageHandler.<SendCoreAsync>g__Core|4_0(HttpRequestMessage request, Boolean useAsync, CancellationToken cancellationToken)
   at Microsoft.Extensions.Http.Logging.LoggingScopeHttpMessageHandler.<SendCoreAsync>g__Core|4_0(HttpRequestMessage request, Boolean useAsync, CancellationToken cancellationToken)
   at System.Net.Http.HttpClient.<SendAsync>g__Core|83_0(HttpRequestMessage request, HttpCompletionOption completionOption, CancellationTokenSource cts, Boolean disposeCts, CancellationTokenSource pendingRequestsCts, CancellationToken originalCancellationToken)
   at ReportePrematch.Web.Services.Clients.ApiClient.GetAsync[T](String endpoint, CancellationToken ct) in D:\GITHUB\ReportePrematch.Web\ReportePrematch.Web\Services\Clients\ApiClient.cs:line 23
2026-07-29 14:03:07.701 -04:00 [ERR] Error GetListAgencias via API
System.Net.Http.HttpRequestException: No se puede establecer una conexión ya que el equipo de destino denegó expresamente dicha conexión. (localhost:44322)
 ---> System.Net.Sockets.SocketException (10061): No se puede establecer una conexión ya que el equipo de destino denegó expresamente dicha conexión.
   at System.Net.Sockets.Socket.AwaitableSocketAsyncEventArgs.ThrowException(SocketError error, CancellationToken cancellationToken)
   at System.Net.Sockets.Socket.AwaitableSocketAsyncEventArgs.System.Threading.Tasks.Sources.IValueTaskSource.GetResult(Int16 token)
   at System.Net.Http.HttpConnectionPool.ConnectToTcpHostAsync(String host, Int32 port, HttpRequestMessage initialRequest, Boolean async, CancellationToken cancellationToken)
   --- End of inner exception stack trace ---
   at System.Net.Http.HttpConnectionPool.ConnectToTcpHostAsync(String host, Int32 port, HttpRequestMessage initialRequest, Boolean async, CancellationToken cancellationToken)
   at System.Net.Http.HttpConnectionPool.ConnectAsync(HttpRequestMessage request, Boolean async, CancellationToken cancellationToken)
   at System.Net.Http.HttpConnectionPool.CreateHttp11ConnectionAsync(HttpRequestMessage request, Boolean async, CancellationToken cancellationToken)
   at System.Net.Http.HttpConnectionPool.InjectNewHttp11ConnectionAsync(QueueItem queueItem)
   at System.Threading.Tasks.TaskCompletionSourceWithCancellation`1.WaitWithCancellationAsync(CancellationToken cancellationToken)
   at System.Net.Http.HttpConnectionWaiter`1.WaitForConnectionWithTelemetryAsync(HttpRequestMessage request, HttpConnectionPool pool, Boolean async, CancellationToken requestCancellationToken)
   at System.Net.Http.HttpConnectionPool.SendWithVersionDetectionAndRetryAsync(HttpRequestMessage request, Boolean async, Boolean doRequestAuth, CancellationToken cancellationToken)
   at System.Net.Http.DiagnosticsHandler.SendAsyncCore(HttpRequestMessage request, Boolean async, CancellationToken cancellationToken)
   at System.Net.Http.RedirectHandler.SendAsync(HttpRequestMessage request, Boolean async, CancellationToken cancellationToken)
   at System.Net.Http.SocketsHttpHandler.<SendAsync>g__CreateHandlerAndSendAsync|115_0(HttpRequestMessage request, CancellationToken cancellationToken)
   at Microsoft.Extensions.Http.Logging.LoggingHttpMessageHandler.<SendCoreAsync>g__Core|4_0(HttpRequestMessage request, Boolean useAsync, CancellationToken cancellationToken)
   at Microsoft.Extensions.Http.Logging.LoggingScopeHttpMessageHandler.<SendCoreAsync>g__Core|4_0(HttpRequestMessage request, Boolean useAsync, CancellationToken cancellationToken)
   at System.Net.Http.HttpClient.<SendAsync>g__Core|83_0(HttpRequestMessage request, HttpCompletionOption completionOption, CancellationTokenSource cts, Boolean disposeCts, CancellationTokenSource pendingRequestsCts, CancellationToken originalCancellationToken)
   at ReportePrematch.Web.Services.Clients.ApiClient.GetAsync[T](String endpoint, CancellationToken ct) in D:\GITHUB\ReportePrematch.Web\ReportePrematch.Web\Services\Clients\ApiClient.cs:line 23
   at ReportePrematch.Web.Services.Clients.ReportesServiceOld.GetListAgenciasAsync(String agente, String pais, String role) in D:\GITHUB\ReportePrematch.Web\ReportePrematch.Web\Services\Clients\ReportesServiceOld.cs:line 192
2026-07-29 14:03:07.728 -04:00 [INF] HTTP POST /Reportes/GetListAgencias responded 200 in 4424.4343 ms
2026-07-29 14:03:27.566 -04:00 [INF] HTTP GET /Reportes/VentasPorAgenteTaq responded 200 in 13.7345 ms
2026-07-29 14:03:31.980 -04:00 [ERR] Error GET api/Reportes/ListaAgentes
System.Net.Http.HttpRequestException: No se puede establecer una conexión ya que el equipo de destino denegó expresamente dicha conexión. (localhost:44322)
 ---> System.Net.Sockets.SocketException (10061): No se puede establecer una conexión ya que el equipo de destino denegó expresamente dicha conexión.
   at System.Net.Sockets.Socket.AwaitableSocketAsyncEventArgs.ThrowException(SocketError error, CancellationToken cancellationToken)
   at System.Net.Sockets.Socket.AwaitableSocketAsyncEventArgs.System.Threading.Tasks.Sources.IValueTaskSource.GetResult(Int16 token)
   at System.Net.Http.HttpConnectionPool.ConnectToTcpHostAsync(String host, Int32 port, HttpRequestMessage initialRequest, Boolean async, CancellationToken cancellationToken)
   --- End of inner exception stack trace ---
   at System.Net.Http.HttpConnectionPool.ConnectToTcpHostAsync(String host, Int32 port, HttpRequestMessage initialRequest, Boolean async, CancellationToken cancellationToken)
   at System.Net.Http.HttpConnectionPool.ConnectAsync(HttpRequestMessage request, Boolean async, CancellationToken cancellationToken)
   at System.Net.Http.HttpConnectionPool.CreateHttp11ConnectionAsync(HttpRequestMessage request, Boolean async, CancellationToken cancellationToken)
   at System.Net.Http.HttpConnectionPool.InjectNewHttp11ConnectionAsync(QueueItem queueItem)
   at System.Threading.Tasks.TaskCompletionSourceWithCancellation`1.WaitWithCancellationAsync(CancellationToken cancellationToken)
   at System.Net.Http.HttpConnectionWaiter`1.WaitForConnectionWithTelemetryAsync(HttpRequestMessage request, HttpConnectionPool pool, Boolean async, CancellationToken requestCancellationToken)
   at System.Net.Http.HttpConnectionPool.SendWithVersionDetectionAndRetryAsync(HttpRequestMessage request, Boolean async, Boolean doRequestAuth, CancellationToken cancellationToken)
   at System.Net.Http.DiagnosticsHandler.SendAsyncCore(HttpRequestMessage request, Boolean async, CancellationToken cancellationToken)
   at System.Net.Http.RedirectHandler.SendAsync(HttpRequestMessage request, Boolean async, CancellationToken cancellationToken)
   at Microsoft.Extensions.Http.Logging.LoggingHttpMessageHandler.<SendCoreAsync>g__Core|4_0(HttpRequestMessage request, Boolean useAsync, CancellationToken cancellationToken)
   at Microsoft.Extensions.Http.Logging.LoggingScopeHttpMessageHandler.<SendCoreAsync>g__Core|4_0(HttpRequestMessage request, Boolean useAsync, CancellationToken cancellationToken)
   at System.Net.Http.HttpClient.<SendAsync>g__Core|83_0(HttpRequestMessage request, HttpCompletionOption completionOption, CancellationTokenSource cts, Boolean disposeCts, CancellationTokenSource pendingRequestsCts, CancellationToken originalCancellationToken)
   at ReportePrematch.Web.Services.Clients.ApiClient.GetAsync[T](String endpoint, CancellationToken ct) in D:\GITHUB\ReportePrematch.Web\ReportePrematch.Web\Services\Clients\ApiClient.cs:line 23
2026-07-29 14:03:32.070 -04:00 [ERR] Error GetListAgencias via API
System.Net.Http.HttpRequestException: No se puede establecer una conexión ya que el equipo de destino denegó expresamente dicha conexión. (localhost:44322)
 ---> System.Net.Sockets.SocketException (10061): No se puede establecer una conexión ya que el equipo de destino denegó expresamente dicha conexión.
   at System.Net.Sockets.Socket.AwaitableSocketAsyncEventArgs.ThrowException(SocketError error, CancellationToken cancellationToken)
   at System.Net.Sockets.Socket.AwaitableSocketAsyncEventArgs.System.Threading.Tasks.Sources.IValueTaskSource.GetResult(Int16 token)
   at System.Net.Http.HttpConnectionPool.ConnectToTcpHostAsync(String host, Int32 port, HttpRequestMessage initialRequest, Boolean async, CancellationToken cancellationToken)
   --- End of inner exception stack trace ---
   at System.Net.Http.HttpConnectionPool.ConnectToTcpHostAsync(String host, Int32 port, HttpRequestMessage initialRequest, Boolean async, CancellationToken cancellationToken)
   at System.Net.Http.HttpConnectionPool.ConnectAsync(HttpRequestMessage request, Boolean async, CancellationToken cancellationToken)
   at System.Net.Http.HttpConnectionPool.CreateHttp11ConnectionAsync(HttpRequestMessage request, Boolean async, CancellationToken cancellationToken)
   at System.Net.Http.HttpConnectionPool.InjectNewHttp11ConnectionAsync(QueueItem queueItem)
   at System.Threading.Tasks.TaskCompletionSourceWithCancellation`1.WaitWithCancellationAsync(CancellationToken cancellationToken)
   at System.Net.Http.HttpConnectionWaiter`1.WaitForConnectionWithTelemetryAsync(HttpRequestMessage request, HttpConnectionPool pool, Boolean async, CancellationToken requestCancellationToken)
   at System.Net.Http.HttpConnectionPool.SendWithVersionDetectionAndRetryAsync(HttpRequestMessage request, Boolean async, Boolean doRequestAuth, CancellationToken cancellationToken)
   at System.Net.Http.DiagnosticsHandler.SendAsyncCore(HttpRequestMessage request, Boolean async, CancellationToken cancellationToken)
   at System.Net.Http.RedirectHandler.SendAsync(HttpRequestMessage request, Boolean async, CancellationToken cancellationToken)
   at Microsoft.Extensions.Http.Logging.LoggingHttpMessageHandler.<SendCoreAsync>g__Core|4_0(HttpRequestMessage request, Boolean useAsync, CancellationToken cancellationToken)
   at Microsoft.Extensions.Http.Logging.LoggingScopeHttpMessageHandler.<SendCoreAsync>g__Core|4_0(HttpRequestMessage request, Boolean useAsync, CancellationToken cancellationToken)
   at System.Net.Http.HttpClient.<SendAsync>g__Core|83_0(HttpRequestMessage request, HttpCompletionOption completionOption, CancellationTokenSource cts, Boolean disposeCts, CancellationTokenSource pendingRequestsCts, CancellationToken originalCancellationToken)
   at ReportePrematch.Web.Services.Clients.ApiClient.GetAsync[T](String endpoint, CancellationToken ct) in D:\GITHUB\ReportePrematch.Web\ReportePrematch.Web\Services\Clients\ApiClient.cs:line 23
   at ReportePrematch.Web.Services.Clients.ReportesServiceOld.GetListAgenciasAsync(String agente, String pais, String role) in D:\GITHUB\ReportePrematch.Web\ReportePrematch.Web\Services\Clients\ReportesServiceOld.cs:line 192
2026-07-29 14:03:32.095 -04:00 [INF] HTTP POST /Reportes/GetListAgencias responded 200 in 4222.0597 ms
2026-07-29 14:04:08.908 -04:00 [INF] Iniciando ReportePrematch.Web...
2026-07-29 14:04:13.153 -04:00 [INF] HTTP GET / responded 200 in 774.9965 ms
2026-07-29 14:04:38.933 -04:00 [INF] Login exitoso: vlapenta [Usuario suAdmin]
2026-07-29 14:04:38.949 -04:00 [INF] HTTP POST / responded 302 in 2031.8483 ms
2026-07-29 14:04:39.340 -04:00 [INF] HTTP GET /Reportes/VentasPorAgenteTaq responded 200 in 377.5410 ms
2026-07-29 14:04:44.650 -04:00 [ERR] Error GET api/Reportes/ListaAgentes
System.Net.Http.HttpRequestException: No se puede establecer una conexión ya que el equipo de destino denegó expresamente dicha conexión. (localhost:44322)
 ---> System.Net.Sockets.SocketException (10061): No se puede establecer una conexión ya que el equipo de destino denegó expresamente dicha conexión.
   at System.Net.Sockets.Socket.AwaitableSocketAsyncEventArgs.ThrowException(SocketError error, CancellationToken cancellationToken)
   at System.Net.Sockets.Socket.AwaitableSocketAsyncEventArgs.System.Threading.Tasks.Sources.IValueTaskSource.GetResult(Int16 token)
   at System.Net.Http.HttpConnectionPool.ConnectToTcpHostAsync(String host, Int32 port, HttpRequestMessage initialRequest, Boolean async, CancellationToken cancellationToken)
   --- End of inner exception stack trace ---
   at System.Net.Http.HttpConnectionPool.ConnectToTcpHostAsync(String host, Int32 port, HttpRequestMessage initialRequest, Boolean async, CancellationToken cancellationToken)
   at System.Net.Http.HttpConnectionPool.ConnectAsync(HttpRequestMessage request, Boolean async, CancellationToken cancellationToken)
   at System.Net.Http.HttpConnectionPool.CreateHttp11ConnectionAsync(HttpRequestMessage request, Boolean async, CancellationToken cancellationToken)
   at System.Net.Http.HttpConnectionPool.InjectNewHttp11ConnectionAsync(QueueItem queueItem)
   at System.Threading.Tasks.TaskCompletionSourceWithCancellation`1.WaitWithCancellationAsync(CancellationToken cancellationToken)
   at System.Net.Http.HttpConnectionWaiter`1.WaitForConnectionWithTelemetryAsync(HttpRequestMessage request, HttpConnectionPool pool, Boolean async, CancellationToken requestCancellationToken)
   at System.Net.Http.HttpConnectionPool.SendWithVersionDetectionAndRetryAsync(HttpRequestMessage request, Boolean async, Boolean doRequestAuth, CancellationToken cancellationToken)
   at System.Net.Http.DiagnosticsHandler.SendAsyncCore(HttpRequestMessage request, Boolean async, CancellationToken cancellationToken)
   at System.Net.Http.RedirectHandler.SendAsync(HttpRequestMessage request, Boolean async, CancellationToken cancellationToken)
   at System.Net.Http.SocketsHttpHandler.<SendAsync>g__CreateHandlerAndSendAsync|115_0(HttpRequestMessage request, CancellationToken cancellationToken)
   at Microsoft.Extensions.Http.Logging.LoggingHttpMessageHandler.<SendCoreAsync>g__Core|4_0(HttpRequestMessage request, Boolean useAsync, CancellationToken cancellationToken)
   at Microsoft.Extensions.Http.Logging.LoggingScopeHttpMessageHandler.<SendCoreAsync>g__Core|4_0(HttpRequestMessage request, Boolean useAsync, CancellationToken cancellationToken)
   at System.Net.Http.HttpClient.<SendAsync>g__Core|83_0(HttpRequestMessage request, HttpCompletionOption completionOption, CancellationTokenSource cts, Boolean disposeCts, CancellationTokenSource pendingRequestsCts, CancellationToken originalCancellationToken)
   at ReportePrematch.Web.Services.Clients.ApiClient.GetAsync[T](String endpoint, CancellationToken ct) in D:\GITHUB\ReportePrematch.Web\ReportePrematch.Web\Services\Clients\ApiClient.cs:line 23
2026-07-29 14:04:44.754 -04:00 [ERR] Error GetListAgencias via API
System.Net.Http.HttpRequestException: No se puede establecer una conexión ya que el equipo de destino denegó expresamente dicha conexión. (localhost:44322)
 ---> System.Net.Sockets.SocketException (10061): No se puede establecer una conexión ya que el equipo de destino denegó expresamente dicha conexión.
   at System.Net.Sockets.Socket.AwaitableSocketAsyncEventArgs.ThrowException(SocketError error, CancellationToken cancellationToken)
   at System.Net.Sockets.Socket.AwaitableSocketAsyncEventArgs.System.Threading.Tasks.Sources.IValueTaskSource.GetResult(Int16 token)
   at System.Net.Http.HttpConnectionPool.ConnectToTcpHostAsync(String host, Int32 port, HttpRequestMessage initialRequest, Boolean async, CancellationToken cancellationToken)
   --- End of inner exception stack trace ---
   at System.Net.Http.HttpConnectionPool.ConnectToTcpHostAsync(String host, Int32 port, HttpRequestMessage initialRequest, Boolean async, CancellationToken cancellationToken)
   at System.Net.Http.HttpConnectionPool.ConnectAsync(HttpRequestMessage request, Boolean async, CancellationToken cancellationToken)
   at System.Net.Http.HttpConnectionPool.CreateHttp11ConnectionAsync(HttpRequestMessage request, Boolean async, CancellationToken cancellationToken)
   at System.Net.Http.HttpConnectionPool.InjectNewHttp11ConnectionAsync(QueueItem queueItem)
   at System.Threading.Tasks.TaskCompletionSourceWithCancellation`1.WaitWithCancellationAsync(CancellationToken cancellationToken)
   at System.Net.Http.HttpConnectionWaiter`1.WaitForConnectionWithTelemetryAsync(HttpRequestMessage request, HttpConnectionPool pool, Boolean async, CancellationToken requestCancellationToken)
   at System.Net.Http.HttpConnectionPool.SendWithVersionDetectionAndRetryAsync(HttpRequestMessage request, Boolean async, Boolean doRequestAuth, CancellationToken cancellationToken)
   at System.Net.Http.DiagnosticsHandler.SendAsyncCore(HttpRequestMessage request, Boolean async, CancellationToken cancellationToken)
   at System.Net.Http.RedirectHandler.SendAsync(HttpRequestMessage request, Boolean async, CancellationToken cancellationToken)
   at System.Net.Http.SocketsHttpHandler.<SendAsync>g__CreateHandlerAndSendAsync|115_0(HttpRequestMessage request, CancellationToken cancellationToken)
   at Microsoft.Extensions.Http.Logging.LoggingHttpMessageHandler.<SendCoreAsync>g__Core|4_0(HttpRequestMessage request, Boolean useAsync, CancellationToken cancellationToken)
   at Microsoft.Extensions.Http.Logging.LoggingScopeHttpMessageHandler.<SendCoreAsync>g__Core|4_0(HttpRequestMessage request, Boolean useAsync, CancellationToken cancellationToken)
   at System.Net.Http.HttpClient.<SendAsync>g__Core|83_0(HttpRequestMessage request, HttpCompletionOption completionOption, CancellationTokenSource cts, Boolean disposeCts, CancellationTokenSource pendingRequestsCts, CancellationToken originalCancellationToken)
   at ReportePrematch.Web.Services.Clients.ApiClient.GetAsync[T](String endpoint, CancellationToken ct) in D:\GITHUB\ReportePrematch.Web\ReportePrematch.Web\Services\Clients\ApiClient.cs:line 23
   at ReportePrematch.Web.Services.Clients.ReportesServiceOld.GetListAgenciasAsync(String agente, String pais, String role) in D:\GITHUB\ReportePrematch.Web\ReportePrematch.Web\Services\Clients\ReportesServiceOld.cs:line 192
2026-07-29 14:04:44.782 -04:00 [INF] HTTP POST /Reportes/GetListAgencias responded 200 in 4830.1145 ms
