2026-08-25 17:03:32.039 -04:00 [INF] Iniciando ReportePrematch.Web...
2026-08-25 17:03:34.891 -04:00 [INF] HTTP GET / responded 200 in 375.0534 ms
2026-08-25 17:03:35.584 -04:00 [INF] HTTP GET /favicon.ico responded 404 in 6.2636 ms
2026-08-25 17:12:43.125 -04:00 [INF] Login exitoso: vlapenta [Usuario suAdmin]
2026-08-25 17:12:43.132 -04:00 [INF] HTTP POST / responded 302 in 1080.2096 ms
2026-08-25 17:12:43.355 -04:00 [INF] HTTP GET /Reportes/VentasPorAgente responded 200 in 216.9965 ms
2026-08-25 17:12:46.181 -04:00 [INF] HTTP POST /Reportes/GetListAgenciasApi responded 200 in 2459.8975 ms
2026-08-25 17:12:49.484 -04:00 [INF] HTTP GET /Reportes/Props responded 200 in 64.4992 ms
2026-08-25 17:12:50.103 -04:00 [INF] HTTP POST /Reportes/GetListAgenciasApi responded 200 in 411.9884 ms
2026-08-25 17:13:19.221 -04:00 [WRN] Respuesta no deserializable de GET+QS api/Reportes/Props. JSON: {"codigo":-2146232060,"mensaje":"A connection was successfully established with the server, but then an error occurred during the login process. (provider: SSL Provider, error: 0 - The certificate chain was issued by an authority that is not trusted.)"}
System.Text.Json.JsonException: The JSON value could not be converted to System.Collections.Generic.List`1[ReportePrematch.Web.Models.ApiReportes.PropsApiDto]. Path: $ | LineNumber: 0 | BytePositionInLine: 1.
   at System.Text.Json.ThrowHelper.ThrowJsonException_DeserializeUnableToConvertValue(Type propertyType)
   at System.Text.Json.Serialization.JsonCollectionConverter`2.OnTryRead(Utf8JsonReader& reader, Type typeToConvert, JsonSerializerOptions options, ReadStack& state, TCollection& value)
   at System.Text.Json.Serialization.JsonConverter`1.TryRead(Utf8JsonReader& reader, Type typeToConvert, JsonSerializerOptions options, ReadStack& state, T& value, Boolean& isPopulatedValue)
   at System.Text.Json.Serialization.JsonConverter`1.ReadCore(Utf8JsonReader& reader, T& value, JsonSerializerOptions options, ReadStack& state)
   at System.Text.Json.Serialization.Metadata.JsonTypeInfo`1.Deserialize(Utf8JsonReader& reader, ReadStack& state)
   at System.Text.Json.JsonSerializer.ReadFromSpan[TValue](ReadOnlySpan`1 utf8Json, JsonTypeInfo`1 jsonTypeInfo, Nullable`1 actualByteCount)
   at System.Text.Json.JsonSerializer.ReadFromSpan[TValue](ReadOnlySpan`1 json, JsonTypeInfo`1 jsonTypeInfo)
   at System.Text.Json.JsonSerializer.Deserialize[TValue](String json, JsonSerializerOptions options)
   at ReportePrematch.Web.Services.Clients.ApiClient.GetQueryAsync[T](String endpoint, Dictionary`2 query, CancellationToken ct) in D:\GITHUB\ReportePrematch.Web\ReportePrematch.Web\Services\Clients\ApiClient.cs:line 54
2026-08-25 17:13:19.245 -04:00 [INF] HTTP POST /Reportes/GetProps responded 200 in 3020.0325 ms
2026-08-25 17:13:23.248 -04:00 [INF] HTTP GET /.well-known/appspecific/com.chrome.devtools.json responded 404 in 0.2974 ms
2026-08-25 17:13:26.090 -04:00 [WRN] Respuesta no deserializable de GET+QS api/Reportes/Props. JSON: {"codigo":-2146232060,"mensaje":"A connection was successfully established with the server, but then an error occurred during the login process. (provider: SSL Provider, error: 0 - The certificate chain was issued by an authority that is not trusted.)"}
System.Text.Json.JsonException: The JSON value could not be converted to System.Collections.Generic.List`1[ReportePrematch.Web.Models.ApiReportes.PropsApiDto]. Path: $ | LineNumber: 0 | BytePositionInLine: 1.
   at System.Text.Json.ThrowHelper.ThrowJsonException_DeserializeUnableToConvertValue(Type propertyType)
   at System.Text.Json.Serialization.JsonCollectionConverter`2.OnTryRead(Utf8JsonReader& reader, Type typeToConvert, JsonSerializerOptions options, ReadStack& state, TCollection& value)
   at System.Text.Json.Serialization.JsonConverter`1.TryRead(Utf8JsonReader& reader, Type typeToConvert, JsonSerializerOptions options, ReadStack& state, T& value, Boolean& isPopulatedValue)
   at System.Text.Json.Serialization.JsonConverter`1.ReadCore(Utf8JsonReader& reader, T& value, JsonSerializerOptions options, ReadStack& state)
   at System.Text.Json.Serialization.Metadata.JsonTypeInfo`1.Deserialize(Utf8JsonReader& reader, ReadStack& state)
   at System.Text.Json.JsonSerializer.ReadFromSpan[TValue](ReadOnlySpan`1 utf8Json, JsonTypeInfo`1 jsonTypeInfo, Nullable`1 actualByteCount)
   at System.Text.Json.JsonSerializer.ReadFromSpan[TValue](ReadOnlySpan`1 json, JsonTypeInfo`1 jsonTypeInfo)
   at System.Text.Json.JsonSerializer.Deserialize[TValue](String json, JsonSerializerOptions options)
   at ReportePrematch.Web.Services.Clients.ApiClient.GetQueryAsync[T](String endpoint, Dictionary`2 query, CancellationToken ct) in D:\GITHUB\ReportePrematch.Web\ReportePrematch.Web\Services\Clients\ApiClient.cs:line 54
2026-08-25 17:13:26.096 -04:00 [INF] HTTP POST /Reportes/GetProps responded 200 in 173.2391 ms
2026-08-25 17:13:30.161 -04:00 [WRN] Respuesta no deserializable de GET+QS api/Reportes/Props. JSON: {"codigo":-2146232060,"mensaje":"A connection was successfully established with the server, but then an error occurred during the login process. (provider: SSL Provider, error: 0 - The certificate chain was issued by an authority that is not trusted.)"}
System.Text.Json.JsonException: The JSON value could not be converted to System.Collections.Generic.List`1[ReportePrematch.Web.Models.ApiReportes.PropsApiDto]. Path: $ | LineNumber: 0 | BytePositionInLine: 1.
   at System.Text.Json.ThrowHelper.ThrowJsonException_DeserializeUnableToConvertValue(Type propertyType)
   at System.Text.Json.Serialization.JsonCollectionConverter`2.OnTryRead(Utf8JsonReader& reader, Type typeToConvert, JsonSerializerOptions options, ReadStack& state, TCollection& value)
   at System.Text.Json.Serialization.JsonConverter`1.TryRead(Utf8JsonReader& reader, Type typeToConvert, JsonSerializerOptions options, ReadStack& state, T& value, Boolean& isPopulatedValue)
   at System.Text.Json.Serialization.JsonConverter`1.ReadCore(Utf8JsonReader& reader, T& value, JsonSerializerOptions options, ReadStack& state)
   at System.Text.Json.Serialization.Metadata.JsonTypeInfo`1.Deserialize(Utf8JsonReader& reader, ReadStack& state)
   at System.Text.Json.JsonSerializer.ReadFromSpan[TValue](ReadOnlySpan`1 utf8Json, JsonTypeInfo`1 jsonTypeInfo, Nullable`1 actualByteCount)
   at System.Text.Json.JsonSerializer.ReadFromSpan[TValue](ReadOnlySpan`1 json, JsonTypeInfo`1 jsonTypeInfo)
   at System.Text.Json.JsonSerializer.Deserialize[TValue](String json, JsonSerializerOptions options)
   at ReportePrematch.Web.Services.Clients.ApiClient.GetQueryAsync[T](String endpoint, Dictionary`2 query, CancellationToken ct) in D:\GITHUB\ReportePrematch.Web\ReportePrematch.Web\Services\Clients\ApiClient.cs:line 54
2026-08-25 17:13:30.165 -04:00 [INF] HTTP POST /Reportes/GetProps responded 200 in 126.2916 ms
2026-08-25 17:36:03.899 -04:00 [WRN] Respuesta no deserializable de GET+QS api/Reportes/Props. JSON: {"codigo":-2146232060,"mensaje":"A connection was successfully established with the server, but then an error occurred during the login process. (provider: SSL Provider, error: 0 - The certificate chain was issued by an authority that is not trusted.)"}
System.Text.Json.JsonException: The JSON value could not be converted to System.Collections.Generic.List`1[ReportePrematch.Web.Models.ApiReportes.PropsApiDto]. Path: $ | LineNumber: 0 | BytePositionInLine: 1.
   at System.Text.Json.ThrowHelper.ThrowJsonException_DeserializeUnableToConvertValue(Type propertyType)
   at System.Text.Json.Serialization.JsonCollectionConverter`2.OnTryRead(Utf8JsonReader& reader, Type typeToConvert, JsonSerializerOptions options, ReadStack& state, TCollection& value)
   at System.Text.Json.Serialization.JsonConverter`1.TryRead(Utf8JsonReader& reader, Type typeToConvert, JsonSerializerOptions options, ReadStack& state, T& value, Boolean& isPopulatedValue)
   at System.Text.Json.Serialization.JsonConverter`1.ReadCore(Utf8JsonReader& reader, T& value, JsonSerializerOptions options, ReadStack& state)
   at System.Text.Json.Serialization.Metadata.JsonTypeInfo`1.Deserialize(Utf8JsonReader& reader, ReadStack& state)
   at System.Text.Json.JsonSerializer.ReadFromSpan[TValue](ReadOnlySpan`1 utf8Json, JsonTypeInfo`1 jsonTypeInfo, Nullable`1 actualByteCount)
   at System.Text.Json.JsonSerializer.ReadFromSpan[TValue](ReadOnlySpan`1 json, JsonTypeInfo`1 jsonTypeInfo)
   at System.Text.Json.JsonSerializer.Deserialize[TValue](String json, JsonSerializerOptions options)
   at ReportePrematch.Web.Services.Clients.ApiClient.GetQueryAsync[T](String endpoint, Dictionary`2 query, CancellationToken ct) in D:\GITHUB\ReportePrematch.Web\ReportePrematch.Web\Services\Clients\ApiClient.cs:line 54
2026-08-25 17:36:03.906 -04:00 [INF] HTTP POST /Reportes/GetProps responded 200 in 2244.1353 ms
2026-08-25 17:36:09.782 -04:00 [WRN] Respuesta no deserializable de GET+QS api/Reportes/Props. JSON: {"codigo":-2146232060,"mensaje":"A connection was successfully established with the server, but then an error occurred during the login process. (provider: SSL Provider, error: 0 - The certificate chain was issued by an authority that is not trusted.)"}
System.Text.Json.JsonException: The JSON value could not be converted to System.Collections.Generic.List`1[ReportePrematch.Web.Models.ApiReportes.PropsApiDto]. Path: $ | LineNumber: 0 | BytePositionInLine: 1.
   at System.Text.Json.ThrowHelper.ThrowJsonException_DeserializeUnableToConvertValue(Type propertyType)
   at System.Text.Json.Serialization.JsonCollectionConverter`2.OnTryRead(Utf8JsonReader& reader, Type typeToConvert, JsonSerializerOptions options, ReadStack& state, TCollection& value)
   at System.Text.Json.Serialization.JsonConverter`1.TryRead(Utf8JsonReader& reader, Type typeToConvert, JsonSerializerOptions options, ReadStack& state, T& value, Boolean& isPopulatedValue)
   at System.Text.Json.Serialization.JsonConverter`1.ReadCore(Utf8JsonReader& reader, T& value, JsonSerializerOptions options, ReadStack& state)
   at System.Text.Json.Serialization.Metadata.JsonTypeInfo`1.Deserialize(Utf8JsonReader& reader, ReadStack& state)
   at System.Text.Json.JsonSerializer.ReadFromSpan[TValue](ReadOnlySpan`1 utf8Json, JsonTypeInfo`1 jsonTypeInfo, Nullable`1 actualByteCount)
   at System.Text.Json.JsonSerializer.ReadFromSpan[TValue](ReadOnlySpan`1 json, JsonTypeInfo`1 jsonTypeInfo)
   at System.Text.Json.JsonSerializer.Deserialize[TValue](String json, JsonSerializerOptions options)
   at ReportePrematch.Web.Services.Clients.ApiClient.GetQueryAsync[T](String endpoint, Dictionary`2 query, CancellationToken ct) in D:\GITHUB\ReportePrematch.Web\ReportePrematch.Web\Services\Clients\ApiClient.cs:line 54
2026-08-25 17:36:09.788 -04:00 [INF] HTTP POST /Reportes/GetProps responded 200 in 174.4139 ms
2026-08-25 17:41:06.572 -04:00 [INF] Iniciando ReportePrematch.Web...
2026-08-25 17:41:07.610 -04:00 [INF] HTTP GET / responded 200 in 232.0358 ms
2026-08-25 17:41:18.606 -04:00 [INF] Login exitoso: vlapenta [Usuario suAdmin]
2026-08-25 17:41:18.613 -04:00 [INF] HTTP POST / responded 302 in 1016.7120 ms
2026-08-25 17:41:18.723 -04:00 [INF] HTTP GET /Reportes/VentasPorAgente responded 200 in 104.3436 ms
2026-08-25 17:41:20.061 -04:00 [INF] HTTP POST /Reportes/GetListAgenciasApi responded 200 in 1124.6788 ms
2026-08-25 17:41:23.878 -04:00 [INF] HTTP GET /Reportes/Props responded 200 in 27.3132 ms
2026-08-25 17:41:24.602 -04:00 [INF] HTTP POST /Reportes/GetListAgenciasApi responded 200 in 613.7152 ms
2026-08-25 17:41:32.845 -04:00 [WRN] Respuesta no deserializable de GET+QS api/Reportes/Props. JSON: {"codigo":-2146232060,"mensaje":"A connection was successfully established with the server, but then an error occurred during the login process. (provider: SSL Provider, error: 0 - The certificate chain was issued by an authority that is not trusted.)"}
System.Text.Json.JsonException: The JSON value could not be converted to System.Collections.Generic.List`1[ReportePrematch.Web.Models.ApiReportes.PropsApiDto]. Path: $ | LineNumber: 0 | BytePositionInLine: 1.
   at System.Text.Json.ThrowHelper.ThrowJsonException_DeserializeUnableToConvertValue(Type propertyType)
   at System.Text.Json.Serialization.JsonCollectionConverter`2.OnTryRead(Utf8JsonReader& reader, Type typeToConvert, JsonSerializerOptions options, ReadStack& state, TCollection& value)
   at System.Text.Json.Serialization.JsonConverter`1.TryRead(Utf8JsonReader& reader, Type typeToConvert, JsonSerializerOptions options, ReadStack& state, T& value, Boolean& isPopulatedValue)
   at System.Text.Json.Serialization.JsonConverter`1.ReadCore(Utf8JsonReader& reader, T& value, JsonSerializerOptions options, ReadStack& state)
   at System.Text.Json.Serialization.Metadata.JsonTypeInfo`1.Deserialize(Utf8JsonReader& reader, ReadStack& state)
   at System.Text.Json.JsonSerializer.ReadFromSpan[TValue](ReadOnlySpan`1 utf8Json, JsonTypeInfo`1 jsonTypeInfo, Nullable`1 actualByteCount)
   at System.Text.Json.JsonSerializer.ReadFromSpan[TValue](ReadOnlySpan`1 json, JsonTypeInfo`1 jsonTypeInfo)
   at System.Text.Json.JsonSerializer.Deserialize[TValue](String json, JsonSerializerOptions options)
   at ReportePrematch.Web.Services.Clients.ApiClient.GetQueryAsync[T](String endpoint, Dictionary`2 query, CancellationToken ct) in D:\GITHUB\ReportePrematch.Web\ReportePrematch.Web\Services\Clients\ApiClient.cs:line 54
2026-08-25 17:41:32.860 -04:00 [INF] HTTP POST /Reportes/GetProps responded 200 in 688.6291 ms
2026-08-25 17:41:55.668 -04:00 [INF] HTTP GET /.well-known/appspecific/com.chrome.devtools.json responded 404 in 1.1348 ms
2026-08-25 17:41:57.111 -04:00 [WRN] Respuesta no deserializable de GET+QS api/Reportes/Props. JSON: {"codigo":-2146232060,"mensaje":"A connection was successfully established with the server, but then an error occurred during the login process. (provider: SSL Provider, error: 0 - The certificate chain was issued by an authority that is not trusted.)"}
System.Text.Json.JsonException: The JSON value could not be converted to System.Collections.Generic.List`1[ReportePrematch.Web.Models.ApiReportes.PropsApiDto]. Path: $ | LineNumber: 0 | BytePositionInLine: 1.
   at System.Text.Json.ThrowHelper.ThrowJsonException_DeserializeUnableToConvertValue(Type propertyType)
   at System.Text.Json.Serialization.JsonCollectionConverter`2.OnTryRead(Utf8JsonReader& reader, Type typeToConvert, JsonSerializerOptions options, ReadStack& state, TCollection& value)
   at System.Text.Json.Serialization.JsonConverter`1.TryRead(Utf8JsonReader& reader, Type typeToConvert, JsonSerializerOptions options, ReadStack& state, T& value, Boolean& isPopulatedValue)
   at System.Text.Json.Serialization.JsonConverter`1.ReadCore(Utf8JsonReader& reader, T& value, JsonSerializerOptions options, ReadStack& state)
   at System.Text.Json.Serialization.Metadata.JsonTypeInfo`1.Deserialize(Utf8JsonReader& reader, ReadStack& state)
   at System.Text.Json.JsonSerializer.ReadFromSpan[TValue](ReadOnlySpan`1 utf8Json, JsonTypeInfo`1 jsonTypeInfo, Nullable`1 actualByteCount)
   at System.Text.Json.JsonSerializer.ReadFromSpan[TValue](ReadOnlySpan`1 json, JsonTypeInfo`1 jsonTypeInfo)
   at System.Text.Json.JsonSerializer.Deserialize[TValue](String json, JsonSerializerOptions options)
   at ReportePrematch.Web.Services.Clients.ApiClient.GetQueryAsync[T](String endpoint, Dictionary`2 query, CancellationToken ct) in D:\GITHUB\ReportePrematch.Web\ReportePrematch.Web\Services\Clients\ApiClient.cs:line 54
2026-08-25 17:41:57.115 -04:00 [INF] HTTP POST /Reportes/GetProps responded 200 in 226.1743 ms
2026-08-25 17:42:01.132 -04:00 [WRN] Respuesta no deserializable de GET+QS api/Reportes/Props. JSON: {"codigo":-2146232060,"mensaje":"A connection was successfully established with the server, but then an error occurred during the login process. (provider: SSL Provider, error: 0 - The certificate chain was issued by an authority that is not trusted.)"}
System.Text.Json.JsonException: The JSON value could not be converted to System.Collections.Generic.List`1[ReportePrematch.Web.Models.ApiReportes.PropsApiDto]. Path: $ | LineNumber: 0 | BytePositionInLine: 1.
   at System.Text.Json.ThrowHelper.ThrowJsonException_DeserializeUnableToConvertValue(Type propertyType)
   at System.Text.Json.Serialization.JsonCollectionConverter`2.OnTryRead(Utf8JsonReader& reader, Type typeToConvert, JsonSerializerOptions options, ReadStack& state, TCollection& value)
   at System.Text.Json.Serialization.JsonConverter`1.TryRead(Utf8JsonReader& reader, Type typeToConvert, JsonSerializerOptions options, ReadStack& state, T& value, Boolean& isPopulatedValue)
   at System.Text.Json.Serialization.JsonConverter`1.ReadCore(Utf8JsonReader& reader, T& value, JsonSerializerOptions options, ReadStack& state)
   at System.Text.Json.Serialization.Metadata.JsonTypeInfo`1.Deserialize(Utf8JsonReader& reader, ReadStack& state)
   at System.Text.Json.JsonSerializer.ReadFromSpan[TValue](ReadOnlySpan`1 utf8Json, JsonTypeInfo`1 jsonTypeInfo, Nullable`1 actualByteCount)
   at System.Text.Json.JsonSerializer.ReadFromSpan[TValue](ReadOnlySpan`1 json, JsonTypeInfo`1 jsonTypeInfo)
   at System.Text.Json.JsonSerializer.Deserialize[TValue](String json, JsonSerializerOptions options)
   at ReportePrematch.Web.Services.Clients.ApiClient.GetQueryAsync[T](String endpoint, Dictionary`2 query, CancellationToken ct) in D:\GITHUB\ReportePrematch.Web\ReportePrematch.Web\Services\Clients\ApiClient.cs:line 54
2026-08-25 17:42:01.137 -04:00 [INF] HTTP POST /Reportes/GetProps responded 200 in 223.7536 ms
2026-08-25 17:48:22.747 -04:00 [INF] HTTP GET /Reportes/Props responded 200 in 5.5251 ms
2026-08-25 17:48:23.724 -04:00 [INF] HTTP POST /Reportes/GetListAgenciasApi responded 200 in 595.8859 ms
2026-08-25 17:48:39.230 -04:00 [WRN] Respuesta no deserializable de GET+QS api/Reportes/Props. JSON: {"codigo":-2146232060,"mensaje":"A connection was successfully established with the server, but then an error occurred during the login process. (provider: SSL Provider, error: 0 - The certificate chain was issued by an authority that is not trusted.)"}
System.Text.Json.JsonException: The JSON value could not be converted to System.Collections.Generic.List`1[ReportePrematch.Web.Models.ApiReportes.PropsApiDto]. Path: $ | LineNumber: 0 | BytePositionInLine: 1.
   at System.Text.Json.ThrowHelper.ThrowJsonException_DeserializeUnableToConvertValue(Type propertyType)
   at System.Text.Json.Serialization.JsonCollectionConverter`2.OnTryRead(Utf8JsonReader& reader, Type typeToConvert, JsonSerializerOptions options, ReadStack& state, TCollection& value)
   at System.Text.Json.Serialization.JsonConverter`1.TryRead(Utf8JsonReader& reader, Type typeToConvert, JsonSerializerOptions options, ReadStack& state, T& value, Boolean& isPopulatedValue)
   at System.Text.Json.Serialization.JsonConverter`1.ReadCore(Utf8JsonReader& reader, T& value, JsonSerializerOptions options, ReadStack& state)
   at System.Text.Json.Serialization.Metadata.JsonTypeInfo`1.Deserialize(Utf8JsonReader& reader, ReadStack& state)
   at System.Text.Json.JsonSerializer.ReadFromSpan[TValue](ReadOnlySpan`1 utf8Json, JsonTypeInfo`1 jsonTypeInfo, Nullable`1 actualByteCount)
   at System.Text.Json.JsonSerializer.ReadFromSpan[TValue](ReadOnlySpan`1 json, JsonTypeInfo`1 jsonTypeInfo)
   at System.Text.Json.JsonSerializer.Deserialize[TValue](String json, JsonSerializerOptions options)
   at ReportePrematch.Web.Services.Clients.ApiClient.GetQueryAsync[T](String endpoint, Dictionary`2 query, CancellationToken ct) in D:\GITHUB\ReportePrematch.Web\ReportePrematch.Web\Services\Clients\ApiClient.cs:line 54
2026-08-25 17:48:39.236 -04:00 [INF] HTTP POST /Reportes/GetProps responded 200 in 542.9361 ms
2026-08-25 17:48:49.225 -04:00 [WRN] Respuesta no deserializable de GET+QS api/Reportes/Props. JSON: {"codigo":-2146232060,"mensaje":"A connection was successfully established with the server, but then an error occurred during the login process. (provider: SSL Provider, error: 0 - The certificate chain was issued by an authority that is not trusted.)"}
System.Text.Json.JsonException: The JSON value could not be converted to System.Collections.Generic.List`1[ReportePrematch.Web.Models.ApiReportes.PropsApiDto]. Path: $ | LineNumber: 0 | BytePositionInLine: 1.
   at System.Text.Json.ThrowHelper.ThrowJsonException_DeserializeUnableToConvertValue(Type propertyType)
   at System.Text.Json.Serialization.JsonCollectionConverter`2.OnTryRead(Utf8JsonReader& reader, Type typeToConvert, JsonSerializerOptions options, ReadStack& state, TCollection& value)
   at System.Text.Json.Serialization.JsonConverter`1.TryRead(Utf8JsonReader& reader, Type typeToConvert, JsonSerializerOptions options, ReadStack& state, T& value, Boolean& isPopulatedValue)
   at System.Text.Json.Serialization.JsonConverter`1.ReadCore(Utf8JsonReader& reader, T& value, JsonSerializerOptions options, ReadStack& state)
   at System.Text.Json.Serialization.Metadata.JsonTypeInfo`1.Deserialize(Utf8JsonReader& reader, ReadStack& state)
   at System.Text.Json.JsonSerializer.ReadFromSpan[TValue](ReadOnlySpan`1 utf8Json, JsonTypeInfo`1 jsonTypeInfo, Nullable`1 actualByteCount)
   at System.Text.Json.JsonSerializer.ReadFromSpan[TValue](ReadOnlySpan`1 json, JsonTypeInfo`1 jsonTypeInfo)
   at System.Text.Json.JsonSerializer.Deserialize[TValue](String json, JsonSerializerOptions options)
   at ReportePrematch.Web.Services.Clients.ApiClient.GetQueryAsync[T](String endpoint, Dictionary`2 query, CancellationToken ct) in D:\GITHUB\ReportePrematch.Web\ReportePrematch.Web\Services\Clients\ApiClient.cs:line 54
2026-08-25 17:48:49.230 -04:00 [INF] HTTP POST /Reportes/GetProps responded 200 in 231.1773 ms
2026-08-25 17:51:36.044 -04:00 [WRN] Respuesta no deserializable de GET+QS api/Reportes/Props. JSON: {"codigo":-2146232060,"mensaje":"A connection was successfully established with the server, but then an error occurred during the login process. (provider: SSL Provider, error: 0 - The certificate chain was issued by an authority that is not trusted.)"}
System.Text.Json.JsonException: The JSON value could not be converted to System.Collections.Generic.List`1[ReportePrematch.Web.Models.ApiReportes.PropsApiDto]. Path: $ | LineNumber: 0 | BytePositionInLine: 1.
   at System.Text.Json.ThrowHelper.ThrowJsonException_DeserializeUnableToConvertValue(Type propertyType)
   at System.Text.Json.Serialization.JsonCollectionConverter`2.OnTryRead(Utf8JsonReader& reader, Type typeToConvert, JsonSerializerOptions options, ReadStack& state, TCollection& value)
   at System.Text.Json.Serialization.JsonConverter`1.TryRead(Utf8JsonReader& reader, Type typeToConvert, JsonSerializerOptions options, ReadStack& state, T& value, Boolean& isPopulatedValue)
   at System.Text.Json.Serialization.JsonConverter`1.ReadCore(Utf8JsonReader& reader, T& value, JsonSerializerOptions options, ReadStack& state)
   at System.Text.Json.Serialization.Metadata.JsonTypeInfo`1.Deserialize(Utf8JsonReader& reader, ReadStack& state)
   at System.Text.Json.JsonSerializer.ReadFromSpan[TValue](ReadOnlySpan`1 utf8Json, JsonTypeInfo`1 jsonTypeInfo, Nullable`1 actualByteCount)
   at System.Text.Json.JsonSerializer.ReadFromSpan[TValue](ReadOnlySpan`1 json, JsonTypeInfo`1 jsonTypeInfo)
   at System.Text.Json.JsonSerializer.Deserialize[TValue](String json, JsonSerializerOptions options)
   at ReportePrematch.Web.Services.Clients.ApiClient.GetQueryAsync[T](String endpoint, Dictionary`2 query, CancellationToken ct) in D:\GITHUB\ReportePrematch.Web\ReportePrematch.Web\Services\Clients\ApiClient.cs:line 54
2026-08-25 17:51:36.048 -04:00 [INF] HTTP POST /Reportes/GetProps responded 200 in 502.3944 ms
2026-08-25 17:56:29.178 -04:00 [WRN] Respuesta no deserializable de GET+QS api/Reportes/Props. JSON: {"codigo":-2147467261,"mensaje":"Object reference not set to an instance of an object."}
System.Text.Json.JsonException: The JSON value could not be converted to System.Collections.Generic.List`1[ReportePrematch.Web.Models.ApiReportes.PropsApiDto]. Path: $ | LineNumber: 0 | BytePositionInLine: 1.
   at System.Text.Json.ThrowHelper.ThrowJsonException_DeserializeUnableToConvertValue(Type propertyType)
   at System.Text.Json.Serialization.JsonCollectionConverter`2.OnTryRead(Utf8JsonReader& reader, Type typeToConvert, JsonSerializerOptions options, ReadStack& state, TCollection& value)
   at System.Text.Json.Serialization.JsonConverter`1.TryRead(Utf8JsonReader& reader, Type typeToConvert, JsonSerializerOptions options, ReadStack& state, T& value, Boolean& isPopulatedValue)
   at System.Text.Json.Serialization.JsonConverter`1.ReadCore(Utf8JsonReader& reader, T& value, JsonSerializerOptions options, ReadStack& state)
   at System.Text.Json.Serialization.Metadata.JsonTypeInfo`1.Deserialize(Utf8JsonReader& reader, ReadStack& state)
   at System.Text.Json.JsonSerializer.ReadFromSpan[TValue](ReadOnlySpan`1 utf8Json, JsonTypeInfo`1 jsonTypeInfo, Nullable`1 actualByteCount)
   at System.Text.Json.JsonSerializer.ReadFromSpan[TValue](ReadOnlySpan`1 json, JsonTypeInfo`1 jsonTypeInfo)
   at System.Text.Json.JsonSerializer.Deserialize[TValue](String json, JsonSerializerOptions options)
   at ReportePrematch.Web.Services.Clients.ApiClient.GetQueryAsync[T](String endpoint, Dictionary`2 query, CancellationToken ct) in D:\GITHUB\ReportePrematch.Web\ReportePrematch.Web\Services\Clients\ApiClient.cs:line 54
2026-08-25 17:56:29.182 -04:00 [INF] HTTP POST /Reportes/GetProps responded 200 in 521.8363 ms
2026-08-25 17:57:48.264 -04:00 [WRN] Respuesta no deserializable de GET+QS api/Reportes/Props. JSON: {"codigo":-2146232060,"mensaje":"A connection was successfully established with the server, but then an error occurred during the login process. (provider: SSL Provider, error: 0 - The certificate chain was issued by an authority that is not trusted.)"}
System.Text.Json.JsonException: The JSON value could not be converted to System.Collections.Generic.List`1[ReportePrematch.Web.Models.ApiReportes.PropsApiDto]. Path: $ | LineNumber: 0 | BytePositionInLine: 1.
   at System.Text.Json.ThrowHelper.ThrowJsonException_DeserializeUnableToConvertValue(Type propertyType)
   at System.Text.Json.Serialization.JsonCollectionConverter`2.OnTryRead(Utf8JsonReader& reader, Type typeToConvert, JsonSerializerOptions options, ReadStack& state, TCollection& value)
   at System.Text.Json.Serialization.JsonConverter`1.TryRead(Utf8JsonReader& reader, Type typeToConvert, JsonSerializerOptions options, ReadStack& state, T& value, Boolean& isPopulatedValue)
   at System.Text.Json.Serialization.JsonConverter`1.ReadCore(Utf8JsonReader& reader, T& value, JsonSerializerOptions options, ReadStack& state)
   at System.Text.Json.Serialization.Metadata.JsonTypeInfo`1.Deserialize(Utf8JsonReader& reader, ReadStack& state)
   at System.Text.Json.JsonSerializer.ReadFromSpan[TValue](ReadOnlySpan`1 utf8Json, JsonTypeInfo`1 jsonTypeInfo, Nullable`1 actualByteCount)
   at System.Text.Json.JsonSerializer.ReadFromSpan[TValue](ReadOnlySpan`1 json, JsonTypeInfo`1 jsonTypeInfo)
   at System.Text.Json.JsonSerializer.Deserialize[TValue](String json, JsonSerializerOptions options)
   at ReportePrematch.Web.Services.Clients.ApiClient.GetQueryAsync[T](String endpoint, Dictionary`2 query, CancellationToken ct) in D:\GITHUB\ReportePrematch.Web\ReportePrematch.Web\Services\Clients\ApiClient.cs:line 54
2026-08-25 17:57:48.270 -04:00 [INF] HTTP POST /Reportes/GetProps responded 200 in 481.9301 ms
2026-08-25 17:58:06.507 -04:00 [WRN] Respuesta no deserializable de GET+QS api/Reportes/Props. JSON: {"codigo":-2147467261,"mensaje":"Object reference not set to an instance of an object."}
System.Text.Json.JsonException: The JSON value could not be converted to System.Collections.Generic.List`1[ReportePrematch.Web.Models.ApiReportes.PropsApiDto]. Path: $ | LineNumber: 0 | BytePositionInLine: 1.
   at System.Text.Json.ThrowHelper.ThrowJsonException_DeserializeUnableToConvertValue(Type propertyType)
   at System.Text.Json.Serialization.JsonCollectionConverter`2.OnTryRead(Utf8JsonReader& reader, Type typeToConvert, JsonSerializerOptions options, ReadStack& state, TCollection& value)
   at System.Text.Json.Serialization.JsonConverter`1.TryRead(Utf8JsonReader& reader, Type typeToConvert, JsonSerializerOptions options, ReadStack& state, T& value, Boolean& isPopulatedValue)
   at System.Text.Json.Serialization.JsonConverter`1.ReadCore(Utf8JsonReader& reader, T& value, JsonSerializerOptions options, ReadStack& state)
   at System.Text.Json.Serialization.Metadata.JsonTypeInfo`1.Deserialize(Utf8JsonReader& reader, ReadStack& state)
   at System.Text.Json.JsonSerializer.ReadFromSpan[TValue](ReadOnlySpan`1 utf8Json, JsonTypeInfo`1 jsonTypeInfo, Nullable`1 actualByteCount)
   at System.Text.Json.JsonSerializer.ReadFromSpan[TValue](ReadOnlySpan`1 json, JsonTypeInfo`1 jsonTypeInfo)
   at System.Text.Json.JsonSerializer.Deserialize[TValue](String json, JsonSerializerOptions options)
   at ReportePrematch.Web.Services.Clients.ApiClient.GetQueryAsync[T](String endpoint, Dictionary`2 query, CancellationToken ct) in D:\GITHUB\ReportePrematch.Web\ReportePrematch.Web\Services\Clients\ApiClient.cs:line 54
2026-08-25 17:58:06.511 -04:00 [INF] HTTP POST /Reportes/GetProps responded 200 in 116.5671 ms
2026-08-25 18:01:24.244 -04:00 [WRN] Respuesta no deserializable de GET+QS api/Reportes/Props. JSON: {"codigo":-2147467261,"mensaje":"Object reference not set to an instance of an object."}
System.Text.Json.JsonException: The JSON value could not be converted to System.Collections.Generic.List`1[ReportePrematch.Web.Models.ApiReportes.PropsApiDto]. Path: $ | LineNumber: 0 | BytePositionInLine: 1.
   at System.Text.Json.ThrowHelper.ThrowJsonException_DeserializeUnableToConvertValue(Type propertyType)
   at System.Text.Json.Serialization.JsonCollectionConverter`2.OnTryRead(Utf8JsonReader& reader, Type typeToConvert, JsonSerializerOptions options, ReadStack& state, TCollection& value)
   at System.Text.Json.Serialization.JsonConverter`1.TryRead(Utf8JsonReader& reader, Type typeToConvert, JsonSerializerOptions options, ReadStack& state, T& value, Boolean& isPopulatedValue)
   at System.Text.Json.Serialization.JsonConverter`1.ReadCore(Utf8JsonReader& reader, T& value, JsonSerializerOptions options, ReadStack& state)
   at System.Text.Json.Serialization.Metadata.JsonTypeInfo`1.Deserialize(Utf8JsonReader& reader, ReadStack& state)
   at System.Text.Json.JsonSerializer.ReadFromSpan[TValue](ReadOnlySpan`1 utf8Json, JsonTypeInfo`1 jsonTypeInfo, Nullable`1 actualByteCount)
   at System.Text.Json.JsonSerializer.ReadFromSpan[TValue](ReadOnlySpan`1 json, JsonTypeInfo`1 jsonTypeInfo)
   at System.Text.Json.JsonSerializer.Deserialize[TValue](String json, JsonSerializerOptions options)
   at ReportePrematch.Web.Services.Clients.ApiClient.GetQueryAsync[T](String endpoint, Dictionary`2 query, CancellationToken ct) in D:\GITHUB\ReportePrematch.Web\ReportePrematch.Web\Services\Clients\ApiClient.cs:line 54
2026-08-25 18:01:24.248 -04:00 [INF] HTTP POST /Reportes/GetProps responded 200 in 475.7604 ms
2026-08-25 18:38:34.811 -04:00 [WRN] Respuesta no deserializable de GET+QS api/Reportes/Props. JSON: {"codigo":-2146232060,"mensaje":"A connection was successfully established with the server, but then an error occurred during the login process. (provider: SSL Provider, error: 0 - The certificate chain was issued by an authority that is not trusted.)"}
System.Text.Json.JsonException: The JSON value could not be converted to System.Collections.Generic.List`1[ReportePrematch.Web.Models.ApiReportes.PropsApiDto]. Path: $ | LineNumber: 0 | BytePositionInLine: 1.
   at System.Text.Json.ThrowHelper.ThrowJsonException_DeserializeUnableToConvertValue(Type propertyType)
   at System.Text.Json.Serialization.JsonCollectionConverter`2.OnTryRead(Utf8JsonReader& reader, Type typeToConvert, JsonSerializerOptions options, ReadStack& state, TCollection& value)
   at System.Text.Json.Serialization.JsonConverter`1.TryRead(Utf8JsonReader& reader, Type typeToConvert, JsonSerializerOptions options, ReadStack& state, T& value, Boolean& isPopulatedValue)
   at System.Text.Json.Serialization.JsonConverter`1.ReadCore(Utf8JsonReader& reader, T& value, JsonSerializerOptions options, ReadStack& state)
   at System.Text.Json.Serialization.Metadata.JsonTypeInfo`1.Deserialize(Utf8JsonReader& reader, ReadStack& state)
   at System.Text.Json.JsonSerializer.ReadFromSpan[TValue](ReadOnlySpan`1 utf8Json, JsonTypeInfo`1 jsonTypeInfo, Nullable`1 actualByteCount)
   at System.Text.Json.JsonSerializer.ReadFromSpan[TValue](ReadOnlySpan`1 json, JsonTypeInfo`1 jsonTypeInfo)
   at System.Text.Json.JsonSerializer.Deserialize[TValue](String json, JsonSerializerOptions options)
   at ReportePrematch.Web.Services.Clients.ApiClient.GetQueryAsync[T](String endpoint, Dictionary`2 query, CancellationToken ct) in D:\GITHUB\ReportePrematch.Web\ReportePrematch.Web\Services\Clients\ApiClient.cs:line 54
2026-08-25 18:38:34.815 -04:00 [INF] HTTP POST /Reportes/GetProps responded 200 in 2104.3889 ms
2026-08-25 18:42:01.134 -04:00 [INF] Iniciando ReportePrematch.Web...
2026-08-25 18:42:02.428 -04:00 [INF] HTTP GET / responded 200 in 252.0407 ms
2026-08-25 18:42:13.338 -04:00 [INF] Login exitoso: vlapenta [Usuario suAdmin]
2026-08-25 18:42:13.348 -04:00 [INF] HTTP POST / responded 302 in 1016.8319 ms
2026-08-25 18:42:13.474 -04:00 [INF] HTTP GET /Reportes/VentasPorAgente responded 200 in 117.0301 ms
2026-08-25 18:42:14.742 -04:00 [INF] HTTP POST /Reportes/GetListAgenciasApi responded 200 in 1026.2555 ms
2026-08-25 18:42:19.844 -04:00 [INF] HTTP GET /Reportes/Props responded 200 in 20.2531 ms
2026-08-25 18:42:20.572 -04:00 [INF] HTTP POST /Reportes/GetListAgenciasApi responded 200 in 616.6680 ms
2026-08-25 18:42:31.278 -04:00 [INF] HTTP POST /Reportes/GetProps responded 200 in 919.1611 ms
2026-08-25 19:09:52.879 -04:00 [INF] Iniciando ReportePrematch.Web...
2026-08-25 19:09:54.165 -04:00 [INF] HTTP GET / responded 200 in 220.3622 ms
2026-08-25 19:10:05.169 -04:00 [INF] Login exitoso: vlapenta [Usuario suAdmin]
2026-08-25 19:10:05.178 -04:00 [INF] HTTP POST / responded 302 in 910.1013 ms
2026-08-25 19:10:05.288 -04:00 [INF] HTTP GET /Reportes/VentasPorAgente responded 200 in 102.2295 ms
2026-08-25 19:10:06.562 -04:00 [INF] HTTP POST /Reportes/GetListAgenciasApi responded 200 in 1058.2226 ms
2026-08-25 19:10:10.246 -04:00 [INF] HTTP GET /Reportes/Props responded 200 in 23.8435 ms
2026-08-25 19:10:10.981 -04:00 [INF] HTTP POST /Reportes/GetListAgenciasApi responded 200 in 608.5207 ms
2026-08-25 19:10:19.969 -04:00 [INF] HTTP POST /Reportes/GetProps responded 200 in 898.5735 ms
2026-08-25 19:10:31.707 -04:00 [INF] HTTP GET /Reportes/VentasPorPais responded 200 in 13.6074 ms
2026-08-25 19:10:41.187 -04:00 [INF] HTTP POST /Reportes/GetVentasPorPaisTaq responded 200 in 1794.5015 ms
2026-08-25 19:10:47.625 -04:00 [INF] HTTP POST /Reportes/GetVentasPorPaisTaq responded 200 in 623.4861 ms
2026-08-25 19:11:02.269 -04:00 [INF] HTTP GET /Reportes/VentasDetalladasLive responded 200 in 23.4879 ms
2026-08-25 19:11:02.990 -04:00 [INF] HTTP POST /Reportes/GetListAgenciasApi responded 200 in 627.5699 ms
2026-08-25 19:15:50.902 -04:00 [INF] HTTP GET /Reportes/IconSlot responded 200 in 24.1786 ms
2026-08-25 19:15:52.202 -04:00 [INF] HTTP POST /Reportes/GetListAgenciasApi responded 200 in 1049.4574 ms
2026-08-25 19:16:13.760 -04:00 [INF] HTTP POST /Reportes/GetVentasDetalladasLive responded 200 in 730.8725 ms
2026-08-25 19:16:19.036 -04:00 [INF] HTTP POST /Reportes/GetVentasDetalladasLive responded 200 in 100.4793 ms
2026-08-25 19:16:22.492 -04:00 [INF] HTTP GET /.well-known/appspecific/com.chrome.devtools.json responded 404 in 0.7789 ms
2026-08-25 19:16:24.252 -04:00 [INF] HTTP POST /Reportes/GetVentasDetalladasLive responded 200 in 101.2089 ms
2026-08-25 19:16:29.711 -04:00 [INF] HTTP POST /Reportes/GetVentasDetalladasLive responded 200 in 105.6976 ms
2026-08-25 19:16:35.212 -04:00 [INF] HTTP GET /Reportes/IconSlot responded 200 in 3.1588 ms
2026-08-25 19:16:35.329 -04:00 [INF] HTTP GET /.well-known/appspecific/com.chrome.devtools.json responded 404 in 0.3116 ms
2026-08-25 19:16:36.202 -04:00 [INF] HTTP POST /Reportes/GetListAgenciasApi responded 200 in 579.2737 ms
2026-08-25 19:17:00.203 -04:00 [WRN] Respuesta no deserializable de GET+QS api/Reportes/CasinoIconSlot. JSON: {"codigo":-2146232060,"mensaje":"A connection was successfully established with the server, but then an error occurred during the pre-login handshake. (provider: TCP Provider, error: 0 - Se ha forzado la interrupción de una conexión existente por el host remoto.)"}
System.Text.Json.JsonException: The JSON value could not be converted to System.Collections.Generic.List`1[ReportePrematch.Web.Models.ApiReportes.CasinoDto]. Path: $ | LineNumber: 0 | BytePositionInLine: 1.
   at System.Text.Json.ThrowHelper.ThrowJsonException_DeserializeUnableToConvertValue(Type propertyType)
   at System.Text.Json.Serialization.JsonCollectionConverter`2.OnTryRead(Utf8JsonReader& reader, Type typeToConvert, JsonSerializerOptions options, ReadStack& state, TCollection& value)
   at System.Text.Json.Serialization.JsonConverter`1.ReadCore(Utf8JsonReader& reader, T& value, JsonSerializerOptions options, ReadStack& state)
   at System.Text.Json.Serialization.Metadata.JsonTypeInfo`1.Deserialize(Utf8JsonReader& reader, ReadStack& state)
   at System.Text.Json.JsonSerializer.ReadFromSpan[TValue](ReadOnlySpan`1 utf8Json, JsonTypeInfo`1 jsonTypeInfo, Nullable`1 actualByteCount)
   at System.Text.Json.JsonSerializer.ReadFromSpan[TValue](ReadOnlySpan`1 json, JsonTypeInfo`1 jsonTypeInfo)
   at System.Text.Json.JsonSerializer.Deserialize[TValue](String json, JsonSerializerOptions options)
   at ReportePrematch.Web.Services.Clients.ApiClient.GetQueryAsync[T](String endpoint, Dictionary`2 query, CancellationToken ct) in D:\GITHUB\ReportePrematch.Web\ReportePrematch.Web\Services\Clients\ApiClient.cs:line 54
2026-08-25 19:17:00.223 -04:00 [INF] HTTP POST /Reportes/GetIconSlot responded 200 in 19903.6390 ms
2026-08-25 19:20:53.246 -04:00 [INF] HTTP GET /Reportes/VentasDetalladasLive responded 200 in 1.2879 ms
2026-08-25 19:20:53.331 -04:00 [INF] HTTP GET /.well-known/appspecific/com.chrome.devtools.json responded 404 in 0.1201 ms
2026-08-25 19:20:54.304 -04:00 [INF] HTTP POST /Reportes/GetListAgenciasApi responded 200 in 633.7546 ms
2026-08-25 19:45:58.302 -04:00 [INF] HTTP GET /Reportes/Pragmatic responded 200 in 22.2621 ms
2026-08-25 19:45:58.374 -04:00 [INF] HTTP GET /.well-known/appspecific/com.chrome.devtools.json responded 404 in 0.2094 ms
2026-08-25 19:45:59.848 -04:00 [INF] HTTP POST /Reportes/GetListAgenciasApi responded 200 in 1113.2658 ms
2026-08-25 19:46:06.508 -04:00 [INF] HTTP POST /Reportes/GetPragmatic responded 200 in 124.9091 ms
2026-08-25 19:46:51.912 -04:00 [INF] HTTP GET /Reportes/VentasPorAgenteNikols responded 200 in 19.7410 ms
2026-08-25 19:46:51.983 -04:00 [INF] HTTP GET /.well-known/appspecific/com.chrome.devtools.json responded 404 in 0.3632 ms
2026-08-25 19:46:52.973 -04:00 [INF] HTTP POST /Reportes/GetListAgenciasApi responded 200 in 617.3933 ms
2026-08-25 19:47:00.695 -04:00 [INF] HTTP POST /Reportes/GetVentasPorAgenteNikolsTaq responded 200 in 1234.2484 ms
2026-08-25 19:47:12.727 -04:00 [INF] HTTP POST /Reportes/GetVentasPorAgenteNikolsTaq responded 200 in 4769.3945 ms
2026-08-25 19:49:53.387 -04:00 [INF] Iniciando ReportePrematch.Web...
2026-08-25 19:49:54.612 -04:00 [INF] HTTP GET / responded 200 in 219.3177 ms
2026-08-25 19:50:06.756 -04:00 [INF] Login exitoso: vlapenta [Usuario suAdmin]
2026-08-25 19:50:06.763 -04:00 [INF] HTTP POST / responded 302 in 927.2610 ms
2026-08-25 19:50:06.862 -04:00 [INF] HTTP GET /Reportes/VentasPorAgente responded 200 in 92.9577 ms
2026-08-25 19:50:07.728 -04:00 [INF] HTTP POST /Reportes/GetListAgenciasApi responded 200 in 668.5950 ms
2026-08-25 19:50:10.027 -04:00 [INF] HTTP GET /Reportes/Pragmatic responded 200 in 21.1310 ms
2026-08-25 19:50:10.771 -04:00 [INF] HTTP POST /Reportes/GetListAgenciasApi responded 200 in 615.5791 ms
2026-08-25 19:50:19.216 -04:00 [INF] HTTP POST /Reportes/GetPragmatic responded 200 in 116.6030 ms
2026-08-25 19:50:36.567 -04:00 [INF] HTTP GET /Reportes/VirtualesBR responded 200 in 16.3964 ms
2026-08-25 19:50:37.325 -04:00 [INF] HTTP POST /Reportes/GetListAgenciasApi responded 200 in 609.3706 ms
2026-08-25 19:51:00.638 -04:00 [INF] HTTP POST /Reportes/GetVirtualesBR responded 200 in 1166.8120 ms
2026-08-25 19:55:37.648 -04:00 [INF] HTTP GET /Reportes/VirtualesBR responded 200 in 8861.9729 ms
2026-08-25 19:55:39.335 -04:00 [INF] HTTP GET /favicon.ico responded 404 in 1.0749 ms
2026-08-25 19:55:39.446 -04:00 [INF] HTTP POST /Reportes/GetListAgenciasApi responded 200 in 929.2217 ms
2026-08-25 19:55:52.572 -04:00 [INF] HTTP POST /Reportes/GetVirtualesBR responded 200 in 690.5894 ms
2026-08-25 19:56:00.843 -04:00 [INF] HTTP GET /Reportes/Aviatrix responded 200 in 17.8730 ms
2026-08-25 19:56:01.715 -04:00 [INF] HTTP POST /Reportes/GetListAgenciasApi responded 200 in 620.5764 ms
2026-08-25 19:56:12.274 -04:00 [WRN] Respuesta no deserializable de GET+QS api/Reportes/Aviatrix. JSON: []
System.Text.Json.JsonException: The JSON value could not be converted to ReportePrematch.Web.Services.Clients.ReportesService+ApiWrapper`1[System.Collections.Generic.List`1[ReportePrematch.Web.Models.ApiReportes.AviatrixDto]]. Path: $ | LineNumber: 0 | BytePositionInLine: 1.
   at System.Text.Json.ThrowHelper.ThrowJsonException_DeserializeUnableToConvertValue(Type propertyType)
   at System.Text.Json.Serialization.Converters.ObjectWithParameterizedConstructorConverter`1.OnTryRead(Utf8JsonReader& reader, Type typeToConvert, JsonSerializerOptions options, ReadStack& state, T& value)
   at System.Text.Json.Serialization.JsonConverter`1.ReadCore(Utf8JsonReader& reader, T& value, JsonSerializerOptions options, ReadStack& state)
   at System.Text.Json.Serialization.Metadata.JsonTypeInfo`1.Deserialize(Utf8JsonReader& reader, ReadStack& state)
   at System.Text.Json.JsonSerializer.ReadFromSpan[TValue](ReadOnlySpan`1 utf8Json, JsonTypeInfo`1 jsonTypeInfo, Nullable`1 actualByteCount)
   at System.Text.Json.JsonSerializer.ReadFromSpan[TValue](ReadOnlySpan`1 json, JsonTypeInfo`1 jsonTypeInfo)
   at System.Text.Json.JsonSerializer.Deserialize[TValue](String json, JsonSerializerOptions options)
   at ReportePrematch.Web.Services.Clients.ApiClient.GetQueryAsync[T](String endpoint, Dictionary`2 query, CancellationToken ct) in D:\GITHUB\ReportePrematch.Web\ReportePrematch.Web\Services\Clients\ApiClient.cs:line 54
2026-08-25 19:56:12.300 -04:00 [INF] HTTP POST /Reportes/GetAviatrix responded 200 in 770.2196 ms
2026-08-25 19:58:44.292 -04:00 [WRN] Respuesta no deserializable de GET+QS api/Reportes/Aviatrix. JSON: [{"agente":"DEMOVICTOR","usuario":"ViLa23","ventas":"4.276,79","premios":"4.091,40","utilidad":"185,39"}]
System.Text.Json.JsonException: The JSON value could not be converted to ReportePrematch.Web.Services.Clients.ReportesService+ApiWrapper`1[System.Collections.Generic.List`1[ReportePrematch.Web.Models.ApiReportes.AviatrixDto]]. Path: $ | LineNumber: 0 | BytePositionInLine: 1.
   at System.Text.Json.ThrowHelper.ThrowJsonException_DeserializeUnableToConvertValue(Type propertyType)
   at System.Text.Json.Serialization.Converters.ObjectWithParameterizedConstructorConverter`1.OnTryRead(Utf8JsonReader& reader, Type typeToConvert, JsonSerializerOptions options, ReadStack& state, T& value)
   at System.Text.Json.Serialization.JsonConverter`1.ReadCore(Utf8JsonReader& reader, T& value, JsonSerializerOptions options, ReadStack& state)
   at System.Text.Json.Serialization.Metadata.JsonTypeInfo`1.Deserialize(Utf8JsonReader& reader, ReadStack& state)
   at System.Text.Json.JsonSerializer.ReadFromSpan[TValue](ReadOnlySpan`1 utf8Json, JsonTypeInfo`1 jsonTypeInfo, Nullable`1 actualByteCount)
   at System.Text.Json.JsonSerializer.ReadFromSpan[TValue](ReadOnlySpan`1 json, JsonTypeInfo`1 jsonTypeInfo)
   at System.Text.Json.JsonSerializer.Deserialize[TValue](String json, JsonSerializerOptions options)
   at ReportePrematch.Web.Services.Clients.ApiClient.GetQueryAsync[T](String endpoint, Dictionary`2 query, CancellationToken ct) in D:\GITHUB\ReportePrematch.Web\ReportePrematch.Web\Services\Clients\ApiClient.cs:line 54
2026-08-25 19:58:44.296 -04:00 [INF] HTTP POST /Reportes/GetAviatrix responded 200 in 242.1249 ms
2026-08-25 19:59:48.125 -04:00 [WRN] Respuesta no deserializable de GET+QS api/Reportes/Aviatrix. JSON: [{"agente":"DEMOVICTOR","usuario":"ViLa23","ventas":"4.276,79","premios":"4.091,40","utilidad":"185,39"}]
System.Text.Json.JsonException: The JSON value could not be converted to ReportePrematch.Web.Services.Clients.ReportesService+ApiWrapper`1[System.Collections.Generic.List`1[ReportePrematch.Web.Models.ApiReportes.AviatrixDto]]. Path: $ | LineNumber: 0 | BytePositionInLine: 1.
   at System.Text.Json.ThrowHelper.ThrowJsonException_DeserializeUnableToConvertValue(Type propertyType)
   at System.Text.Json.Serialization.Converters.ObjectWithParameterizedConstructorConverter`1.OnTryRead(Utf8JsonReader& reader, Type typeToConvert, JsonSerializerOptions options, ReadStack& state, T& value)
   at System.Text.Json.Serialization.JsonConverter`1.ReadCore(Utf8JsonReader& reader, T& value, JsonSerializerOptions options, ReadStack& state)
   at System.Text.Json.Serialization.Metadata.JsonTypeInfo`1.Deserialize(Utf8JsonReader& reader, ReadStack& state)
   at System.Text.Json.JsonSerializer.ReadFromSpan[TValue](ReadOnlySpan`1 utf8Json, JsonTypeInfo`1 jsonTypeInfo, Nullable`1 actualByteCount)
   at System.Text.Json.JsonSerializer.ReadFromSpan[TValue](ReadOnlySpan`1 json, JsonTypeInfo`1 jsonTypeInfo)
   at System.Text.Json.JsonSerializer.Deserialize[TValue](String json, JsonSerializerOptions options)
   at ReportePrematch.Web.Services.Clients.ApiClient.GetQueryAsync[T](String endpoint, Dictionary`2 query, CancellationToken ct) in D:\GITHUB\ReportePrematch.Web\ReportePrematch.Web\Services\Clients\ApiClient.cs:line 54
2026-08-25 19:59:48.130 -04:00 [INF] HTTP POST /Reportes/GetAviatrix responded 200 in 177.7123 ms
