2026-08-07 18:32:35.623 -04:00 [INF] Iniciando ReportePrematch.Web...
2026-08-07 18:32:36.688 -04:00 [INF] HTTP GET / responded 200 in 234.4650 ms
2026-08-07 18:32:38.124 -04:00 [INF] HTTP GET /favicon.ico responded 404 in 3.0667 ms
2026-08-07 18:32:51.853 -04:00 [WRN] ADWS Login: credenciales inválidas (Mensaje=-1) para vlapenta
2026-08-07 18:32:51.856 -04:00 [WRN] Login fallido para usuario vlapenta
2026-08-07 18:32:51.869 -04:00 [INF] HTTP POST / responded 200 in 1175.0443 ms
2026-08-07 18:33:03.862 -04:00 [INF] Login exitoso: vlapenta [Usuario suAdmin]
2026-08-07 18:33:03.866 -04:00 [INF] HTTP POST / responded 302 in 274.2393 ms
2026-08-07 18:33:03.986 -04:00 [INF] HTTP GET /Reportes/VentasPorAgente responded 200 in 114.4492 ms
2026-08-07 18:33:09.133 -04:00 [ERR] Error GET api/Reportes/ListaAgentes
System.Net.Http.HttpRequestException: No se puede establecer una conexión ya que el equipo de destino denegó expresamente dicha conexión. (localhost:44322)
 ---> System.Net.Sockets.SocketException (10061): No se puede establecer una conexión ya que el equipo de destino denegó expresamente dicha conexión.
   at System.Net.Sockets.Socket.AwaitableSocketAsyncEventArgs.ThrowException(SocketError error, CancellationToken cancellationToken)
   at System.Net.Sockets.Socket.AwaitableSocketAsyncEventArgs.System.Threading.Tasks.Sources.IValueTaskSource.GetResult(Int16 token)
   at System.Net.Http.HttpConnectionPool.ConnectToTcpHostAsync(String host, Int32 port, HttpRequestMessage initialRequest, Boolean async, CancellationToken cancellationToken)
   --- End of inner exception stack trace ---
   at System.Net.Http.HttpConnectionPool.ConnectToTcpHostAsync(String host, Int32 port, HttpRequestMessage initialRequest, Boolean async, CancellationToken cancellationToken)
   at System.Net.Http.HttpConnectionPool.ConnectAsync(HttpRequestMessage request, Boolean async, CancellationToken cancellationToken)
   at System.Net.Http.HttpConnectionPool.CreateHttp11ConnectionAsync(HttpRequestMessage request, Boolean async, CancellationToken cancellationToken)
   at System.Net.Http.HttpConnectionPool.InjectNewHttp11ConnectionAsync(QueueItem queueItem)
   at System.Threading.Tasks.TaskCompletionSourceWithCancellation`1.WaitWithCancellationAsync(CancellationToken cancellationToken)
   at System.Net.Http.HttpConnectionWaiter`1.WaitForConnectionWithTelemetryAsync(HttpRequestMessage request, HttpConnectionPool pool, Boolean async, CancellationToken requestCancellationToken)
   at System.Net.Http.HttpConnectionPool.SendWithVersionDetectionAndRetryAsync(HttpRequestMessage request, Boolean async, Boolean doRequestAuth, CancellationToken cancellationToken)
   at System.Net.Http.DiagnosticsHandler.SendAsyncCore(HttpRequestMessage request, Boolean async, CancellationToken cancellationToken)
   at System.Net.Http.RedirectHandler.SendAsync(HttpRequestMessage request, Boolean async, CancellationToken cancellationToken)
   at System.Net.Http.SocketsHttpHandler.<SendAsync>g__CreateHandlerAndSendAsync|115_0(HttpRequestMessage request, CancellationToken cancellationToken)
   at Microsoft.Extensions.Http.Logging.LoggingHttpMessageHandler.<SendCoreAsync>g__Core|4_0(HttpRequestMessage request, Boolean useAsync, CancellationToken cancellationToken)
   at Microsoft.Extensions.Http.Logging.LoggingScopeHttpMessageHandler.<SendCoreAsync>g__Core|4_0(HttpRequestMessage request, Boolean useAsync, CancellationToken cancellationToken)
   at System.Net.Http.HttpClient.<SendAsync>g__Core|83_0(HttpRequestMessage request, HttpCompletionOption completionOption, CancellationTokenSource cts, Boolean disposeCts, CancellationTokenSource pendingRequestsCts, CancellationToken originalCancellationToken)
   at ReportePrematch.Web.Services.Clients.ApiClient.GetAsync[T](String endpoint, CancellationToken ct) in D:\GITHUB\ReportePrematch.Web\ReportePrematch.Web\Services\Clients\ApiClient.cs:line 23
2026-08-07 18:33:09.180 -04:00 [ERR] Error GetListAgencias via API
System.Net.Http.HttpRequestException: No se puede establecer una conexión ya que el equipo de destino denegó expresamente dicha conexión. (localhost:44322)
 ---> System.Net.Sockets.SocketException (10061): No se puede establecer una conexión ya que el equipo de destino denegó expresamente dicha conexión.
   at System.Net.Sockets.Socket.AwaitableSocketAsyncEventArgs.ThrowException(SocketError error, CancellationToken cancellationToken)
   at System.Net.Sockets.Socket.AwaitableSocketAsyncEventArgs.System.Threading.Tasks.Sources.IValueTaskSource.GetResult(Int16 token)
   at System.Net.Http.HttpConnectionPool.ConnectToTcpHostAsync(String host, Int32 port, HttpRequestMessage initialRequest, Boolean async, CancellationToken cancellationToken)
   --- End of inner exception stack trace ---
   at System.Net.Http.HttpConnectionPool.ConnectToTcpHostAsync(String host, Int32 port, HttpRequestMessage initialRequest, Boolean async, CancellationToken cancellationToken)
   at System.Net.Http.HttpConnectionPool.ConnectAsync(HttpRequestMessage request, Boolean async, CancellationToken cancellationToken)
   at System.Net.Http.HttpConnectionPool.CreateHttp11ConnectionAsync(HttpRequestMessage request, Boolean async, CancellationToken cancellationToken)
   at System.Net.Http.HttpConnectionPool.InjectNewHttp11ConnectionAsync(QueueItem queueItem)
   at System.Threading.Tasks.TaskCompletionSourceWithCancellation`1.WaitWithCancellationAsync(CancellationToken cancellationToken)
   at System.Net.Http.HttpConnectionWaiter`1.WaitForConnectionWithTelemetryAsync(HttpRequestMessage request, HttpConnectionPool pool, Boolean async, CancellationToken requestCancellationToken)
   at System.Net.Http.HttpConnectionPool.SendWithVersionDetectionAndRetryAsync(HttpRequestMessage request, Boolean async, Boolean doRequestAuth, CancellationToken cancellationToken)
   at System.Net.Http.DiagnosticsHandler.SendAsyncCore(HttpRequestMessage request, Boolean async, CancellationToken cancellationToken)
   at System.Net.Http.RedirectHandler.SendAsync(HttpRequestMessage request, Boolean async, CancellationToken cancellationToken)
   at System.Net.Http.SocketsHttpHandler.<SendAsync>g__CreateHandlerAndSendAsync|115_0(HttpRequestMessage request, CancellationToken cancellationToken)
   at Microsoft.Extensions.Http.Logging.LoggingHttpMessageHandler.<SendCoreAsync>g__Core|4_0(HttpRequestMessage request, Boolean useAsync, CancellationToken cancellationToken)
   at Microsoft.Extensions.Http.Logging.LoggingScopeHttpMessageHandler.<SendCoreAsync>g__Core|4_0(HttpRequestMessage request, Boolean useAsync, CancellationToken cancellationToken)
   at System.Net.Http.HttpClient.<SendAsync>g__Core|83_0(HttpRequestMessage request, HttpCompletionOption completionOption, CancellationTokenSource cts, Boolean disposeCts, CancellationTokenSource pendingRequestsCts, CancellationToken originalCancellationToken)
   at ReportePrematch.Web.Services.Clients.ApiClient.GetAsync[T](String endpoint, CancellationToken ct) in D:\GITHUB\ReportePrematch.Web\ReportePrematch.Web\Services\Clients\ApiClient.cs:line 23
   at ReportePrematch.Web.Services.Clients.ReportesService.GetListAgenciasAsync(String agente, String pais, String role) in D:\GITHUB\ReportePrematch.Web\ReportePrematch.Web\Services\Clients\ReportesService.cs:line 191
2026-08-07 18:33:09.190 -04:00 [INF] HTTP POST /Reportes/GetListAgencias responded 200 in 4227.9882 ms
2026-08-07 18:49:04.033 -04:00 [INF] HTTP GET /Reportes/Aviatrix responded 200 in 23.7174 ms
2026-08-07 18:49:06.496 -04:00 [INF] HTTP POST /Reportes/GetListAgencias responded 200 in 2234.7963 ms
2026-08-07 18:49:29.634 -04:00 [INF] HTTP POST /Reportes/GetAviatrix responded 200 in 703.3975 ms
2026-08-07 18:50:24.629 -04:00 [INF] HTTP GET /Reportes/Hipismo responded 200 in 17.1893 ms
2026-08-07 18:50:25.471 -04:00 [INF] HTTP POST /Reportes/GetListAgencias responded 200 in 691.6579 ms
2026-08-07 18:51:09.316 -04:00 [INF] HTTP POST /Reportes/GetHipismo responded 200 in 3201.5122 ms
2026-08-07 18:51:14.498 -04:00 [INF] HTTP POST /Reportes/GetDetallesHipismo responded 200 in 1446.9272 ms
2026-08-07 18:52:45.484 -04:00 [INF] HTTP GET /Reportes/VirtualesBR responded 200 in 16.5041 ms
2026-08-07 18:52:46.321 -04:00 [INF] HTTP POST /Reportes/GetListAgencias responded 200 in 664.4364 ms
2026-08-07 18:52:56.173 -04:00 [INF] HTTP POST /Reportes/GetVirtualesBR responded 200 in 1184.5512 ms
2026-08-07 18:53:05.812 -04:00 [INF] HTTP POST /Reportes/GetVirtualesBR responded 200 in 699.5052 ms
2026-08-07 18:53:13.977 -04:00 [INF] HTTP POST /Reportes/GetVirtualesBR responded 200 in 727.8480 ms
2026-08-07 18:53:22.877 -04:00 [INF] HTTP POST /Reportes/GetVirtualesBR responded 200 in 677.1800 ms
2026-08-07 18:53:30.823 -04:00 [INF] HTTP POST /Reportes/GetVirtualesBR responded 200 in 687.0779 ms
2026-08-07 18:53:39.825 -04:00 [INF] HTTP POST /Reportes/GetVirtualesBR responded 200 in 681.3710 ms
2026-08-07 18:53:46.260 -04:00 [INF] HTTP POST /Reportes/GetVirtualesBR responded 200 in 234.9479 ms
2026-08-07 18:53:53.511 -04:00 [INF] HTTP POST /Reportes/GetVirtualesBR responded 200 in 683.8453 ms
2026-08-07 18:54:54.833 -04:00 [INF] HTTP GET /Reportes/IconSlot responded 200 in 17.0846 ms
2026-08-07 18:54:55.721 -04:00 [INF] HTTP POST /Reportes/GetListAgencias responded 200 in 667.6430 ms
2026-08-07 18:55:28.029 -04:00 [INF] HTTP GET /Reportes/IconSlot responded 200 in 1.1733 ms
2026-08-07 18:55:28.769 -04:00 [INF] HTTP POST /Reportes/GetListAgencias responded 200 in 610.1462 ms
2026-08-07 19:03:02.038 -04:00 [INF] Iniciando ReportePrematch.Web...
2026-08-07 19:03:03.156 -04:00 [INF] HTTP GET / responded 200 in 221.3716 ms
2026-08-07 19:43:30.768 -04:00 [INF] Login exitoso: vlapenta [Usuario suAdmin]
2026-08-07 19:43:30.778 -04:00 [INF] HTTP POST / responded 302 in 1708.2274 ms
2026-08-07 19:43:30.890 -04:00 [INF] HTTP GET /Reportes/VentasPorAgente responded 200 in 103.7526 ms
2026-08-07 19:43:36.939 -04:00 [ERR] Error GET api/Reportes/ListaAgentes
System.Net.Http.HttpRequestException: No se puede establecer una conexión ya que el equipo de destino denegó expresamente dicha conexión. (localhost:44322)
 ---> System.Net.Sockets.SocketException (10061): No se puede establecer una conexión ya que el equipo de destino denegó expresamente dicha conexión.
   at System.Net.Sockets.Socket.AwaitableSocketAsyncEventArgs.ThrowException(SocketError error, CancellationToken cancellationToken)
   at System.Net.Sockets.Socket.AwaitableSocketAsyncEventArgs.System.Threading.Tasks.Sources.IValueTaskSource.GetResult(Int16 token)
   at System.Net.Http.HttpConnectionPool.ConnectToTcpHostAsync(String host, Int32 port, HttpRequestMessage initialRequest, Boolean async, CancellationToken cancellationToken)
   --- End of inner exception stack trace ---
   at System.Net.Http.HttpConnectionPool.ConnectToTcpHostAsync(String host, Int32 port, HttpRequestMessage initialRequest, Boolean async, CancellationToken cancellationToken)
   at System.Net.Http.HttpConnectionPool.ConnectAsync(HttpRequestMessage request, Boolean async, CancellationToken cancellationToken)
   at System.Net.Http.HttpConnectionPool.CreateHttp11ConnectionAsync(HttpRequestMessage request, Boolean async, CancellationToken cancellationToken)
   at System.Net.Http.HttpConnectionPool.InjectNewHttp11ConnectionAsync(QueueItem queueItem)
   at System.Threading.Tasks.TaskCompletionSourceWithCancellation`1.WaitWithCancellationAsync(CancellationToken cancellationToken)
   at System.Net.Http.HttpConnectionWaiter`1.WaitForConnectionWithTelemetryAsync(HttpRequestMessage request, HttpConnectionPool pool, Boolean async, CancellationToken requestCancellationToken)
   at System.Net.Http.HttpConnectionPool.SendWithVersionDetectionAndRetryAsync(HttpRequestMessage request, Boolean async, Boolean doRequestAuth, CancellationToken cancellationToken)
   at System.Net.Http.DiagnosticsHandler.SendAsyncCore(HttpRequestMessage request, Boolean async, CancellationToken cancellationToken)
   at System.Net.Http.RedirectHandler.SendAsync(HttpRequestMessage request, Boolean async, CancellationToken cancellationToken)
   at System.Net.Http.SocketsHttpHandler.<SendAsync>g__CreateHandlerAndSendAsync|115_0(HttpRequestMessage request, CancellationToken cancellationToken)
   at Microsoft.Extensions.Http.Logging.LoggingHttpMessageHandler.<SendCoreAsync>g__Core|4_0(HttpRequestMessage request, Boolean useAsync, CancellationToken cancellationToken)
   at Microsoft.Extensions.Http.Logging.LoggingScopeHttpMessageHandler.<SendCoreAsync>g__Core|4_0(HttpRequestMessage request, Boolean useAsync, CancellationToken cancellationToken)
   at System.Net.Http.HttpClient.<SendAsync>g__Core|83_0(HttpRequestMessage request, HttpCompletionOption completionOption, CancellationTokenSource cts, Boolean disposeCts, CancellationTokenSource pendingRequestsCts, CancellationToken originalCancellationToken)
   at ReportePrematch.Web.Services.Clients.ApiClient.GetAsync[T](String endpoint, CancellationToken ct) in D:\GITHUB\ReportePrematch.Web\ReportePrematch.Web\Services\Clients\ApiClient.cs:line 23
2026-08-07 19:43:36.977 -04:00 [ERR] Error GetListAgencias via API
System.Net.Http.HttpRequestException: No se puede establecer una conexión ya que el equipo de destino denegó expresamente dicha conexión. (localhost:44322)
 ---> System.Net.Sockets.SocketException (10061): No se puede establecer una conexión ya que el equipo de destino denegó expresamente dicha conexión.
   at System.Net.Sockets.Socket.AwaitableSocketAsyncEventArgs.ThrowException(SocketError error, CancellationToken cancellationToken)
   at System.Net.Sockets.Socket.AwaitableSocketAsyncEventArgs.System.Threading.Tasks.Sources.IValueTaskSource.GetResult(Int16 token)
   at System.Net.Http.HttpConnectionPool.ConnectToTcpHostAsync(String host, Int32 port, HttpRequestMessage initialRequest, Boolean async, CancellationToken cancellationToken)
   --- End of inner exception stack trace ---
   at System.Net.Http.HttpConnectionPool.ConnectToTcpHostAsync(String host, Int32 port, HttpRequestMessage initialRequest, Boolean async, CancellationToken cancellationToken)
   at System.Net.Http.HttpConnectionPool.ConnectAsync(HttpRequestMessage request, Boolean async, CancellationToken cancellationToken)
   at System.Net.Http.HttpConnectionPool.CreateHttp11ConnectionAsync(HttpRequestMessage request, Boolean async, CancellationToken cancellationToken)
   at System.Net.Http.HttpConnectionPool.InjectNewHttp11ConnectionAsync(QueueItem queueItem)
   at System.Threading.Tasks.TaskCompletionSourceWithCancellation`1.WaitWithCancellationAsync(CancellationToken cancellationToken)
   at System.Net.Http.HttpConnectionWaiter`1.WaitForConnectionWithTelemetryAsync(HttpRequestMessage request, HttpConnectionPool pool, Boolean async, CancellationToken requestCancellationToken)
   at System.Net.Http.HttpConnectionPool.SendWithVersionDetectionAndRetryAsync(HttpRequestMessage request, Boolean async, Boolean doRequestAuth, CancellationToken cancellationToken)
   at System.Net.Http.DiagnosticsHandler.SendAsyncCore(HttpRequestMessage request, Boolean async, CancellationToken cancellationToken)
   at System.Net.Http.RedirectHandler.SendAsync(HttpRequestMessage request, Boolean async, CancellationToken cancellationToken)
   at System.Net.Http.SocketsHttpHandler.<SendAsync>g__CreateHandlerAndSendAsync|115_0(HttpRequestMessage request, CancellationToken cancellationToken)
   at Microsoft.Extensions.Http.Logging.LoggingHttpMessageHandler.<SendCoreAsync>g__Core|4_0(HttpRequestMessage request, Boolean useAsync, CancellationToken cancellationToken)
   at Microsoft.Extensions.Http.Logging.LoggingScopeHttpMessageHandler.<SendCoreAsync>g__Core|4_0(HttpRequestMessage request, Boolean useAsync, CancellationToken cancellationToken)
   at System.Net.Http.HttpClient.<SendAsync>g__Core|83_0(HttpRequestMessage request, HttpCompletionOption completionOption, CancellationTokenSource cts, Boolean disposeCts, CancellationTokenSource pendingRequestsCts, CancellationToken originalCancellationToken)
   at ReportePrematch.Web.Services.Clients.ApiClient.GetAsync[T](String endpoint, CancellationToken ct) in D:\GITHUB\ReportePrematch.Web\ReportePrematch.Web\Services\Clients\ApiClient.cs:line 23
   at ReportePrematch.Web.Services.Clients.ReportesService.GetListAgenciasAsync(String agente, String pais, String role) in D:\GITHUB\ReportePrematch.Web\ReportePrematch.Web\Services\Clients\ReportesService.cs:line 191
2026-08-07 19:43:36.988 -04:00 [INF] HTTP POST /Reportes/GetListAgencias responded 200 in 4212.2024 ms
2026-08-07 19:43:42.313 -04:00 [INF] HTTP GET /Reportes/Loteria responded 200 in 19.2923 ms
2026-08-07 19:43:46.569 -04:00 [ERR] Error GET api/Reportes/ListaAgentes
System.Net.Http.HttpRequestException: No se puede establecer una conexión ya que el equipo de destino denegó expresamente dicha conexión. (localhost:44322)
 ---> System.Net.Sockets.SocketException (10061): No se puede establecer una conexión ya que el equipo de destino denegó expresamente dicha conexión.
   at System.Net.Sockets.Socket.AwaitableSocketAsyncEventArgs.ThrowException(SocketError error, CancellationToken cancellationToken)
   at System.Net.Sockets.Socket.AwaitableSocketAsyncEventArgs.System.Threading.Tasks.Sources.IValueTaskSource.GetResult(Int16 token)
   at System.Net.Http.HttpConnectionPool.ConnectToTcpHostAsync(String host, Int32 port, HttpRequestMessage initialRequest, Boolean async, CancellationToken cancellationToken)
   --- End of inner exception stack trace ---
   at System.Net.Http.HttpConnectionPool.ConnectToTcpHostAsync(String host, Int32 port, HttpRequestMessage initialRequest, Boolean async, CancellationToken cancellationToken)
   at System.Net.Http.HttpConnectionPool.ConnectAsync(HttpRequestMessage request, Boolean async, CancellationToken cancellationToken)
   at System.Net.Http.HttpConnectionPool.CreateHttp11ConnectionAsync(HttpRequestMessage request, Boolean async, CancellationToken cancellationToken)
   at System.Net.Http.HttpConnectionPool.InjectNewHttp11ConnectionAsync(QueueItem queueItem)
   at System.Threading.Tasks.TaskCompletionSourceWithCancellation`1.WaitWithCancellationAsync(CancellationToken cancellationToken)
   at System.Net.Http.HttpConnectionWaiter`1.WaitForConnectionWithTelemetryAsync(HttpRequestMessage request, HttpConnectionPool pool, Boolean async, CancellationToken requestCancellationToken)
   at System.Net.Http.HttpConnectionPool.SendWithVersionDetectionAndRetryAsync(HttpRequestMessage request, Boolean async, Boolean doRequestAuth, CancellationToken cancellationToken)
   at System.Net.Http.DiagnosticsHandler.SendAsyncCore(HttpRequestMessage request, Boolean async, CancellationToken cancellationToken)
   at System.Net.Http.RedirectHandler.SendAsync(HttpRequestMessage request, Boolean async, CancellationToken cancellationToken)
   at Microsoft.Extensions.Http.Logging.LoggingHttpMessageHandler.<SendCoreAsync>g__Core|4_0(HttpRequestMessage request, Boolean useAsync, CancellationToken cancellationToken)
   at Microsoft.Extensions.Http.Logging.LoggingScopeHttpMessageHandler.<SendCoreAsync>g__Core|4_0(HttpRequestMessage request, Boolean useAsync, CancellationToken cancellationToken)
   at System.Net.Http.HttpClient.<SendAsync>g__Core|83_0(HttpRequestMessage request, HttpCompletionOption completionOption, CancellationTokenSource cts, Boolean disposeCts, CancellationTokenSource pendingRequestsCts, CancellationToken originalCancellationToken)
   at ReportePrematch.Web.Services.Clients.ApiClient.GetAsync[T](String endpoint, CancellationToken ct) in D:\GITHUB\ReportePrematch.Web\ReportePrematch.Web\Services\Clients\ApiClient.cs:line 23
2026-08-07 19:43:46.606 -04:00 [ERR] Error GetListAgencias via API
System.Net.Http.HttpRequestException: No se puede establecer una conexión ya que el equipo de destino denegó expresamente dicha conexión. (localhost:44322)
 ---> System.Net.Sockets.SocketException (10061): No se puede establecer una conexión ya que el equipo de destino denegó expresamente dicha conexión.
   at System.Net.Sockets.Socket.AwaitableSocketAsyncEventArgs.ThrowException(SocketError error, CancellationToken cancellationToken)
   at System.Net.Sockets.Socket.AwaitableSocketAsyncEventArgs.System.Threading.Tasks.Sources.IValueTaskSource.GetResult(Int16 token)
   at System.Net.Http.HttpConnectionPool.ConnectToTcpHostAsync(String host, Int32 port, HttpRequestMessage initialRequest, Boolean async, CancellationToken cancellationToken)
   --- End of inner exception stack trace ---
   at System.Net.Http.HttpConnectionPool.ConnectToTcpHostAsync(String host, Int32 port, HttpRequestMessage initialRequest, Boolean async, CancellationToken cancellationToken)
   at System.Net.Http.HttpConnectionPool.ConnectAsync(HttpRequestMessage request, Boolean async, CancellationToken cancellationToken)
   at System.Net.Http.HttpConnectionPool.CreateHttp11ConnectionAsync(HttpRequestMessage request, Boolean async, CancellationToken cancellationToken)
   at System.Net.Http.HttpConnectionPool.InjectNewHttp11ConnectionAsync(QueueItem queueItem)
   at System.Threading.Tasks.TaskCompletionSourceWithCancellation`1.WaitWithCancellationAsync(CancellationToken cancellationToken)
   at System.Net.Http.HttpConnectionWaiter`1.WaitForConnectionWithTelemetryAsync(HttpRequestMessage request, HttpConnectionPool pool, Boolean async, CancellationToken requestCancellationToken)
   at System.Net.Http.HttpConnectionPool.SendWithVersionDetectionAndRetryAsync(HttpRequestMessage request, Boolean async, Boolean doRequestAuth, CancellationToken cancellationToken)
   at System.Net.Http.DiagnosticsHandler.SendAsyncCore(HttpRequestMessage request, Boolean async, CancellationToken cancellationToken)
   at System.Net.Http.RedirectHandler.SendAsync(HttpRequestMessage request, Boolean async, CancellationToken cancellationToken)
   at Microsoft.Extensions.Http.Logging.LoggingHttpMessageHandler.<SendCoreAsync>g__Core|4_0(HttpRequestMessage request, Boolean useAsync, CancellationToken cancellationToken)
   at Microsoft.Extensions.Http.Logging.LoggingScopeHttpMessageHandler.<SendCoreAsync>g__Core|4_0(HttpRequestMessage request, Boolean useAsync, CancellationToken cancellationToken)
   at System.Net.Http.HttpClient.<SendAsync>g__Core|83_0(HttpRequestMessage request, HttpCompletionOption completionOption, CancellationTokenSource cts, Boolean disposeCts, CancellationTokenSource pendingRequestsCts, CancellationToken originalCancellationToken)
   at ReportePrematch.Web.Services.Clients.ApiClient.GetAsync[T](String endpoint, CancellationToken ct) in D:\GITHUB\ReportePrematch.Web\ReportePrematch.Web\Services\Clients\ApiClient.cs:line 23
   at ReportePrematch.Web.Services.Clients.ReportesService.GetListAgenciasAsync(String agente, String pais, String role) in D:\GITHUB\ReportePrematch.Web\ReportePrematch.Web\Services\Clients\ReportesService.cs:line 191
2026-08-07 19:43:46.614 -04:00 [INF] HTTP POST /Reportes/GetListAgencias responded 200 in 4131.0063 ms
2026-08-07 19:50:49.774 -04:00 [INF] HTTP GET /Reportes/Loteria responded 200 in 2.3112 ms
2026-08-07 19:50:51.609 -04:00 [INF] HTTP GET /favicon.ico responded 404 in 0.9521 ms
2026-08-07 19:50:51.711 -04:00 [INF] HTTP POST /Reportes/GetListAgencias responded 200 in 1092.9862 ms
2026-08-07 19:51:04.924 -04:00 [INF] HTTP POST /Reportes/GetLoterias responded 404 in 0.2086 ms
2026-08-07 19:59:16.207 -04:00 [INF] HTTP GET /Reportes/Loteria responded 200 in 8821.9793 ms
2026-08-07 19:59:18.106 -04:00 [INF] HTTP GET /favicon.ico responded 404 in 0.1950 ms
2026-08-07 19:59:18.339 -04:00 [INF] HTTP POST /Reportes/GetListAgencias responded 200 in 1117.5968 ms
2026-08-07 20:18:53.412 -04:00 [INF] HTTP GET /Reportes/Loteria responded 200 in 1.4743 ms
2026-08-07 20:18:55.163 -04:00 [INF] HTTP GET /favicon.ico responded 404 in 0.1859 ms
2026-08-07 20:18:55.403 -04:00 [INF] HTTP POST /Reportes/GetListAgencias responded 200 in 1087.2127 ms
2026-08-07 20:19:19.822 -04:00 [INF] HTTP POST /Reportes/GetLoteria responded 200 in 723.7634 ms
2026-08-07 20:21:41.453 -04:00 [INF] HTTP GET /Reportes/LoteriaTriple responded 200 in 24.0718 ms
2026-08-07 20:21:42.292 -04:00 [INF] HTTP POST /Reportes/GetListAgencias responded 200 in 676.1555 ms
2026-08-07 20:21:51.612 -04:00 [INF] HTTP GET /Reportes/FantasyBsb responded 200 in 27.1523 ms
2026-08-07 20:21:52.369 -04:00 [INF] HTTP POST /Reportes/GetListAgencias responded 200 in 618.6379 ms
2026-08-07 20:27:00.907 -04:00 [INF] HTTP POST /Reportes/GetFantasyBsb responded 200 in 233.2952 ms
2026-08-07 20:27:16.710 -04:00 [INF] HTTP POST /Reportes/GetFantasyBsb responded 200 in 169.3179 ms
2026-08-07 20:42:59.133 -04:00 [INF] HTTP GET /Reportes/FantasyBsb responded 200 in 312.5488 ms
2026-08-07 20:43:01.325 -04:00 [INF] HTTP GET /favicon.ico responded 404 in 0.1503 ms
2026-08-07 20:43:02.087 -04:00 [INF] HTTP POST /Reportes/GetListAgencias responded 200 in 2085.1623 ms
2026-08-07 20:43:26.476 -04:00 [INF] HTTP POST /Reportes/GetFantasyBsb responded 200 in 660.2564 ms
2026-08-07 20:43:40.073 -04:00 [INF] HTTP POST /Reportes/GetFantasyBsb responded 200 in 263.9716 ms
2026-08-07 20:43:48.811 -04:00 [INF] HTTP POST /Reportes/GetFantasyBsb responded 200 in 169.1083 ms
2026-08-07 20:43:57.782 -04:00 [INF] HTTP POST /Reportes/GetFantasyBsb responded 200 in 184.0505 ms
2026-08-07 20:44:07.191 -04:00 [INF] HTTP POST /Reportes/GetFantasyBsb responded 200 in 181.5699 ms
2026-08-07 20:59:59.230 -04:00 [INF] HTTP GET /Reportes/Loteria responded 200 in 3.3392 ms
2026-08-07 21:00:00.552 -04:00 [INF] HTTP POST /Reportes/GetListAgencias responded 200 in 1102.9311 ms
2026-08-07 21:00:04.717 -04:00 [INF] HTTP GET /Reportes/LoteriaTriple responded 200 in 1.4149 ms
2026-08-07 21:00:05.550 -04:00 [INF] HTTP POST /Reportes/GetListAgencias responded 200 in 675.0885 ms
2026-08-07 22:30:42.467 -04:00 [INF] HTTP POST /Reportes/GetLoteriasTriple responded 404 in 0.7051 ms
2026-08-07 23:19:17.592 -04:00 [INF] HTTP POST /Reportes/GetLoteriasTriple responded 404 in 0.1667 ms
2026-08-07 23:19:21.212 -04:00 [INF] HTTP GET /.well-known/appspecific/com.chrome.devtools.json responded 404 in 0.2625 ms
2026-08-07 23:19:24.535 -04:00 [INF] HTTP POST /Reportes/GetLoteriasTriple responded 404 in 0.1414 ms
