2026-09-14 23:26:42.613 -04:00 [INF] Iniciando ReportePrematch.Web...
2026-09-14 23:26:44.126 -04:00 [INF] HTTP GET / responded 200 in 275.3212 ms
2026-09-14 23:26:44.756 -04:00 [INF] HTTP GET /favicon.ico responded 404 in 5.1274 ms
2026-09-14 23:26:55.752 -04:00 [INF] Login exitoso: vlapenta [Usuario suAdmin]
2026-09-14 23:26:55.759 -04:00 [INF] HTTP POST / responded 302 in 1252.8217 ms
2026-09-14 23:26:55.963 -04:00 [INF] HTTP GET /Reportes/VentasPorAgente responded 200 in 196.0975 ms
2026-09-14 23:27:00.168 -04:00 [INF] HTTP POST /Reportes/GetListAgenciasApi responded 200 in 3785.7515 ms
2026-09-14 23:28:31.019 -04:00 [INF] HTTP POST /Reportes/GetVentasPorAgenteTaq responded 200 in 698.2281 ms
2026-09-14 23:28:36.990 -04:00 [INF] HTTP POST /Reportes/GetVentasPorAgenteTaq responded 200 in 257.7400 ms
2026-09-14 23:28:42.759 -04:00 [INF] HTTP POST /Reportes/GetVentasPorAgenteWeb responded 200 in 2827.0992 ms
2026-09-14 23:29:03.066 -04:00 [INF] HTTP POST /Reportes/GetVentasPorAgenteTaq responded 200 in 485.5374 ms
2026-09-14 23:29:06.188 -04:00 [INF] HTTP POST /Reportes/GetTicketsDetalladosTaq responded 200 in 651.3645 ms
2026-09-14 23:29:11.504 -04:00 [INF] HTTP POST /Reportes/GetDetalleTicket responded 200 in 3087.6904 ms
2026-09-14 23:30:58.351 -04:00 [INF] HTTP POST /Reportes/GetVentasPorAgenteWeb responded 200 in 3475.3952 ms
2026-09-14 23:33:41.332 -04:00 [INF] HTTP GET /Reportes/VentasPorAgenteNikols responded 200 in 49.5187 ms
2026-09-14 23:33:42.142 -04:00 [INF] HTTP POST /Reportes/GetListAgenciasApi responded 200 in 628.4219 ms
2026-09-14 23:33:51.600 -04:00 [INF] HTTP POST /Reportes/GetVentasPorAgenteNikolsTaq responded 200 in 387.5759 ms
2026-09-14 23:33:55.509 -04:00 [INF] HTTP POST /Reportes/GetTicketsDetalladosTaq responded 200 in 167.4875 ms
2026-09-14 23:33:58.243 -04:00 [INF] HTTP POST /Reportes/GetDetalleTicket responded 200 in 395.6301 ms
2026-09-14 23:34:09.614 -04:00 [INF] HTTP POST /Reportes/GetVentasPorAgenteNikolsWeb responded 200 in 2492.8979 ms
2026-09-14 23:34:20.222 -04:00 [INF] HTTP GET /Reportes/TicketsDetallados responded 200 in 41.6872 ms
2026-09-14 23:34:20.820 -04:00 [INF] HTTP POST /Reportes/GetListAgenciasApi responded 200 in 440.9521 ms
2026-09-14 23:34:25.690 -04:00 [INF] HTTP POST /Reportes/GetTicketsDetalladosTaq responded 200 in 145.3107 ms
2026-09-14 23:34:28.371 -04:00 [INF] HTTP POST /Reportes/GetDetalleTicket responded 200 in 168.1618 ms
2026-09-14 23:35:18.708 -04:00 [INF] HTTP POST /Reportes/GetTicketsDetalladosWeb responded 200 in 2225.1947 ms
2026-09-14 23:35:39.580 -04:00 [INF] HTTP POST /Reportes/GetDetalleTicket responded 200 in 246.9695 ms
2026-09-14 23:35:51.859 -04:00 [INF] HTTP POST /Reportes/GetDetalleTicket responded 200 in 541.1959 ms
2026-09-14 23:35:57.834 -04:00 [INF] HTTP POST /Reportes/GetDetalleTicket responded 200 in 175.2706 ms
2026-09-14 23:40:39.232 -04:00 [INF] HTTP GET /Reportes/TicketsDetallados responded 200 in 8791.0265 ms
2026-09-14 23:40:40.424 -04:00 [INF] HTTP GET /favicon.ico responded 404 in 0.1494 ms
2026-09-14 23:40:40.471 -04:00 [INF] HTTP POST /Reportes/GetListAgenciasApi responded 200 in 664.7365 ms
2026-09-14 23:43:11.613 -04:00 [INF] HTTP POST /Reportes/GetTicketsDetalladosWeb responded 200 in 2169.5749 ms
2026-09-14 23:43:14.516 -04:00 [INF] HTTP POST /Reportes/GetDetalleTicket responded 200 in 310.4618 ms
2026-09-14 23:43:19.693 -04:00 [INF] HTTP POST /Reportes/GetDetalleTicket responded 200 in 354.1153 ms
2026-09-14 23:43:25.474 -04:00 [INF] HTTP POST /Reportes/GetDetalleTicket responded 200 in 243.3817 ms
2026-09-14 23:55:01.173 -04:00 [INF] HTTP GET /Reportes/TicketsDetallados responded 200 in 358.0357 ms
2026-09-14 23:55:02.364 -04:00 [INF] HTTP POST /Reportes/GetListAgenciasApi responded 200 in 669.5959 ms
2026-09-14 23:55:02.486 -04:00 [INF] HTTP GET /favicon.ico responded 404 in 0.2302 ms
2026-09-14 23:55:14.415 -04:00 [INF] HTTP POST /Reportes/GetTicketsDetalladosTaq responded 200 in 5838.8007 ms
2026-09-14 23:55:45.095 -04:00 [INF] HTTP POST /Reportes/GetTicketsDetalladosWeb responded 200 in 2201.2982 ms
2026-09-14 23:55:49.906 -04:00 [INF] HTTP POST /Reportes/GetDetalleTicket responded 200 in 368.8137 ms
2026-09-14 23:56:09.795 -04:00 [INF] HTTP GET /Reportes/Casino7777 responded 200 in 346.0185 ms
2026-09-14 23:56:10.524 -04:00 [INF] HTTP POST /Reportes/GetCasino7777Agentes responded 200 in 409.2024 ms
2026-09-14 23:56:16.324 -04:00 [INF] HTTP POST /Reportes/GetCasino7777ResumenGeneral responded 200 in 1477.0708 ms
2026-09-14 23:56:16.324 -04:00 [INF] HTTP POST /Reportes/GetCasino7777 responded 200 in 1477.0701 ms
2026-09-14 23:56:26.521 -04:00 [INF] HTTP POST /Reportes/GetCasino7777 responded 200 in 422.6554 ms
2026-09-14 23:56:26.733 -04:00 [INF] HTTP POST /Reportes/GetCasino7777ResumenGeneral responded 200 in 634.1719 ms
2026-09-14 23:56:36.884 -04:00 [INF] HTTP GET /Reportes/VentasPorAgenteNikols responded 200 in 107.7682 ms
2026-09-14 23:56:37.434 -04:00 [INF] HTTP POST /Reportes/GetListAgenciasApi responded 200 in 425.4161 ms
2026-09-14 23:56:43.339 -04:00 [INF] HTTP POST /Reportes/GetVentasPorAgenteNikolsTaq responded 200 in 2924.5066 ms
2026-09-14 23:56:52.847 -04:00 [INF] HTTP GET /Reportes/VentasPorAgente responded 200 in 164.7097 ms
2026-09-14 23:56:53.559 -04:00 [INF] HTTP POST /Reportes/GetListAgenciasApi responded 200 in 421.0465 ms
2026-09-14 23:56:55.900 -04:00 [INF] HTTP POST /Reportes/GetVentasPorAgenteTaq responded 200 in 745.5401 ms
2026-09-14 23:57:05.881 -04:00 [INF] HTTP POST /Reportes/GetVentasPorAgenteWeb responded 200 in 4397.3285 ms
2026-09-14 23:57:22.407 -04:00 [INF] HTTP GET /Reportes/KingMidas responded 200 in 113.8130 ms
2026-09-14 23:57:22.956 -04:00 [INF] HTTP POST /Reportes/GetListAgenciasApi responded 200 in 416.5805 ms
2026-09-14 23:57:30.166 -04:00 [INF] HTTP POST /Reportes/GetKingMidas responded 200 in 637.1908 ms
2026-09-14 23:58:37.664 -04:00 [INF] HTTP GET /Reportes/TicketsDetallados responded 200 in 3.7732 ms
2026-09-14 23:58:38.179 -04:00 [INF] HTTP POST /Reportes/GetListAgenciasApi responded 200 in 395.8608 ms
2026-09-14 23:58:39.964 -04:00 [INF] HTTP POST /Reportes/GetTicketsDetalladosTaq responded 200 in 703.8919 ms
2026-09-14 23:58:42.134 -04:00 [INF] HTTP POST /Reportes/GetDetalleTicket responded 200 in 379.4783 ms
2026-09-14 23:58:57.842 -04:00 [INF] HTTP POST /Reportes/GetTicketsDetalladosWeb responded 200 in 2599.6412 ms
2026-09-14 23:59:00.256 -04:00 [INF] HTTP POST /Reportes/GetDetalleTicket responded 200 in 213.6998 ms
2026-09-14 23:59:18.351 -04:00 [INF] HTTP POST /Reportes/GetTicketsDetalladosWeb responded 200 in 5938.9467 ms
2026-09-14 23:59:25.386 -04:00 [INF] HTTP POST /Reportes/GetDetalleTicket responded 200 in 335.2948 ms
