2026-08-11 17:03:30.916 -04:00 [INF] Iniciando ReportePrematch.Web...
2026-08-11 17:03:32.145 -04:00 [INF] HTTP GET / responded 200 in 336.3346 ms
2026-08-11 17:03:51.226 -04:00 [INF] Iniciando ReportePrematch.Web...
2026-08-11 17:03:52.380 -04:00 [INF] HTTP GET / responded 200 in 251.8815 ms
2026-08-11 17:04:00.276 -04:00 [INF] Login exitoso: vlapenta [Usuario suAdmin]
2026-08-11 17:04:00.285 -04:00 [INF] HTTP POST / responded 302 in 688.4087 ms
2026-08-11 17:04:00.406 -04:00 [INF] HTTP GET /Reportes/VentasPorAgente responded 200 in 114.4746 ms
2026-08-11 17:04:04.393 -04:00 [INF] HTTP POST /Reportes/GetListAgencias responded 200 in 3757.0343 ms
2026-08-11 17:05:04.315 -04:00 [INF] HTTP POST /Reportes/GetVentasPorAgenteTaq responded 200 in 404.8512 ms
2026-08-11 17:05:08.500 -04:00 [INF] HTTP POST /Reportes/GetTicketsDetalladosTaq responded 200 in 483.7663 ms
2026-08-11 17:08:48.517 -04:00 [INF] HTTP GET /Reportes/VentasPorAgente responded 200 in 5.8464 ms
2026-08-11 17:09:03.356 -04:00 [INF] HTTP POST /Reportes/GetListAgencias responded 200 in 14476.6920 ms
2026-08-11 17:09:06.424 -04:00 [INF] HTTP GET /Home/Dashboard responded 200 in 21.2769 ms
2026-08-11 17:09:07.803 -04:00 [INF] HTTP POST /Reportes/GetDashboardExtendido responded 200 in 1247.5085 ms
2026-08-11 17:09:07.958 -04:00 [INF] HTTP POST /Reportes/GetVentasMonedaExtendido responded 200 in 1402.1113 ms
2026-08-11 17:09:08.178 -04:00 [INF] HTTP POST /Reportes/GetTablesExtendido responded 200 in 1591.8539 ms
2026-08-11 17:09:09.927 -04:00 [INF] HTTP POST /Reportes/GetChartsExtendido responded 200 in 3371.4089 ms
2026-08-11 17:09:18.569 -04:00 [INF] HTTP POST /Reportes/GetVentasMonedaExtendido responded 200 in 758.4026 ms
2026-08-11 17:09:18.862 -04:00 [INF] HTTP POST /Reportes/GetChartsExtendido responded 200 in 1051.9504 ms
2026-08-11 17:09:18.973 -04:00 [INF] HTTP POST /Reportes/GetTablesExtendido responded 200 in 1162.4543 ms
2026-08-11 17:09:19.096 -04:00 [INF] HTTP POST /Reportes/GetDashboardExtendido responded 200 in 1286.4006 ms
2026-08-11 17:22:06.235 -04:00 [INF] HTTP GET /Reportes/VentasPorAgente responded 200 in 9467.2843 ms
2026-08-11 17:22:07.505 -04:00 [INF] HTTP GET /favicon.ico responded 404 in 0.6174 ms
2026-08-11 17:22:09.240 -04:00 [INF] HTTP POST /Reportes/GetListAgencias responded 200 in 2452.3708 ms
2026-08-11 17:22:17.408 -04:00 [INF] HTTP POST /Reportes/GetVentasPorAgenteTaq responded 200 in 617.6087 ms
2026-08-11 17:22:21.467 -04:00 [INF] HTTP POST /Reportes/GetTicketsDetalladosTaq responded 200 in 1317.1937 ms
2026-08-11 17:31:15.793 -04:00 [INF] Iniciando ReportePrematch.Web...
2026-08-11 17:31:16.915 -04:00 [INF] HTTP GET / responded 200 in 275.5049 ms
2026-08-11 17:31:31.071 -04:00 [INF] Login exitoso: vlapenta [Usuario suAdmin]
2026-08-11 17:31:31.079 -04:00 [INF] HTTP POST / responded 302 in 707.5211 ms
2026-08-11 17:31:31.198 -04:00 [INF] HTTP GET /Reportes/VentasPorAgente responded 200 in 110.8195 ms
2026-08-11 17:31:34.002 -04:00 [INF] HTTP POST /Reportes/GetListAgencias responded 200 in 2560.8548 ms
2026-08-11 17:31:43.759 -04:00 [INF] HTTP POST /Reportes/GetVentasPorAgenteTaq responded 200 in 390.2588 ms
2026-08-11 17:31:46.110 -04:00 [INF] HTTP POST /Reportes/GetTicketsDetalladosTaq responded 200 in 376.2058 ms
2026-08-11 17:31:49.391 -04:00 [ERR] GetDetalleTicket failed for ticket 78647300
System.Net.Http.HttpRequestException: Response status code does not indicate success: 404 (Not Found).
   at System.Net.Http.HttpResponseMessage.EnsureSuccessStatusCode()
   at ReportePrematch.Web.Controllers.ReportesController.GetDetalleTicket(Int64 idticket) in D:\GITHUB\ReportePrematch.Web\ReportePrematch.Web\Controllers\ReportesController.cs:line 195
2026-08-11 17:31:49.417 -04:00 [INF] HTTP POST /Reportes/GetDetalleTicket responded 200 in 668.8197 ms
2026-08-11 17:36:15.655 -04:00 [INF] Iniciando ReportePrematch.Web...
2026-08-11 17:36:17.025 -04:00 [INF] HTTP GET / responded 200 in 306.0465 ms
2026-08-11 17:36:26.423 -04:00 [INF] Login exitoso: vlapenta [Usuario suAdmin]
2026-08-11 17:36:26.432 -04:00 [INF] HTTP POST / responded 302 in 652.2930 ms
2026-08-11 17:36:26.550 -04:00 [INF] HTTP GET /Reportes/VentasPorAgente responded 200 in 108.2665 ms
2026-08-11 17:36:27.569 -04:00 [INF] HTTP POST /Reportes/GetListAgencias responded 200 in 768.9320 ms
2026-08-11 17:36:37.188 -04:00 [INF] HTTP POST /Reportes/GetVentasPorAgenteTaq responded 200 in 424.5687 ms
2026-08-11 17:36:39.633 -04:00 [INF] HTTP POST /Reportes/GetTicketsDetalladosTaq responded 200 in 147.4133 ms
2026-08-11 17:36:42.312 -04:00 [INF] HTTP POST /Reportes/GetDetalleTicket responded 200 in 489.7486 ms
2026-08-11 17:37:22.361 -04:00 [INF] HTTP POST /Reportes/GetDetalleTicket responded 200 in 286.3506 ms
2026-08-11 17:38:23.132 -04:00 [INF] HTTP POST /Reportes/GetVentasPorAgenteWeb responded 200 in 533.6080 ms
2026-08-11 17:39:09.593 -04:00 [INF] HTTP GET /Reportes/TicketsDetallados responded 200 in 17.5407 ms
2026-08-11 17:39:10.397 -04:00 [INF] HTTP POST /Reportes/GetListAgencias responded 200 in 600.5115 ms
2026-08-11 17:39:18.557 -04:00 [INF] HTTP POST /Reportes/GetTicketsDetalladosTaq responded 200 in 128.6323 ms
2026-08-11 17:39:52.129 -04:00 [INF] HTTP GET /Reportes/VentasPorAgente responded 200 in 1.9320 ms
2026-08-11 17:39:52.495 -04:00 [INF] HTTP POST /Reportes/GetListAgencias responded 200 in 147.1363 ms
2026-08-11 17:44:12.845 -04:00 [INF] Iniciando ReportePrematch.Web...
2026-08-11 17:44:14.049 -04:00 [INF] HTTP GET / responded 200 in 272.4756 ms
2026-08-11 17:44:24.057 -04:00 [INF] Login exitoso: vlapenta [Usuario suAdmin]
2026-08-11 17:44:24.064 -04:00 [INF] HTTP POST / responded 302 in 755.9036 ms
2026-08-11 17:44:24.191 -04:00 [INF] HTTP GET /Reportes/VentasPorAgente responded 200 in 119.4429 ms
2026-08-11 17:44:25.229 -04:00 [INF] HTTP POST /Reportes/GetListAgencias responded 200 in 786.2561 ms
2026-08-11 17:45:13.463 -04:00 [INF] HTTP GET /Reportes/TicketsDetallados responded 200 in 58.1632 ms
2026-08-11 17:45:13.731 -04:00 [INF] HTTP POST /Reportes/GetListAgencias responded 200 in 168.7568 ms
2026-08-11 17:45:20.032 -04:00 [INF] HTTP POST /Reportes/GetTicketsDetalladosTaq responded 200 in 167.2091 ms
2026-08-11 17:45:22.135 -04:00 [INF] HTTP POST /Reportes/GetDetalleTicket responded 200 in 400.5812 ms
2026-08-11 17:45:35.706 -04:00 [INF] HTTP POST /Reportes/GetTicketsDetalladosWeb responded 200 in 322.2091 ms
2026-08-11 17:45:39.746 -04:00 [INF] HTTP POST /Reportes/GetDetalleTicket responded 200 in 424.3839 ms
2026-08-11 17:47:36.492 -04:00 [INF] HTTP GET /Reportes/IconSlot responded 200 in 18.0315 ms
2026-08-11 17:47:37.230 -04:00 [INF] HTTP POST /Reportes/GetListAgencias responded 200 in 537.3210 ms
2026-08-11 17:47:57.772 -04:00 [INF] HTTP POST /Reportes/GetIconSlot responded 200 in 11174.9589 ms
2026-08-11 17:48:58.128 -04:00 [INF] HTTP GET /Home/Dashboard responded 200 in 20.3577 ms
2026-08-11 17:48:59.415 -04:00 [INF] HTTP POST /Reportes/GetTablesExtendido responded 200 in 1055.2017 ms
2026-08-11 17:48:59.489 -04:00 [INF] HTTP POST /Reportes/GetVentasMonedaExtendido responded 200 in 1130.2609 ms
2026-08-11 17:49:00.395 -04:00 [INF] HTTP POST /Reportes/GetChartsExtendido responded 200 in 2035.5340 ms
2026-08-11 17:49:00.441 -04:00 [INF] HTTP POST /Reportes/GetDashboardExtendido responded 200 in 2082.6449 ms
