2026-09-15 00:19:51.715 -04:00 [INF] HTTP POST /Reportes/GetTicketsDetalladosTaq responded 200 in 2530.7571 ms
2026-09-15 00:19:57.680 -04:00 [INF] HTTP GET /Reportes/VentasPorAgente responded 200 in 33.2702 ms
2026-09-15 00:20:01.235 -04:00 [INF] HTTP POST /Reportes/GetListAgenciasApi responded 200 in 1614.4042 ms
2026-09-15 00:20:02.736 -04:00 [INF] HTTP POST /Reportes/GetVentasPorAgenteTaq responded 200 in 568.8546 ms
2026-09-15 00:20:07.212 -04:00 [INF] HTTP POST /Reportes/GetTicketsDetalladosTaq responded 200 in 532.2944 ms
2026-09-15 00:20:12.042 -04:00 [INF] HTTP POST /Reportes/GetTicketsDetalladosTaq responded 200 in 541.8493 ms
2026-09-15 00:20:26.753 -04:00 [INF] HTTP POST /Reportes/GetVentasPorAgenteWeb responded 200 in 439.0042 ms
2026-09-15 00:21:26.013 -04:00 [INF] HTTP GET /Reportes/VentasPorAgente responded 200 in 146.7381 ms
2026-09-15 00:21:29.131 -04:00 [INF] HTTP GET /favicon.ico responded 404 in 0.0726 ms
2026-09-15 00:21:29.676 -04:00 [INF] HTTP POST /Reportes/GetListAgenciasApi responded 200 in 1973.0648 ms
2026-09-15 00:21:39.023 -04:00 [INF] HTTP POST /Reportes/GetVentasPorAgenteWeb responded 200 in 1260.9738 ms
2026-09-15 00:23:56.350 -04:00 [INF] HTTP POST /Reportes/GetVentasPorAgenteTaq responded 200 in 1391.7084 ms
2026-09-15 00:24:00.189 -04:00 [INF] HTTP POST /Reportes/GetTicketsDetalladosTaq responded 200 in 554.8757 ms
2026-09-15 00:24:06.215 -04:00 [INF] HTTP POST /Reportes/GetVentasPorAgenteTaq responded 200 in 377.7679 ms
2026-09-15 00:24:08.852 -04:00 [INF] HTTP POST /Reportes/GetTicketsDetalladosTaq responded 200 in 1013.4298 ms
2026-09-15 00:24:21.016 -04:00 [INF] HTTP GET /.well-known/appspecific/com.chrome.devtools.json responded 404 in 0.2489 ms
2026-09-15 00:27:20.324 -04:00 [INF] HTTP POST /Reportes/GetVentasPorAgenteWeb responded 200 in 1638.0762 ms
2026-09-15 00:27:33.537 -04:00 [INF] HTTP POST /Reportes/GetVentasPorAgenteWeb responded 200 in 6286.2876 ms
2026-09-15 01:22:17.188 -04:00 [INF] HTTP GET /Reportes/VentasPorAgente responded 200 in 146.3923 ms
2026-09-15 01:22:20.687 -04:00 [INF] HTTP GET /favicon.ico responded 404 in 0.2138 ms
2026-09-15 01:22:23.669 -04:00 [INF] HTTP POST /Reportes/GetListAgenciasApi responded 200 in 4762.4915 ms
2026-09-15 01:24:25.960 -04:00 [INF] HTTP GET /Reportes/VentasPorAgente responded 200 in 1.6027 ms
2026-09-15 01:24:28.979 -04:00 [INF] HTTP GET /favicon.ico responded 404 in 0.1848 ms
2026-09-15 01:24:29.405 -04:00 [INF] HTTP POST /Reportes/GetListAgenciasApi responded 200 in 2124.7109 ms
2026-09-15 01:24:53.673 -04:00 [INF] HTTP POST /Reportes/GetVentasPorAgenteWeb responded 200 in 15154.0226 ms
2026-09-15 01:25:19.873 -04:00 [INF] HTTP POST /Reportes/GetTicketsDetalladosWeb responded 200 in 10801.5746 ms
2026-09-15 01:25:28.022 -04:00 [INF] HTTP POST /Reportes/GetDetalleTicket responded 200 in 2200.1400 ms
2026-09-15 01:25:37.727 -04:00 [INF] HTTP POST /Reportes/GetDetalleTicket responded 200 in 688.7319 ms
2026-09-15 01:26:48.988 -04:00 [INF] HTTP POST /Reportes/GetDetalleTicket responded 200 in 902.3072 ms
2026-09-15 01:27:02.082 -04:00 [INF] HTTP POST /Reportes/GetDetalleTicket responded 200 in 1224.8704 ms
2026-09-15 01:27:30.905 -04:00 [INF] HTTP GET /Reportes/VentasPorAgente responded 200 in 146.2718 ms
2026-09-15 01:27:35.781 -04:00 [INF] HTTP GET /favicon.ico responded 404 in 0.1161 ms
2026-09-15 01:27:37.589 -04:00 [INF] HTTP POST /Reportes/GetListAgenciasApi responded 200 in 1814.0891 ms
2026-09-15 01:27:53.260 -04:00 [INF] HTTP POST /Reportes/GetVentasPorAgenteWeb responded 200 in 4168.2386 ms
2026-09-15 01:28:02.888 -04:00 [INF] HTTP POST /Reportes/GetTicketsDetalladosWeb responded 200 in 4281.1013 ms
2026-09-15 01:28:09.755 -04:00 [INF] HTTP POST /Reportes/GetDetalleTicket responded 200 in 931.4599 ms
2026-09-15 01:28:17.286 -04:00 [INF] HTTP POST /Reportes/GetDetalleTicket responded 200 in 726.1812 ms
2026-09-15 01:28:27.373 -04:00 [INF] HTTP POST /Reportes/GetDetalleTicket responded 200 in 675.6843 ms
2026-09-15 01:28:32.808 -04:00 [INF] HTTP POST /Reportes/GetDetalleTicket responded 200 in 676.7714 ms
2026-09-15 01:28:41.875 -04:00 [INF] HTTP POST /Reportes/GetDetalleTicket responded 200 in 855.5401 ms
2026-09-15 01:28:50.711 -04:00 [INF] HTTP POST /Reportes/GetDetalleTicket responded 200 in 688.2706 ms
2026-09-15 01:29:22.184 -04:00 [INF] HTTP POST /Reportes/GetVentasPorAgenteWeb responded 200 in 4293.9410 ms
2026-09-15 01:29:33.350 -04:00 [INF] HTTP POST /Reportes/GetTicketsDetalladosWeb responded 200 in 4080.4927 ms
2026-09-15 01:29:36.002 -04:00 [INF] HTTP POST /Reportes/GetDetalleTicket responded 200 in 721.4906 ms
2026-09-15 01:29:41.751 -04:00 [INF] HTTP POST /Reportes/GetDetalleTicket responded 200 in 894.9125 ms
2026-09-15 01:29:59.308 -04:00 [INF] HTTP POST /Reportes/GetDetalleTicket responded 200 in 680.3896 ms
2026-09-15 01:30:04.623 -04:00 [INF] HTTP POST /Reportes/GetDetalleTicket responded 200 in 686.5291 ms
