2026-09-16 10:56:21.192 -04:00 [INF] Iniciando ReportePrematch.Web...
2026-09-16 10:56:23.904 -04:00 [INF] HTTP GET / responded 200 in 278.3588 ms
2026-09-16 10:56:25.115 -04:00 [INF] HTTP GET /favicon.ico responded 404 in 5.0960 ms
2026-09-16 10:56:36.508 -04:00 [INF] Login exitoso: vlapenta [Usuario suAdmin]
2026-09-16 10:56:36.517 -04:00 [INF] HTTP POST / responded 302 in 1269.8453 ms
2026-09-16 10:56:37.425 -04:00 [INF] HTTP GET /Reportes/VentasPorAgente responded 200 in 900.3946 ms
2026-09-16 10:56:41.411 -04:00 [INF] HTTP POST /Reportes/GetListAgenciasApi responded 200 in 2990.4637 ms
2026-09-16 10:57:02.310 -04:00 [INF] HTTP POST /Reportes/GetVentasPorAgenteTaq responded 200 in 694.9033 ms
2026-09-16 10:57:11.919 -04:00 [INF] HTTP POST /Reportes/GetVentasPorAgenteWeb responded 200 in 1075.5401 ms
2026-09-16 10:57:26.063 -04:00 [INF] HTTP POST /Reportes/GetTicketsDetalladosWeb responded 200 in 739.2067 ms
2026-09-16 11:36:02.637 -04:00 [INF] HTTP POST /Reportes/GetVentasPorAgenteWeb responded 200 in 3168.9296 ms
2026-09-16 11:36:25.690 -04:00 [INF] HTTP POST /Reportes/GetTicketsDetalladosWeb responded 200 in 680.8264 ms
2026-09-16 11:41:42.049 -04:00 [INF] HTTP POST /Reportes/GetVentasPorAgenteWeb responded 200 in 990.3637 ms
2026-09-16 11:41:47.113 -04:00 [INF] HTTP POST /Reportes/GetVentasPorAgenteWeb responded 200 in 771.5891 ms
2026-09-16 11:41:50.327 -04:00 [INF] HTTP POST /Reportes/GetTicketsDetalladosWeb responded 200 in 347.2248 ms
2026-09-16 11:48:00.433 -04:00 [INF] HTTP POST /Reportes/GetVentasPorAgenteWeb responded 200 in 850.4452 ms
2026-09-16 11:48:05.459 -04:00 [INF] HTTP POST /Reportes/GetTicketsDetalladosWeb responded 200 in 1825.4844 ms
2026-09-16 12:54:04.108 -04:00 [INF] Iniciando ReportePrematch.Web...
2026-09-16 12:54:05.213 -04:00 [INF] HTTP GET / responded 200 in 205.5335 ms
2026-09-16 12:54:28.662 -04:00 [INF] Login exitoso: vlapenta [Usuario suAdmin]
2026-09-16 12:54:28.670 -04:00 [INF] HTTP POST / responded 302 in 855.5286 ms
2026-09-16 12:54:28.788 -04:00 [INF] HTTP GET /Reportes/VentasPorAgente responded 200 in 109.4815 ms
2026-09-16 12:54:31.659 -04:00 [INF] HTTP POST /Reportes/GetListAgenciasApi responded 200 in 2626.0486 ms
2026-09-16 12:58:12.500 -04:00 [INF] Iniciando ReportePrematch.Web...
2026-09-16 12:58:13.782 -04:00 [INF] HTTP GET / responded 200 in 214.4998 ms
2026-09-16 12:58:23.939 -04:00 [INF] Login exitoso: vlapenta [Usuario suAdmin]
2026-09-16 12:58:23.947 -04:00 [INF] HTTP POST / responded 302 in 779.6218 ms
2026-09-16 12:58:24.056 -04:00 [INF] HTTP GET /Reportes/VentasPorAgente responded 200 in 102.7647 ms
2026-09-16 12:58:25.221 -04:00 [INF] HTTP POST /Reportes/GetListAgenciasApi responded 200 in 920.5101 ms
2026-09-16 12:58:37.419 -04:00 [INF] HTTP POST /Reportes/GetVentasPorAgenteWeb responded 200 in 1525.7924 ms
2026-09-16 12:58:42.705 -04:00 [INF] HTTP GET /.well-known/appspecific/com.chrome.devtools.json responded 404 in 1.2618 ms
2026-09-16 12:58:47.163 -04:00 [INF] HTTP POST /Reportes/GetTicketsDetalladosWebII responded 404 in 0.2694 ms
2026-09-16 13:52:02.397 -04:00 [INF] Iniciando ReportePrematch.Web...
2026-09-16 13:52:04.041 -04:00 [INF] HTTP GET / responded 200 in 294.1131 ms
2026-09-16 13:52:15.725 -04:00 [INF] Login exitoso: vlapenta [Usuario suAdmin]
2026-09-16 13:52:15.733 -04:00 [INF] HTTP POST / responded 302 in 849.8319 ms
2026-09-16 13:52:15.975 -04:00 [INF] HTTP GET /Reportes/VentasPorAgente responded 200 in 232.6043 ms
2026-09-16 13:52:17.139 -04:00 [INF] HTTP POST /Reportes/GetListAgenciasApi responded 200 in 907.1544 ms
2026-09-16 13:52:24.969 -04:00 [INF] HTTP POST /Reportes/GetVentasPorAgenteWeb responded 200 in 1490.9288 ms
2026-09-16 13:52:30.650 -04:00 [INF] HTTP POST /Reportes/GetTicketsDetalladosWebII responded 404 in 1.2699 ms
2026-09-16 13:52:37.603 -04:00 [INF] HTTP POST /Reportes/GetTicketsDetalladosWebII responded 404 in 0.2867 ms
2026-09-16 13:52:41.078 -04:00 [INF] HTTP GET /.well-known/appspecific/com.chrome.devtools.json responded 404 in 0.1539 ms
2026-09-16 13:52:45.743 -04:00 [INF] HTTP POST /Reportes/GetTicketsDetalladosWebII responded 404 in 0.3227 ms
2026-09-16 13:52:47.279 -04:00 [INF] HTTP GET /Reportes/GetTicketsDetalladosWebII responded 404 in 0.1825 ms
2026-09-16 13:54:10.961 -04:00 [INF] HTTP POST /Reportes/GetVentasPorAgenteWeb responded 200 in 2033.1630 ms
2026-09-16 13:54:14.442 -04:00 [INF] HTTP POST /Reportes/GetTicketsDetalladosWebII responded 404 in 0.2451 ms
2026-09-16 13:56:39.391 -04:00 [INF] Iniciando ReportePrematch.Web...
2026-09-16 13:56:40.353 -04:00 [INF] HTTP GET / responded 200 in 212.2104 ms
2026-09-16 13:56:49.128 -04:00 [INF] Login exitoso: vlapenta [Usuario suAdmin]
2026-09-16 13:56:49.136 -04:00 [INF] HTTP POST / responded 302 in 1006.2221 ms
2026-09-16 13:56:49.241 -04:00 [INF] HTTP GET /Reportes/VentasPorAgente responded 200 in 97.9548 ms
2026-09-16 13:56:50.279 -04:00 [INF] HTTP POST /Reportes/GetListAgenciasApi responded 200 in 800.0758 ms
2026-09-16 13:56:57.475 -04:00 [INF] HTTP POST /Reportes/GetVentasPorAgenteWeb responded 200 in 1513.2900 ms
2026-09-16 13:57:01.576 -04:00 [INF] HTTP POST /Reportes/GetTicketsDetalladosWebII responded 200 in 520.7798 ms
2026-09-16 14:27:01.659 -04:00 [INF] HTTP POST /Reportes/GetVentasPorAgenteWeb responded 200 in 3491.4197 ms
2026-09-16 14:27:07.290 -04:00 [INF] HTTP POST /Reportes/GetVentasPorAgenteWeb responded 200 in 1058.4276 ms
2026-09-16 14:59:32.914 -04:00 [INF] Iniciando ReportePrematch.Web...
2026-09-16 14:59:33.827 -04:00 [INF] HTTP GET / responded 200 in 222.5919 ms
2026-09-16 14:59:41.494 -04:00 [INF] Login exitoso: vlapenta [Usuario suAdmin]
2026-09-16 14:59:41.502 -04:00 [INF] HTTP POST / responded 302 in 809.7088 ms
2026-09-16 14:59:41.609 -04:00 [INF] HTTP GET /Reportes/VentasPorAgente responded 200 in 99.6732 ms
2026-09-16 14:59:43.195 -04:00 [INF] HTTP POST /Reportes/GetListAgenciasApi responded 200 in 1001.2493 ms
2026-09-16 14:59:54.873 -04:00 [INF] HTTP POST /Reportes/GetVentasPorAgenteWeb responded 200 in 1625.0624 ms
2026-09-16 14:59:59.846 -04:00 [INF] HTTP POST /Reportes/GetTicketsDetalladosWebII responded 200 in 492.4214 ms
2026-09-16 15:03:08.774 -04:00 [INF] HTTP POST /Reportes/GetVentasPorAgenteWeb responded 200 in 2669.6244 ms
2026-09-16 15:03:14.324 -04:00 [INF] HTTP POST /Reportes/GetTicketsDetalladosWebII responded 200 in 423.9258 ms
2026-09-16 21:48:54.438 -04:00 [INF] Iniciando ReportePrematch.Web...
2026-09-16 21:48:56.685 -04:00 [INF] HTTP GET / responded 200 in 283.7439 ms
2026-09-16 21:48:57.293 -04:00 [INF] HTTP GET /favicon.ico responded 404 in 4.2872 ms
2026-09-16 21:49:10.027 -04:00 [INF] Login exitoso: vlapenta [Usuario suAdmin]
2026-09-16 21:49:10.033 -04:00 [INF] HTTP POST / responded 302 in 983.0369 ms
2026-09-16 21:49:10.237 -04:00 [INF] HTTP GET /Reportes/VentasPorAgente responded 200 in 196.5846 ms
2026-09-16 21:49:15.283 -04:00 [INF] HTTP POST /Reportes/GetListAgenciasApi responded 200 in 4306.2677 ms
2026-09-16 21:49:26.495 -04:00 [INF] HTTP POST /Reportes/GetVentasPorAgenteWeb responded 200 in 2411.4704 ms
2026-09-16 21:49:33.504 -04:00 [INF] HTTP POST /Reportes/GetTicketsDetalladosWebII responded 200 in 1593.1884 ms
