2026-08-29 12:53:39.900 -04:00 [INF] Iniciando ReportePrematch.Web...
2026-08-29 12:53:42.148 -04:00 [INF] HTTP GET / responded 200 in 530.0035 ms
2026-08-29 12:53:57.550 -04:00 [INF] HTTP GET /favicon.ico responded 404 in 10.8623 ms
2026-08-29 12:53:58.661 -04:00 [INF] HTTP POST / responded 200 in 96.3562 ms
2026-08-29 12:54:07.104 -04:00 [INF] Login exitoso: vlapenta [Usuario suAdmin]
2026-08-29 12:54:07.114 -04:00 [INF] HTTP POST / responded 302 in 1471.0678 ms
2026-08-29 12:54:07.456 -04:00 [INF] HTTP GET /Reportes/VentasPorAgente responded 200 in 333.6012 ms
2026-08-29 12:54:31.595 -04:00 [INF] HTTP POST /Reportes/GetListAgenciasApi responded 200 in 17228.6742 ms
2026-08-29 12:54:38.792 -04:00 [INF] HTTP GET /Reportes/Aviatrix responded 200 in 87.5133 ms
2026-08-29 12:56:17.219 -04:00 [INF] Iniciando ReportePrematch.Web...
2026-08-29 12:56:19.536 -04:00 [INF] HTTP GET / responded 200 in 686.2298 ms
2026-08-29 12:57:38.436 -04:00 [INF] Login exitoso: vlapenta [Usuario suAdmin]
2026-08-29 12:57:38.448 -04:00 [INF] HTTP POST / responded 302 in 1034.1913 ms
2026-08-29 12:57:38.642 -04:00 [INF] HTTP GET /Reportes/VentasPorAgente responded 200 in 182.6075 ms
2026-08-29 12:57:50.235 -04:00 [INF] HTTP POST /Reportes/GetListAgenciasApi responded 200 in 11085.1318 ms
2026-08-29 12:58:06.081 -04:00 [INF] HTTP GET /Reportes/Aviatrix responded 200 in 44.6088 ms
2026-08-29 12:58:20.187 -04:00 [INF] HTTP POST /Reportes/GetListAgenciasApi responded 200 in 13867.1474 ms
2026-08-29 16:00:46.004 -04:00 [INF] Iniciando ReportePrematch.Web...
2026-08-29 16:00:48.901 -04:00 [INF] HTTP GET / responded 200 in 701.1739 ms
2026-08-29 16:00:50.656 -04:00 [INF] HTTP GET /favicon.ico responded 404 in 5.3574 ms
2026-08-29 16:01:17.951 -04:00 [WRN] ADWS Login: credenciales inválidas (Mensaje=-1) para vlapenta
2026-08-29 16:01:17.958 -04:00 [WRN] Login fallido para usuario vlapenta
2026-08-29 16:01:17.995 -04:00 [INF] HTTP POST / responded 200 in 1397.3024 ms
2026-08-29 16:01:26.839 -04:00 [WRN] ADWS Login: credenciales inválidas (Mensaje=-1) para vlapenta
2026-08-29 16:01:26.841 -04:00 [WRN] Login fallido para usuario vlapenta
2026-08-29 16:01:26.847 -04:00 [INF] HTTP POST / responded 200 in 477.8847 ms
2026-08-29 16:01:54.443 -04:00 [WRN] ADWS Login: credenciales inválidas (Mensaje=-1) para vlapenta
2026-08-29 16:01:54.444 -04:00 [WRN] Login fallido para usuario vlapenta
2026-08-29 16:01:54.447 -04:00 [INF] HTTP POST / responded 200 in 177.5549 ms
2026-08-29 16:02:12.091 -04:00 [INF] Login exitoso: vlapenta [Usuario suAdmin]
2026-08-29 16:02:12.098 -04:00 [INF] HTTP POST / responded 302 in 614.7071 ms
2026-08-29 16:02:12.728 -04:00 [INF] HTTP GET /Reportes/VentasPorAgente responded 200 in 619.3331 ms
2026-08-29 16:02:18.397 -04:00 [ERR] HTTP POST /Reportes/GetListAgenciasApi responded 500 in 5100.0606 ms
System.Net.Http.HttpRequestException: No se puede establecer una conexión ya que el equipo de destino denegó expresamente dicha conexión. (localhost:44322)
 ---> System.Net.Sockets.SocketException (10061): No se puede establecer una conexión ya que el equipo de destino denegó expresamente dicha conexión.
   at System.Net.Sockets.Socket.AwaitableSocketAsyncEventArgs.ThrowException(SocketError error, CancellationToken cancellationToken)
   at System.Net.Sockets.Socket.AwaitableSocketAsyncEventArgs.System.Threading.Tasks.Sources.IValueTaskSource.GetResult(Int16 token)
   at System.Net.Http.HttpConnectionPool.ConnectToTcpHostAsync(String host, Int32 port, HttpRequestMessage initialRequest, Boolean async, CancellationToken cancellationToken)
   --- End of inner exception stack trace ---
   at System.Net.Http.HttpConnectionPool.ConnectToTcpHostAsync(String host, Int32 port, HttpRequestMessage initialRequest, Boolean async, CancellationToken cancellationToken)
   at System.Net.Http.HttpConnectionPool.ConnectAsync(HttpRequestMessage request, Boolean async, CancellationToken cancellationToken)
   at System.Net.Http.HttpConnectionPool.CreateHttp11ConnectionAsync(HttpRequestMessage request, Boolean async, CancellationToken cancellationToken)
   at System.Net.Http.HttpConnectionPool.InjectNewHttp11ConnectionAsync(QueueItem queueItem)
   at System.Threading.Tasks.TaskCompletionSourceWithCancellation`1.WaitWithCancellationAsync(CancellationToken cancellationToken)
   at System.Net.Http.HttpConnectionWaiter`1.WaitForConnectionWithTelemetryAsync(HttpRequestMessage request, HttpConnectionPool pool, Boolean async, CancellationToken requestCancellationToken)
   at System.Net.Http.HttpConnectionPool.SendWithVersionDetectionAndRetryAsync(HttpRequestMessage request, Boolean async, Boolean doRequestAuth, CancellationToken cancellationToken)
   at System.Net.Http.DiagnosticsHandler.SendAsyncCore(HttpRequestMessage request, Boolean async, CancellationToken cancellationToken)
   at System.Net.Http.RedirectHandler.SendAsync(HttpRequestMessage request, Boolean async, CancellationToken cancellationToken)
   at System.Net.Http.SocketsHttpHandler.<SendAsync>g__CreateHandlerAndSendAsync|115_0(HttpRequestMessage request, CancellationToken cancellationToken)
   at System.Net.Http.HttpClient.<SendAsync>g__Core|83_0(HttpRequestMessage request, HttpCompletionOption completionOption, CancellationTokenSource cts, Boolean disposeCts, CancellationTokenSource pendingRequestsCts, CancellationToken originalCancellationToken)
   at ReportePrematch.Web.Services.Clients.ReportesService.GetEndorphineAgentesAsync() in D:\GITHUB\ReportePrematch.Web\ReportePrematch.Web\Services\Clients\ReportesService.cs:line 1129
   at ReportePrematch.Web.Controllers.ReportesController.GetListAgenciasApi() in D:\GITHUB\ReportePrematch.Web\ReportePrematch.Web\Controllers\ReportesController.cs:line 192
   at Microsoft.AspNetCore.Mvc.Infrastructure.ActionMethodExecutor.TaskOfIActionResultExecutor.Execute(ActionContext actionContext, IActionResultTypeMapper mapper, ObjectMethodExecutor executor, Object controller, Object[] arguments)
   at Microsoft.AspNetCore.Mvc.Infrastructure.ControllerActionInvoker.<InvokeActionMethodAsync>g__Awaited|12_0(ControllerActionInvoker invoker, ValueTask`1 actionResultValueTask)
   at Microsoft.AspNetCore.Mvc.Infrastructure.ControllerActionInvoker.<InvokeNextActionFilterAsync>g__Awaited|10_0(ControllerActionInvoker invoker, Task lastTask, State next, Scope scope, Object state, Boolean isCompleted)
   at Microsoft.AspNetCore.Mvc.Infrastructure.ControllerActionInvoker.Rethrow(ActionExecutedContextSealed context)
   at Microsoft.AspNetCore.Mvc.Infrastructure.ControllerActionInvoker.Next(State& next, Scope& scope, Object& state, Boolean& isCompleted)
   at Microsoft.AspNetCore.Mvc.Infrastructure.ControllerActionInvoker.<InvokeInnerFilterAsync>g__Awaited|13_0(ControllerActionInvoker invoker, Task lastTask, State next, Scope scope, Object state, Boolean isCompleted)
   at Microsoft.AspNetCore.Mvc.Infrastructure.ResourceInvoker.<InvokeNextResourceFilter>g__Awaited|25_0(ResourceInvoker invoker, Task lastTask, State next, Scope scope, Object state, Boolean isCompleted)
   at Microsoft.AspNetCore.Mvc.Infrastructure.ResourceInvoker.Rethrow(ResourceExecutedContextSealed context)
   at Microsoft.AspNetCore.Mvc.Infrastructure.ResourceInvoker.Next(State& next, Scope& scope, Object& state, Boolean& isCompleted)
   at Microsoft.AspNetCore.Mvc.Infrastructure.ResourceInvoker.<InvokeFilterPipelineAsync>g__Awaited|20_0(ResourceInvoker invoker, Task lastTask, State next, Scope scope, Object state, Boolean isCompleted)
   at Microsoft.AspNetCore.Mvc.Infrastructure.ResourceInvoker.<InvokeAsync>g__Awaited|17_0(ResourceInvoker invoker, Task task, IDisposable scope)
   at Microsoft.AspNetCore.Mvc.Infrastructure.ResourceInvoker.<InvokeAsync>g__Awaited|17_0(ResourceInvoker invoker, Task task, IDisposable scope)
   at Microsoft.AspNetCore.Authorization.AuthorizationMiddleware.Invoke(HttpContext context)
   at Microsoft.AspNetCore.Session.SessionMiddleware.Invoke(HttpContext context)
   at Microsoft.AspNetCore.Session.SessionMiddleware.Invoke(HttpContext context)
   at Serilog.AspNetCore.RequestLoggingMiddleware.Invoke(HttpContext httpContext)
2026-08-29 16:02:18.470 -04:00 [ERR] An unhandled exception has occurred while executing the request.
System.Net.Http.HttpRequestException: No se puede establecer una conexión ya que el equipo de destino denegó expresamente dicha conexión. (localhost:44322)
 ---> System.Net.Sockets.SocketException (10061): No se puede establecer una conexión ya que el equipo de destino denegó expresamente dicha conexión.
   at System.Net.Sockets.Socket.AwaitableSocketAsyncEventArgs.ThrowException(SocketError error, CancellationToken cancellationToken)
   at System.Net.Sockets.Socket.AwaitableSocketAsyncEventArgs.System.Threading.Tasks.Sources.IValueTaskSource.GetResult(Int16 token)
   at System.Net.Http.HttpConnectionPool.ConnectToTcpHostAsync(String host, Int32 port, HttpRequestMessage initialRequest, Boolean async, CancellationToken cancellationToken)
   --- End of inner exception stack trace ---
   at System.Net.Http.HttpConnectionPool.ConnectToTcpHostAsync(String host, Int32 port, HttpRequestMessage initialRequest, Boolean async, CancellationToken cancellationToken)
   at System.Net.Http.HttpConnectionPool.ConnectAsync(HttpRequestMessage request, Boolean async, CancellationToken cancellationToken)
   at System.Net.Http.HttpConnectionPool.CreateHttp11ConnectionAsync(HttpRequestMessage request, Boolean async, CancellationToken cancellationToken)
   at System.Net.Http.HttpConnectionPool.InjectNewHttp11ConnectionAsync(QueueItem queueItem)
   at System.Threading.Tasks.TaskCompletionSourceWithCancellation`1.WaitWithCancellationAsync(CancellationToken cancellationToken)
   at System.Net.Http.HttpConnectionWaiter`1.WaitForConnectionWithTelemetryAsync(HttpRequestMessage request, HttpConnectionPool pool, Boolean async, CancellationToken requestCancellationToken)
   at System.Net.Http.HttpConnectionPool.SendWithVersionDetectionAndRetryAsync(HttpRequestMessage request, Boolean async, Boolean doRequestAuth, CancellationToken cancellationToken)
   at System.Net.Http.DiagnosticsHandler.SendAsyncCore(HttpRequestMessage request, Boolean async, CancellationToken cancellationToken)
   at System.Net.Http.RedirectHandler.SendAsync(HttpRequestMessage request, Boolean async, CancellationToken cancellationToken)
   at System.Net.Http.SocketsHttpHandler.<SendAsync>g__CreateHandlerAndSendAsync|115_0(HttpRequestMessage request, CancellationToken cancellationToken)
   at System.Net.Http.HttpClient.<SendAsync>g__Core|83_0(HttpRequestMessage request, HttpCompletionOption completionOption, CancellationTokenSource cts, Boolean disposeCts, CancellationTokenSource pendingRequestsCts, CancellationToken originalCancellationToken)
   at ReportePrematch.Web.Services.Clients.ReportesService.GetEndorphineAgentesAsync() in D:\GITHUB\ReportePrematch.Web\ReportePrematch.Web\Services\Clients\ReportesService.cs:line 1129
   at ReportePrematch.Web.Controllers.ReportesController.GetListAgenciasApi() in D:\GITHUB\ReportePrematch.Web\ReportePrematch.Web\Controllers\ReportesController.cs:line 192
   at Microsoft.AspNetCore.Mvc.Infrastructure.ActionMethodExecutor.TaskOfIActionResultExecutor.Execute(ActionContext actionContext, IActionResultTypeMapper mapper, ObjectMethodExecutor executor, Object controller, Object[] arguments)
   at Microsoft.AspNetCore.Mvc.Infrastructure.ControllerActionInvoker.<InvokeActionMethodAsync>g__Awaited|12_0(ControllerActionInvoker invoker, ValueTask`1 actionResultValueTask)
   at Microsoft.AspNetCore.Mvc.Infrastructure.ControllerActionInvoker.<InvokeNextActionFilterAsync>g__Awaited|10_0(ControllerActionInvoker invoker, Task lastTask, State next, Scope scope, Object state, Boolean isCompleted)
   at Microsoft.AspNetCore.Mvc.Infrastructure.ControllerActionInvoker.Rethrow(ActionExecutedContextSealed context)
   at Microsoft.AspNetCore.Mvc.Infrastructure.ControllerActionInvoker.Next(State& next, Scope& scope, Object& state, Boolean& isCompleted)
   at Microsoft.AspNetCore.Mvc.Infrastructure.ControllerActionInvoker.<InvokeInnerFilterAsync>g__Awaited|13_0(ControllerActionInvoker invoker, Task lastTask, State next, Scope scope, Object state, Boolean isCompleted)
   at Microsoft.AspNetCore.Mvc.Infrastructure.ResourceInvoker.<InvokeNextResourceFilter>g__Awaited|25_0(ResourceInvoker invoker, Task lastTask, State next, Scope scope, Object state, Boolean isCompleted)
   at Microsoft.AspNetCore.Mvc.Infrastructure.ResourceInvoker.Rethrow(ResourceExecutedContextSealed context)
   at Microsoft.AspNetCore.Mvc.Infrastructure.ResourceInvoker.Next(State& next, Scope& scope, Object& state, Boolean& isCompleted)
   at Microsoft.AspNetCore.Mvc.Infrastructure.ResourceInvoker.<InvokeFilterPipelineAsync>g__Awaited|20_0(ResourceInvoker invoker, Task lastTask, State next, Scope scope, Object state, Boolean isCompleted)
   at Microsoft.AspNetCore.Mvc.Infrastructure.ResourceInvoker.<InvokeAsync>g__Awaited|17_0(ResourceInvoker invoker, Task task, IDisposable scope)
   at Microsoft.AspNetCore.Mvc.Infrastructure.ResourceInvoker.<InvokeAsync>g__Awaited|17_0(ResourceInvoker invoker, Task task, IDisposable scope)
   at Microsoft.AspNetCore.Authorization.AuthorizationMiddleware.Invoke(HttpContext context)
   at Microsoft.AspNetCore.Session.SessionMiddleware.Invoke(HttpContext context)
   at Microsoft.AspNetCore.Session.SessionMiddleware.Invoke(HttpContext context)
   at Serilog.AspNetCore.RequestLoggingMiddleware.Invoke(HttpContext httpContext)
   at Microsoft.AspNetCore.Authentication.AuthenticationMiddleware.Invoke(HttpContext context)
   at Microsoft.AspNetCore.Diagnostics.DeveloperExceptionPageMiddlewareImpl.Invoke(HttpContext context)
2026-08-29 16:04:10.905 -04:00 [INF] HTTP GET /Reportes/Aviatrix responded 200 in 122.1182 ms
2026-08-29 16:04:14.260 -04:00 [INF] HTTP POST /Reportes/GetListAgenciasApi responded 200 in 3084.7635 ms
2026-08-29 16:04:35.175 -04:00 [INF] HTTP POST /Reportes/GetAviatrix responded 200 in 832.0371 ms
2026-08-29 16:04:51.535 -04:00 [INF] HTTP GET /Reportes/Casino7777 responded 200 in 103.8968 ms
2026-08-29 16:04:52.419 -04:00 [INF] HTTP POST /Reportes/GetCasino7777Agentes responded 200 in 656.3373 ms
2026-08-29 16:05:12.247 -04:00 [INF] HTTP POST /Reportes/GetCasino7777ResumenGeneral responded 200 in 1788.4445 ms
2026-08-29 16:05:12.352 -04:00 [INF] HTTP POST /Reportes/GetCasino7777 responded 200 in 1856.5138 ms
2026-08-29 16:05:23.241 -04:00 [INF] HTTP POST /Reportes/GetCasino7777 responded 200 in 211.8141 ms
2026-08-29 16:05:23.249 -04:00 [INF] HTTP POST /Reportes/GetCasino7777ResumenGeneral responded 200 in 219.7868 ms
2026-08-29 16:05:40.091 -04:00 [INF] HTTP POST /Reportes/GetCasino7777ResumenGeneral responded 200 in 117.6381 ms
2026-08-29 16:05:40.100 -04:00 [INF] HTTP POST /Reportes/GetCasino7777 responded 200 in 126.4165 ms
2026-08-29 16:05:44.745 -04:00 [INF] HTTP GET /Reportes/Endorphine responded 200 in 114.3379 ms
2026-08-29 16:05:45.618 -04:00 [INF] HTTP POST /Reportes/GetEndorphineAgentes responded 200 in 609.6935 ms
2026-08-29 16:05:57.474 -04:00 [INF] HTTP POST /Reportes/GetEndorphineResumenGeneral responded 200 in 509.5024 ms
2026-08-29 16:05:57.788 -04:00 [INF] HTTP POST /Reportes/GetEndorphine responded 200 in 823.3281 ms
2026-08-29 16:06:13.844 -04:00 [INF] HTTP POST /Reportes/GetEndorphineResumenGeneral responded 200 in 91.9458 ms
2026-08-29 16:06:13.860 -04:00 [INF] HTTP POST /Reportes/GetEndorphine responded 200 in 107.8359 ms
2026-08-29 16:06:18.628 -04:00 [INF] HTTP GET /Reportes/InOutGaming responded 200 in 118.8548 ms
2026-08-29 16:06:19.485 -04:00 [INF] HTTP POST /Reportes/GetInOutGamingAgentes responded 200 in 665.1952 ms
2026-08-29 16:06:31.043 -04:00 [INF] HTTP POST /Reportes/GetInOutGamingResumenGeneral responded 200 in 593.3103 ms
2026-08-29 16:06:31.383 -04:00 [INF] HTTP POST /Reportes/GetInOutGaming responded 200 in 933.3721 ms
2026-08-29 16:06:41.613 -04:00 [INF] HTTP GET /Reportes/Hipismo responded 200 in 143.6885 ms
2026-08-29 16:06:42.768 -04:00 [INF] HTTP POST /Reportes/GetListAgenciasApi responded 200 in 707.8399 ms
2026-08-29 16:08:43.351 -04:00 [INF] HTTP POST /Reportes/GetHipismo responded 200 in 16551.9210 ms
2026-08-29 16:10:31.993 -04:00 [INF] HTTP POST /Reportes/GetDetallesHipismo responded 200 in 7818.3750 ms
2026-08-29 16:14:11.092 -04:00 [INF] HTTP GET /Reportes/Hipismo responded 200 in 16538.7149 ms
2026-08-29 16:14:13.302 -04:00 [INF] HTTP POST /Reportes/GetListAgenciasApi responded 200 in 1175.1250 ms
2026-08-29 16:14:13.655 -04:00 [INF] HTTP GET /favicon.ico responded 404 in 0.3698 ms
2026-08-29 16:14:49.937 -04:00 [INF] HTTP POST /Reportes/GetHipismo responded 200 in 18473.2610 ms
2026-08-29 16:15:00.780 -04:00 [INF] HTTP GET /Reportes/Loteria responded 200 in 123.4948 ms
2026-08-29 16:15:01.796 -04:00 [INF] HTTP POST /Reportes/GetListAgenciasApi responded 200 in 683.5046 ms
2026-08-29 16:15:24.867 -04:00 [INF] HTTP POST /Reportes/GetLoteria responded 200 in 684.1384 ms
2026-08-29 16:15:44.634 -04:00 [INF] HTTP POST /Reportes/GetLoteria responded 200 in 230.4400 ms
2026-08-29 16:19:34.194 -04:00 [INF] HTTP GET /Reportes/Loteria responded 200 in 535.8463 ms
2026-08-29 16:19:35.901 -04:00 [INF] HTTP POST /Reportes/GetListAgenciasApi responded 200 in 1089.6938 ms
2026-08-29 16:19:36.450 -04:00 [INF] HTTP GET /favicon.ico responded 404 in 0.1695 ms
2026-08-29 16:19:59.122 -04:00 [INF] HTTP POST /Reportes/GetLoteria responded 200 in 176.0528 ms
2026-08-29 16:20:09.519 -04:00 [INF] HTTP GET /Reportes/LoteriaTriple responded 200 in 110.6329 ms
2026-08-29 16:20:10.457 -04:00 [INF] HTTP POST /Reportes/GetListAgenciasApi responded 200 in 669.8496 ms
2026-08-29 16:21:04.113 -04:00 [INF] HTTP POST /Reportes/GetLoteriaTriple responded 200 in 343.3070 ms
2026-08-29 16:21:18.492 -04:00 [INF] HTTP POST /Reportes/GetLoteriaTriple responded 200 in 223.5668 ms
2026-08-29 16:30:12.338 -04:00 [INF] HTTP POST /Reportes/GetLoteriaTriple responded 200 in 2572.3335 ms
2026-08-29 16:30:18.313 -04:00 [INF] HTTP POST /Reportes/GetLoteriaTriple responded 200 in 218.8277 ms
2026-08-29 16:30:47.654 -04:00 [INF] HTTP POST /Reportes/GetLoteriaTriple responded 200 in 2379.2071 ms
2026-08-29 16:33:36.162 -04:00 [INF] HTTP GET /Reportes/LoteriaTriple responded 200 in 589.9867 ms
2026-08-29 16:33:38.543 -04:00 [INF] HTTP POST /Reportes/GetListAgenciasApi responded 200 in 1199.4706 ms
2026-08-29 16:33:38.805 -04:00 [INF] HTTP GET /favicon.ico responded 404 in 0.2872 ms
2026-08-29 16:34:07.403 -04:00 [INF] HTTP POST /Reportes/GetLoteriaTriple responded 200 in 252.4353 ms
2026-08-29 16:34:15.972 -04:00 [INF] HTTP POST /Reportes/GetLoteriaTriple responded 200 in 240.1589 ms
2026-08-29 16:34:26.905 -04:00 [INF] HTTP POST /Reportes/GetLoteriaTriple responded 200 in 197.2531 ms
2026-08-29 16:34:33.762 -04:00 [INF] HTTP GET /Reportes/FantasyBsb responded 200 in 108.8420 ms
2026-08-29 16:34:34.713 -04:00 [INF] HTTP POST /Reportes/GetListAgenciasApi responded 200 in 655.3178 ms
2026-08-29 16:34:37.240 -04:00 [INF] HTTP GET /Reportes/LoteriaTriple responded 200 in 2.0505 ms
2026-08-29 16:34:38.131 -04:00 [INF] HTTP POST /Reportes/GetListAgenciasApi responded 200 in 654.6892 ms
2026-08-29 16:34:51.750 -04:00 [INF] HTTP POST /Reportes/GetLoteriaTriple responded 200 in 214.3167 ms
2026-08-29 16:34:58.030 -04:00 [INF] HTTP GET /Reportes/FantasyBsb responded 200 in 1.4055 ms
2026-08-29 16:34:58.938 -04:00 [INF] HTTP POST /Reportes/GetListAgenciasApi responded 200 in 668.1538 ms
2026-08-29 16:36:16.920 -04:00 [WRN] Respuesta no deserializable de GET+QS api/Reportes/FantasyBsb. JSON: [{"agente":"DEMOVICTOR","usuario":"GC87654322","ventas":"6.798.230,49","premios":"0,00","utilidad":"6.798.230,49"}]
System.Text.Json.JsonException: The JSON value could not be converted to ReportePrematch.Web.Services.Clients.ReportesService+ApiWrapper`1[System.Collections.Generic.List`1[ReportePrematch.Web.Models.ApiReportes.FantasyBsbDto]]. Path: $ | LineNumber: 0 | BytePositionInLine: 1.
   at System.Text.Json.ThrowHelper.ThrowJsonException_DeserializeUnableToConvertValue(Type propertyType)
   at System.Text.Json.Serialization.Converters.ObjectWithParameterizedConstructorConverter`1.OnTryRead(Utf8JsonReader& reader, Type typeToConvert, JsonSerializerOptions options, ReadStack& state, T& value)
   at System.Text.Json.Serialization.JsonConverter`1.ReadCore(Utf8JsonReader& reader, T& value, JsonSerializerOptions options, ReadStack& state)
   at System.Text.Json.Serialization.Metadata.JsonTypeInfo`1.Deserialize(Utf8JsonReader& reader, ReadStack& state)
   at System.Text.Json.JsonSerializer.ReadFromSpan[TValue](ReadOnlySpan`1 utf8Json, JsonTypeInfo`1 jsonTypeInfo, Nullable`1 actualByteCount)
   at System.Text.Json.JsonSerializer.ReadFromSpan[TValue](ReadOnlySpan`1 json, JsonTypeInfo`1 jsonTypeInfo)
   at System.Text.Json.JsonSerializer.Deserialize[TValue](String json, JsonSerializerOptions options)
   at ReportePrematch.Web.Services.Clients.ApiClient.GetQueryAsync[T](String endpoint, Dictionary`2 query, CancellationToken ct) in D:\GITHUB\ReportePrematch.Web\ReportePrematch.Web\Services\Clients\ApiClient.cs:line 54
2026-08-29 16:36:16.928 -04:00 [INF] HTTP POST /Reportes/GetFantasyBsb responded 200 in 692.4967 ms
2026-08-29 16:36:28.363 -04:00 [WRN] Respuesta no deserializable de GET+QS api/Reportes/FantasyBsb. JSON: [{"agente":"X_DOLARES","usuario":"AACA2","ventas":"0,06","premios":"0,00","utilidad":"0,06"},{"agente":"X_DOLARES","usuario":"abab1","ventas":"1.670,09","premios":"0,00","utilidad":"1.670,09"},{"agente":"X_DOLARES","usuario":"AbFe3","ventas":"652,14","premios":"0,00","utilidad":"652,14"},{"agente":"
System.Text.Json.JsonException: The JSON value could not be converted to ReportePrematch.Web.Services.Clients.ReportesService+ApiWrapper`1[System.Collections.Generic.List`1[ReportePrematch.Web.Models.ApiReportes.FantasyBsbDto]]. Path: $ | LineNumber: 0 | BytePositionInLine: 1.
   at System.Text.Json.ThrowHelper.ThrowJsonException_DeserializeUnableToConvertValue(Type propertyType)
   at System.Text.Json.Serialization.Converters.ObjectWithParameterizedConstructorConverter`1.OnTryRead(Utf8JsonReader& reader, Type typeToConvert, JsonSerializerOptions options, ReadStack& state, T& value)
   at System.Text.Json.Serialization.JsonConverter`1.ReadCore(Utf8JsonReader& reader, T& value, JsonSerializerOptions options, ReadStack& state)
   at System.Text.Json.Serialization.Metadata.JsonTypeInfo`1.Deserialize(Utf8JsonReader& reader, ReadStack& state)
   at System.Text.Json.JsonSerializer.ReadFromSpan[TValue](ReadOnlySpan`1 utf8Json, JsonTypeInfo`1 jsonTypeInfo, Nullable`1 actualByteCount)
   at System.Text.Json.JsonSerializer.ReadFromSpan[TValue](ReadOnlySpan`1 json, JsonTypeInfo`1 jsonTypeInfo)
   at System.Text.Json.JsonSerializer.Deserialize[TValue](String json, JsonSerializerOptions options)
   at ReportePrematch.Web.Services.Clients.ApiClient.GetQueryAsync[T](String endpoint, Dictionary`2 query, CancellationToken ct) in D:\GITHUB\ReportePrematch.Web\ReportePrematch.Web\Services\Clients\ApiClient.cs:line 54
2026-08-29 16:36:28.370 -04:00 [INF] HTTP POST /Reportes/GetFantasyBsb responded 200 in 304.8367 ms
2026-08-29 16:40:02.097 -04:00 [WRN] Respuesta no deserializable de GET+QS api/Reportes/FantasyBsb. JSON: [{"agente":"X_DOLARES","usuario":"AACA2","ventas":"0,06","premios":"0,00","utilidad":"0,06"},{"agente":"X_DOLARES","usuario":"abab1","ventas":"1.670,09","premios":"0,00","utilidad":"1.670,09"},{"agente":"X_DOLARES","usuario":"AbFe3","ventas":"652,14","premios":"0,00","utilidad":"652,14"},{"agente":"
System.Text.Json.JsonException: The JSON value could not be converted to ReportePrematch.Web.Services.Clients.ReportesService+ApiWrapper`1[System.Collections.Generic.List`1[ReportePrematch.Web.Models.ApiReportes.FantasyBsbDto]]. Path: $ | LineNumber: 0 | BytePositionInLine: 1.
   at System.Text.Json.ThrowHelper.ThrowJsonException_DeserializeUnableToConvertValue(Type propertyType)
   at System.Text.Json.Serialization.Converters.ObjectWithParameterizedConstructorConverter`1.OnTryRead(Utf8JsonReader& reader, Type typeToConvert, JsonSerializerOptions options, ReadStack& state, T& value)
   at System.Text.Json.Serialization.JsonConverter`1.ReadCore(Utf8JsonReader& reader, T& value, JsonSerializerOptions options, ReadStack& state)
   at System.Text.Json.Serialization.Metadata.JsonTypeInfo`1.Deserialize(Utf8JsonReader& reader, ReadStack& state)
   at System.Text.Json.JsonSerializer.ReadFromSpan[TValue](ReadOnlySpan`1 utf8Json, JsonTypeInfo`1 jsonTypeInfo, Nullable`1 actualByteCount)
   at System.Text.Json.JsonSerializer.ReadFromSpan[TValue](ReadOnlySpan`1 json, JsonTypeInfo`1 jsonTypeInfo)
   at System.Text.Json.JsonSerializer.Deserialize[TValue](String json, JsonSerializerOptions options)
   at ReportePrematch.Web.Services.Clients.ApiClient.GetQueryAsync[T](String endpoint, Dictionary`2 query, CancellationToken ct) in D:\GITHUB\ReportePrematch.Web\ReportePrematch.Web\Services\Clients\ApiClient.cs:line 54
2026-08-29 16:40:02.104 -04:00 [INF] HTTP POST /Reportes/GetFantasyBsb responded 200 in 288.0682 ms
2026-08-29 16:40:06.283 -04:00 [WRN] Respuesta no deserializable de GET+QS api/Reportes/FantasyBsb. JSON: [{"agente":"X_DOLARES","usuario":"AACA2","ventas":"0,06","premios":"0,00","utilidad":"0,06"},{"agente":"X_DOLARES","usuario":"abab1","ventas":"1.670,09","premios":"0,00","utilidad":"1.670,09"},{"agente":"X_DOLARES","usuario":"AbFe3","ventas":"652,14","premios":"0,00","utilidad":"652,14"},{"agente":"
System.Text.Json.JsonException: The JSON value could not be converted to ReportePrematch.Web.Services.Clients.ReportesService+ApiWrapper`1[System.Collections.Generic.List`1[ReportePrematch.Web.Models.ApiReportes.FantasyBsbDto]]. Path: $ | LineNumber: 0 | BytePositionInLine: 1.
   at System.Text.Json.ThrowHelper.ThrowJsonException_DeserializeUnableToConvertValue(Type propertyType)
   at System.Text.Json.Serialization.Converters.ObjectWithParameterizedConstructorConverter`1.OnTryRead(Utf8JsonReader& reader, Type typeToConvert, JsonSerializerOptions options, ReadStack& state, T& value)
   at System.Text.Json.Serialization.JsonConverter`1.ReadCore(Utf8JsonReader& reader, T& value, JsonSerializerOptions options, ReadStack& state)
   at System.Text.Json.Serialization.Metadata.JsonTypeInfo`1.Deserialize(Utf8JsonReader& reader, ReadStack& state)
   at System.Text.Json.JsonSerializer.ReadFromSpan[TValue](ReadOnlySpan`1 utf8Json, JsonTypeInfo`1 jsonTypeInfo, Nullable`1 actualByteCount)
   at System.Text.Json.JsonSerializer.ReadFromSpan[TValue](ReadOnlySpan`1 json, JsonTypeInfo`1 jsonTypeInfo)
   at System.Text.Json.JsonSerializer.Deserialize[TValue](String json, JsonSerializerOptions options)
   at ReportePrematch.Web.Services.Clients.ApiClient.GetQueryAsync[T](String endpoint, Dictionary`2 query, CancellationToken ct) in D:\GITHUB\ReportePrematch.Web\ReportePrematch.Web\Services\Clients\ApiClient.cs:line 54
2026-08-29 16:40:06.289 -04:00 [INF] HTTP POST /Reportes/GetFantasyBsb responded 200 in 203.7871 ms
2026-08-29 17:30:33.530 -04:00 [INF] HTTP GET /Reportes/FantasyBsb responded 200 in 227.8070 ms
2026-08-29 17:30:35.590 -04:00 [INF] HTTP POST /Reportes/GetListAgenciasApi responded 200 in 1025.4521 ms
2026-08-29 17:30:36.030 -04:00 [INF] HTTP GET /favicon.ico responded 404 in 0.0839 ms
2026-08-29 17:30:50.386 -04:00 [WRN] Respuesta no deserializable de GET+QS api/Reportes/FantasyBsb. JSON: [{"agente":"DEMOVICTOR","usuario":"GC87654322","ventas":"6.798.230,49","premios":"0,00","utilidad":"6.798.230,49"}]
System.Text.Json.JsonException: The JSON value could not be converted to ReportePrematch.Web.Services.Clients.ReportesService+ApiWrapper`1[System.Collections.Generic.List`1[ReportePrematch.Web.Models.ApiReportes.FantasyBsbDto]]. Path: $ | LineNumber: 0 | BytePositionInLine: 1.
   at System.Text.Json.ThrowHelper.ThrowJsonException_DeserializeUnableToConvertValue(Type propertyType)
   at System.Text.Json.Serialization.Converters.ObjectWithParameterizedConstructorConverter`1.OnTryRead(Utf8JsonReader& reader, Type typeToConvert, JsonSerializerOptions options, ReadStack& state, T& value)
   at System.Text.Json.Serialization.JsonConverter`1.ReadCore(Utf8JsonReader& reader, T& value, JsonSerializerOptions options, ReadStack& state)
   at System.Text.Json.Serialization.Metadata.JsonTypeInfo`1.Deserialize(Utf8JsonReader& reader, ReadStack& state)
   at System.Text.Json.JsonSerializer.ReadFromSpan[TValue](ReadOnlySpan`1 utf8Json, JsonTypeInfo`1 jsonTypeInfo, Nullable`1 actualByteCount)
   at System.Text.Json.JsonSerializer.ReadFromSpan[TValue](ReadOnlySpan`1 json, JsonTypeInfo`1 jsonTypeInfo)
   at System.Text.Json.JsonSerializer.Deserialize[TValue](String json, JsonSerializerOptions options)
   at ReportePrematch.Web.Services.Clients.ApiClient.GetQueryAsync[T](String endpoint, Dictionary`2 query, CancellationToken ct) in D:\GITHUB\ReportePrematch.Web\ReportePrematch.Web\Services\Clients\ApiClient.cs:line 54
2026-08-29 17:30:50.392 -04:00 [INF] HTTP POST /Reportes/GetFantasyBsb responded 200 in 562.9350 ms
2026-08-29 17:31:04.063 -04:00 [WRN] Respuesta no deserializable de GET+QS api/Reportes/FantasyBsb. JSON: [{"agente":"X_DOLARES","usuario":"AACA2","ventas":"0,06","premios":"0,00","utilidad":"0,06"},{"agente":"X_DOLARES","usuario":"abab1","ventas":"1.670,09","premios":"0,00","utilidad":"1.670,09"},{"agente":"X_DOLARES","usuario":"AbFe3","ventas":"652,14","premios":"0,00","utilidad":"652,14"},{"agente":"
System.Text.Json.JsonException: The JSON value could not be converted to ReportePrematch.Web.Services.Clients.ReportesService+ApiWrapper`1[System.Collections.Generic.List`1[ReportePrematch.Web.Models.ApiReportes.FantasyBsbDto]]. Path: $ | LineNumber: 0 | BytePositionInLine: 1.
   at System.Text.Json.ThrowHelper.ThrowJsonException_DeserializeUnableToConvertValue(Type propertyType)
   at System.Text.Json.Serialization.Converters.ObjectWithParameterizedConstructorConverter`1.OnTryRead(Utf8JsonReader& reader, Type typeToConvert, JsonSerializerOptions options, ReadStack& state, T& value)
   at System.Text.Json.Serialization.JsonConverter`1.ReadCore(Utf8JsonReader& reader, T& value, JsonSerializerOptions options, ReadStack& state)
   at System.Text.Json.Serialization.Metadata.JsonTypeInfo`1.Deserialize(Utf8JsonReader& reader, ReadStack& state)
   at System.Text.Json.JsonSerializer.ReadFromSpan[TValue](ReadOnlySpan`1 utf8Json, JsonTypeInfo`1 jsonTypeInfo, Nullable`1 actualByteCount)
   at System.Text.Json.JsonSerializer.ReadFromSpan[TValue](ReadOnlySpan`1 json, JsonTypeInfo`1 jsonTypeInfo)
   at System.Text.Json.JsonSerializer.Deserialize[TValue](String json, JsonSerializerOptions options)
   at ReportePrematch.Web.Services.Clients.ApiClient.GetQueryAsync[T](String endpoint, Dictionary`2 query, CancellationToken ct) in D:\GITHUB\ReportePrematch.Web\ReportePrematch.Web\Services\Clients\ApiClient.cs:line 54
2026-08-29 17:31:04.070 -04:00 [INF] HTTP POST /Reportes/GetFantasyBsb responded 200 in 259.7861 ms
2026-08-29 17:31:52.549 -04:00 [INF] Iniciando ReportePrematch.Web...
2026-08-29 17:31:54.307 -04:00 [INF] HTTP GET / responded 200 in 569.6874 ms
2026-08-29 17:32:04.459 -04:00 [INF] Login exitoso: vlapenta [Usuario suAdmin]
2026-08-29 17:32:04.472 -04:00 [INF] HTTP POST / responded 302 in 880.2082 ms
2026-08-29 17:32:04.759 -04:00 [INF] HTTP GET /Reportes/VentasPorAgente responded 200 in 274.7852 ms
2026-08-29 17:32:05.977 -04:00 [INF] HTTP POST /Reportes/GetListAgenciasApi responded 200 in 709.7328 ms
2026-08-29 17:32:09.290 -04:00 [INF] HTTP GET /Reportes/FantasyBsb responded 200 in 76.6826 ms
2026-08-29 17:32:10.175 -04:00 [INF] HTTP POST /Reportes/GetListAgenciasApi responded 200 in 653.8528 ms
2026-08-29 17:32:21.530 -04:00 [INF] HTTP POST /Reportes/GetFantasyBsb responded 200 in 220.5679 ms
2026-08-29 17:32:30.740 -04:00 [INF] HTTP GET /Reportes/SaldosDisponibles responded 200 in 45.0294 ms
2026-08-29 17:32:31.817 -04:00 [INF] HTTP POST /Reportes/GetListAgenciasApi responded 200 in 877.9667 ms
2026-08-29 17:32:41.075 -04:00 [INF] HTTP POST /Reportes/GetSaldosDisponibles responded 200 in 938.9025 ms
2026-08-29 18:21:39.674 -04:00 [INF] HTTP GET /Reportes/SaldosDisponibles responded 200 in 16312.9083 ms
2026-08-29 18:21:41.882 -04:00 [INF] HTTP POST /Reportes/GetListAgenciasApi responded 200 in 1084.5786 ms
2026-08-29 18:21:42.528 -04:00 [INF] HTTP GET /favicon.ico responded 404 in 1.3037 ms
2026-08-29 18:21:49.992 -04:00 [INF] HTTP POST /Reportes/GetSaldosDisponibles responded 200 in 772.7462 ms
2026-08-29 18:21:57.058 -04:00 [INF] HTTP GET /Home/Dashboard responded 200 in 95.2236 ms
2026-08-29 18:22:01.353 -04:00 [INF] HTTP POST /Reportes/GetVentasMonedaExtendido responded 200 in 3448.9769 ms
2026-08-29 18:22:02.657 -04:00 [INF] HTTP POST /Reportes/GetTablesExtendido responded 200 in 4735.8370 ms
2026-08-29 18:22:02.701 -04:00 [INF] HTTP POST /Reportes/GetChartsExtendido responded 200 in 4783.2740 ms
2026-08-29 18:22:03.152 -04:00 [INF] HTTP POST /Reportes/GetDashboardExtendido responded 200 in 5258.5568 ms
2026-08-29 18:22:14.596 -04:00 [INF] HTTP POST /Reportes/GetChartsExtendido responded 200 in 2116.7475 ms
2026-08-29 18:22:14.605 -04:00 [INF] HTTP POST /Reportes/GetTablesExtendido responded 200 in 2125.7377 ms
2026-08-29 18:22:15.574 -04:00 [INF] HTTP POST /Reportes/GetDashboardExtendido responded 200 in 3097.1905 ms
2026-08-29 18:22:17.580 -04:00 [INF] HTTP POST /Reportes/GetVentasMonedaExtendido responded 200 in 5102.6872 ms
2026-08-29 18:22:34.983 -04:00 [INF] HTTP POST /Reportes/GetChartsExtendido responded 200 in 3152.8636 ms
2026-08-29 18:22:34.987 -04:00 [INF] HTTP POST /Reportes/GetVentasMonedaExtendido responded 200 in 3157.7220 ms
2026-08-29 18:22:35.117 -04:00 [INF] HTTP POST /Reportes/GetTablesExtendido responded 200 in 3287.6130 ms
2026-08-29 18:22:35.460 -04:00 [INF] HTTP POST /Reportes/GetDashboardExtendido responded 200 in 3631.7435 ms
2026-08-29 18:25:07.455 -04:00 [INF] HTTP GET /Home/Dashboard responded 200 in 634.5315 ms
2026-08-29 18:25:09.597 -04:00 [INF] HTTP GET /favicon.ico responded 404 in 0.1564 ms
2026-08-29 18:25:09.957 -04:00 [INF] HTTP POST /Reportes/GetChartsExtendido responded 200 in 1823.1608 ms
2026-08-29 18:25:10.123 -04:00 [INF] HTTP POST /Reportes/GetTablesExtendido responded 200 in 1988.5958 ms
2026-08-29 18:25:10.597 -04:00 [INF] HTTP POST /Reportes/GetVentasMonedaExtendido responded 200 in 2464.4017 ms
2026-08-29 18:25:11.511 -04:00 [INF] HTTP POST /Reportes/GetDashboardExtendido responded 200 in 3380.0938 ms
2026-08-29 18:25:19.285 -04:00 [INF] HTTP POST /Reportes/GetChartsExtendido responded 200 in 2075.8313 ms
2026-08-29 18:25:19.306 -04:00 [INF] HTTP POST /Reportes/GetVentasMonedaExtendido responded 200 in 2097.8936 ms
2026-08-29 18:25:19.446 -04:00 [INF] HTTP POST /Reportes/GetTablesExtendido responded 200 in 2236.5896 ms
2026-08-29 18:25:19.678 -04:00 [INF] HTTP POST /Reportes/GetDashboardExtendido responded 200 in 2471.2829 ms
2026-08-29 18:26:42.590 -04:00 [INF] HTTP GET /Home/Dashboard responded 200 in 526.9123 ms
2026-08-29 18:26:45.427 -04:00 [INF] HTTP GET /favicon.ico responded 404 in 0.1207 ms
2026-08-29 18:26:45.722 -04:00 [INF] HTTP POST /Reportes/GetVentasMonedaExtendido responded 200 in 1751.0971 ms
2026-08-29 18:26:46.287 -04:00 [INF] HTTP POST /Reportes/GetChartsExtendido responded 200 in 2304.0437 ms
2026-08-29 18:26:46.845 -04:00 [INF] HTTP POST /Reportes/GetDashboardExtendido responded 200 in 2877.1296 ms
2026-08-29 18:26:46.876 -04:00 [INF] HTTP POST /Reportes/GetTablesExtendido responded 200 in 2889.7330 ms
2026-08-29 18:27:02.092 -04:00 [INF] HTTP POST /Reportes/GetTablesExtendido responded 200 in 2486.7784 ms
2026-08-29 18:27:02.104 -04:00 [INF] HTTP POST /Reportes/GetChartsExtendido responded 200 in 2499.0473 ms
2026-08-29 18:27:02.370 -04:00 [INF] HTTP POST /Reportes/GetDashboardExtendido responded 200 in 2768.0682 ms
2026-08-29 18:27:03.717 -04:00 [INF] HTTP POST /Reportes/GetVentasMonedaExtendido responded 200 in 4114.7784 ms
2026-08-29 18:28:35.981 -04:00 [INF] HTTP GET /Home/Dashboard responded 200 in 213.1318 ms
2026-08-29 18:28:37.987 -04:00 [INF] HTTP GET /favicon.ico responded 404 in 0.2499 ms
2026-08-29 18:28:39.489 -04:00 [INF] HTTP POST /Reportes/GetChartsExtendido responded 200 in 2947.4086 ms
2026-08-29 18:28:39.489 -04:00 [INF] HTTP POST /Reportes/GetTablesExtendido responded 200 in 2946.3821 ms
2026-08-29 18:28:39.666 -04:00 [INF] HTTP POST /Reportes/GetDashboardExtendido responded 200 in 3134.9031 ms
2026-08-29 18:28:40.923 -04:00 [INF] HTTP POST /Reportes/GetVentasMonedaExtendido responded 200 in 4381.7715 ms
2026-08-29 18:28:54.063 -04:00 [INF] HTTP POST /Reportes/GetChartsExtendido responded 200 in 2677.2750 ms
2026-08-29 18:28:54.200 -04:00 [INF] HTTP POST /Reportes/GetTablesExtendido responded 200 in 2813.8949 ms
2026-08-29 18:28:54.307 -04:00 [INF] HTTP POST /Reportes/GetVentasMonedaExtendido responded 200 in 2921.9740 ms
2026-08-29 18:28:55.055 -04:00 [INF] HTTP POST /Reportes/GetDashboardExtendido responded 200 in 3671.3245 ms
