2026-09-11 11:00:42.874 -04:00 [INF] Iniciando ReportePrematch.Web...
2026-09-11 11:00:44.182 -04:00 [INF] HTTP GET / responded 200 in 227.1406 ms
2026-09-11 11:00:44.769 -04:00 [INF] HTTP GET /favicon.ico responded 404 in 4.2659 ms
2026-09-11 11:00:52.877 -04:00 [INF] Login exitoso: vlapenta [Usuario suAdmin]
2026-09-11 11:00:52.886 -04:00 [INF] HTTP POST / responded 302 in 935.9485 ms
2026-09-11 11:00:53.004 -04:00 [INF] HTTP GET /Reportes/VentasPorAgente responded 200 in 111.2725 ms
2026-09-11 11:00:57.127 -04:00 [INF] HTTP POST /Reportes/GetListAgenciasApi responded 200 in 3683.7591 ms
2026-09-11 11:01:05.496 -04:00 [INF] HTTP POST /Reportes/GetVentasPorAgenteWeb responded 200 in 1399.1094 ms
2026-09-11 11:03:22.362 -04:00 [INF] Iniciando ReportePrematch.Web...
2026-09-11 11:03:23.342 -04:00 [INF] HTTP GET / responded 200 in 210.7981 ms
2026-09-11 11:03:59.744 -04:00 [INF] Login exitoso: vlapenta [Usuario suAdmin]
2026-09-11 11:03:59.752 -04:00 [INF] HTTP POST / responded 302 in 667.2557 ms
2026-09-11 11:03:59.899 -04:00 [INF] HTTP GET /Reportes/VentasPorAgente responded 200 in 138.5574 ms
2026-09-11 11:04:01.556 -04:00 [INF] HTTP POST /Reportes/GetListAgenciasApi responded 200 in 1459.0436 ms
2026-09-11 11:09:04.265 -04:00 [INF] Iniciando ReportePrematch.Web...
2026-09-11 11:09:05.274 -04:00 [INF] HTTP GET / responded 200 in 239.0981 ms
2026-09-11 11:09:14.094 -04:00 [INF] Login exitoso: vlapenta [Usuario suAdmin]
2026-09-11 11:09:14.104 -04:00 [INF] HTTP POST / responded 302 in 814.0669 ms
2026-09-11 11:09:14.208 -04:00 [INF] HTTP GET /Reportes/VentasPorAgente responded 200 in 95.4716 ms
2026-09-11 11:09:15.229 -04:00 [INF] HTTP POST /Reportes/GetListAgenciasApi responded 200 in 799.0784 ms
2026-09-11 11:09:19.007 -04:00 [INF] HTTP GET /Reportes/TicketsEnJuego responded 200 in 21.6617 ms
2026-09-11 11:09:19.705 -04:00 [INF] HTTP POST /Reportes/GetListAgenciasApi responded 200 in 579.0878 ms
2026-09-11 11:09:35.871 -04:00 [INF] HTTP GET /Reportes/BusquedaTickets responded 200 in 17.8914 ms
2026-09-11 11:09:36.645 -04:00 [INF] HTTP POST /Reportes/GetListAgenciasApi responded 200 in 658.7821 ms
2026-09-11 11:09:43.394 -04:00 [INF] HTTP GET /Reportes/VentasPorAgente responded 200 in 1.7678 ms
2026-09-11 11:09:44.277 -04:00 [INF] HTTP POST /Reportes/GetListAgenciasApi responded 200 in 693.6447 ms
2026-09-11 11:09:48.210 -04:00 [INF] HTTP GET /Reportes/VentasPorAgenteNikols responded 200 in 14.5107 ms
2026-09-11 11:09:48.819 -04:00 [INF] HTTP POST /Reportes/GetListAgenciasApi responded 200 in 502.0066 ms
2026-09-11 11:09:55.565 -04:00 [INF] HTTP GET /Reportes/TicketsDetallados responded 200 in 13.8222 ms
2026-09-11 11:09:56.288 -04:00 [INF] HTTP POST /Reportes/GetListAgenciasApi responded 200 in 535.9254 ms
2026-09-11 11:10:02.444 -04:00 [INF] HTTP GET /Reportes/Estadisticas responded 200 in 15.5527 ms
2026-09-11 11:10:03.183 -04:00 [INF] HTTP POST /Reportes/GetListAgenciasApi responded 200 in 604.0777 ms
2026-09-11 11:10:09.818 -04:00 [INF] HTTP GET /Reportes/DeportesMasVendidos responded 200 in 20.0625 ms
2026-09-11 11:10:10.370 -04:00 [INF] HTTP POST /Reportes/GetListAgenciasApi responded 200 in 460.3729 ms
2026-09-11 11:10:16.210 -04:00 [INF] HTTP GET /Reportes/VentasPorAgenteGameID responded 200 in 15.3425 ms
2026-09-11 11:10:16.986 -04:00 [INF] HTTP POST /Reportes/GetListAgenciasApi responded 200 in 667.5514 ms
2026-09-11 11:10:23.749 -04:00 [INF] HTTP GET /Reportes/VentasPorPais responded 200 in 11.1488 ms
2026-09-11 11:10:32.955 -04:00 [INF] HTTP GET /Reportes/VentasDetalladasLive responded 200 in 14.5207 ms
2026-09-11 11:10:33.838 -04:00 [INF] HTTP POST /Reportes/GetListAgenciasApi responded 200 in 654.8652 ms
2026-09-11 11:10:41.027 -04:00 [INF] HTTP GET /Reportes/Props responded 200 in 13.2165 ms
2026-09-11 11:10:41.671 -04:00 [INF] HTTP POST /Reportes/GetListAgenciasApi responded 200 in 541.0459 ms
2026-09-11 11:10:49.596 -04:00 [INF] HTTP GET /Reportes/IconSlot responded 200 in 15.3590 ms
2026-09-11 11:10:50.350 -04:00 [INF] HTTP POST /Reportes/GetListAgenciasApi responded 200 in 595.2273 ms
2026-09-11 11:10:56.398 -04:00 [INF] HTTP GET /Reportes/Pragmatic responded 200 in 13.8871 ms
2026-09-11 11:10:57.020 -04:00 [INF] HTTP POST /Reportes/GetListAgenciasApi responded 200 in 500.9421 ms
2026-09-11 11:11:02.789 -04:00 [INF] HTTP GET /Reportes/VirtualesBR responded 200 in 14.3613 ms
2026-09-11 11:11:03.523 -04:00 [INF] HTTP POST /Reportes/GetListAgenciasApi responded 200 in 539.7106 ms
2026-09-11 11:11:09.464 -04:00 [INF] HTTP GET /Reportes/Aviatrix responded 200 in 12.8493 ms
2026-09-11 11:11:10.100 -04:00 [INF] HTTP POST /Reportes/GetListAgenciasApi responded 200 in 529.5192 ms
2026-09-11 11:11:16.517 -04:00 [INF] HTTP GET /Reportes/Casino7777 responded 200 in 14.2361 ms
2026-09-11 11:11:17.304 -04:00 [INF] HTTP POST /Reportes/GetCasino7777Agentes responded 200 in 583.3791 ms
2026-09-11 11:11:22.591 -04:00 [INF] HTTP GET /Reportes/InOutGaming responded 200 in 14.2528 ms
2026-09-11 11:11:23.391 -04:00 [INF] HTTP POST /Reportes/GetInOutGamingAgentes responded 200 in 685.1656 ms
2026-09-11 11:11:36.914 -04:00 [INF] HTTP GET /Reportes/Odyseus responded 200 in 13.4715 ms
2026-09-11 11:11:37.602 -04:00 [INF] HTTP POST /Reportes/GetListAgenciasApi responded 200 in 487.4526 ms
2026-09-11 11:11:43.909 -04:00 [INF] HTTP GET /Reportes/VIG responded 200 in 14.3128 ms
2026-09-11 11:11:44.544 -04:00 [INF] HTTP POST /Reportes/GetListAgenciasApi responded 200 in 526.4796 ms
2026-09-11 11:11:56.763 -04:00 [INF] HTTP GET /Reportes/KingMidas responded 200 in 13.9669 ms
2026-09-11 11:11:57.492 -04:00 [INF] HTTP POST /Reportes/GetListAgenciasApi responded 200 in 513.4782 ms
2026-09-11 11:12:04.154 -04:00 [INF] HTTP GET /Reportes/Hipismo responded 200 in 12.4440 ms
2026-09-11 11:12:04.799 -04:00 [INF] HTTP POST /Reportes/GetListAgenciasApi responded 200 in 532.1976 ms
2026-09-11 11:12:20.080 -04:00 [INF] HTTP GET /Reportes/Loteria responded 200 in 15.5337 ms
2026-09-11 11:12:20.763 -04:00 [INF] HTTP POST /Reportes/GetListAgenciasApi responded 200 in 515.7792 ms
2026-09-11 11:12:27.064 -04:00 [INF] HTTP GET /Reportes/LoteriaTriple responded 200 in 14.3346 ms
2026-09-11 11:12:27.748 -04:00 [INF] HTTP POST /Reportes/GetListAgenciasApi responded 200 in 492.9792 ms
2026-09-11 11:12:35.214 -04:00 [INF] HTTP GET /Reportes/FantasyBsb responded 200 in 13.0531 ms
2026-09-11 11:12:35.998 -04:00 [INF] HTTP POST /Reportes/GetListAgenciasApi responded 200 in 688.3332 ms
2026-09-11 11:12:43.539 -04:00 [INF] HTTP GET /Reportes/SaldosDisponibles responded 200 in 12.9220 ms
2026-09-11 11:12:44.418 -04:00 [INF] HTTP POST /Reportes/GetListAgenciasApi responded 200 in 664.1710 ms
2026-09-11 11:13:39.291 -04:00 [INF] HTTP GET /Reportes/Endorphine responded 200 in 17.1770 ms
2026-09-11 11:13:40.161 -04:00 [INF] HTTP POST /Reportes/GetEndorphineAgentes responded 200 in 620.5861 ms
2026-09-11 11:54:00.108 -04:00 [INF] Iniciando ReportePrematch.Web...
2026-09-11 11:54:01.963 -04:00 [INF] HTTP GET / responded 200 in 259.0855 ms
2026-09-11 11:57:32.566 -04:00 [INF] Login exitoso: vlapenta [Usuario suAdmin]
2026-09-11 11:57:32.575 -04:00 [INF] HTTP POST / responded 302 in 887.8446 ms
2026-09-11 11:57:32.696 -04:00 [INF] HTTP GET /Reportes/VentasPorAgente responded 200 in 113.3309 ms
2026-09-11 11:57:35.561 -04:00 [INF] HTTP POST /Reportes/GetListAgenciasApi responded 200 in 2631.7189 ms
2026-09-11 11:57:40.164 -04:00 [INF] HTTP GET /Reportes/VentasPorAgenteNikols responded 200 in 31.3133 ms
2026-09-11 11:57:41.076 -04:00 [INF] HTTP POST /Reportes/GetListAgenciasApi responded 200 in 719.9876 ms
2026-09-11 11:57:49.212 -04:00 [INF] HTTP POST /Reportes/GetVentasPorAgenteNikolsWeb responded 200 in 2856.5196 ms
2026-09-11 11:57:59.570 -04:00 [INF] HTTP GET /Reportes/VentasPorAgente responded 200 in 4.0778 ms
2026-09-11 11:58:00.309 -04:00 [INF] HTTP POST /Reportes/GetListAgenciasApi responded 200 in 547.3380 ms
2026-09-11 11:58:07.973 -04:00 [INF] HTTP POST /Reportes/GetVentasPorAgenteWeb responded 200 in 666.9283 ms
2026-09-11 12:06:59.955 -04:00 [INF] Iniciando ReportePrematch.Web...
2026-09-11 12:07:01.120 -04:00 [INF] HTTP GET / responded 200 in 214.5780 ms
2026-09-11 12:07:10.983 -04:00 [INF] Login exitoso: vlapenta [Usuario suAdmin]
2026-09-11 12:07:10.991 -04:00 [INF] HTTP POST / responded 302 in 757.0398 ms
2026-09-11 12:07:11.099 -04:00 [INF] HTTP GET /Reportes/VentasPorAgente responded 200 in 100.1088 ms
2026-09-11 12:07:12.068 -04:00 [INF] HTTP POST /Reportes/GetListAgenciasApi responded 200 in 739.6591 ms
2026-09-11 12:07:19.096 -04:00 [INF] HTTP GET /Reportes/Odyseus responded 200 in 18.0319 ms
2026-09-11 12:07:19.808 -04:00 [INF] HTTP POST /Reportes/GetListAgenciasApi responded 200 in 502.5548 ms
2026-09-11 12:07:26.255 -04:00 [INF] HTTP POST /Reportes/GetOdyseus responded 200 in 638.1711 ms
2026-09-11 12:07:34.668 -04:00 [INF] HTTP POST /Reportes/GetOdyseus responded 200 in 2344.1009 ms
2026-09-11 12:07:48.216 -04:00 [INF] HTTP GET /Reportes/VentasPorAgenteNikols responded 200 in 14.7185 ms
2026-09-11 12:07:49.033 -04:00 [INF] HTTP POST /Reportes/GetListAgenciasApi responded 200 in 641.9491 ms
2026-09-11 12:07:59.132 -04:00 [INF] HTTP POST /Reportes/GetVentasPorAgenteNikolsWeb responded 200 in 2076.4710 ms
2026-09-11 12:10:03.435 -04:00 [INF] Iniciando ReportePrematch.Web...
2026-09-11 12:10:04.351 -04:00 [INF] HTTP GET / responded 200 in 212.1825 ms
2026-09-11 12:10:16.742 -04:00 [INF] Login exitoso: vlapenta [Usuario suAdmin]
2026-09-11 12:10:16.750 -04:00 [INF] HTTP POST / responded 302 in 827.3224 ms
2026-09-11 12:10:16.859 -04:00 [INF] HTTP GET /Reportes/VentasPorAgente responded 200 in 102.2208 ms
2026-09-11 12:10:17.825 -04:00 [INF] HTTP POST /Reportes/GetListAgenciasApi responded 200 in 727.1808 ms
2026-09-11 12:10:43.224 -04:00 [INF] HTTP GET /Reportes/TicketsEnJuego responded 200 in 23.4640 ms
2026-09-11 12:10:44.068 -04:00 [INF] HTTP POST /Reportes/GetListAgenciasApi responded 200 in 633.9245 ms
2026-09-11 12:10:47.251 -04:00 [INF] HTTP POST /Reportes/GetTicketsEnJuegoPorCobrarTaq responded 200 in 526.5388 ms
2026-09-11 12:10:56.852 -04:00 [INF] HTTP POST /Reportes/GetTicketsEnJuegoPorCobrarWeb responded 200 in 468.0944 ms
2026-09-11 12:11:36.564 -04:00 [INF] HTTP GET /Reportes/Endorphine responded 200 in 23.5258 ms
2026-09-11 12:11:37.315 -04:00 [INF] HTTP POST /Reportes/GetEndorphineAgentes responded 200 in 550.4310 ms
2026-09-11 12:11:41.949 -04:00 [INF] HTTP POST /Reportes/GetEndorphineResumenGeneral responded 200 in 1639.8590 ms
2026-09-11 12:11:41.949 -04:00 [INF] HTTP POST /Reportes/GetEndorphine responded 200 in 1639.8587 ms
2026-09-11 12:12:02.718 -04:00 [INF] HTTP GET /Reportes/TicketsEnJuego responded 200 in 2.3928 ms
2026-09-11 12:12:03.595 -04:00 [INF] HTTP POST /Reportes/GetListAgenciasApi responded 200 in 675.2967 ms
2026-09-11 12:12:05.106 -04:00 [INF] HTTP POST /Reportes/GetTicketsEnJuegoPorCobrarTaq responded 200 in 457.5426 ms
2026-09-11 12:12:39.751 -04:00 [INF] HTTP POST /Reportes/GetTicketsEnJuegoPorCobrarWeb responded 200 in 628.8719 ms
2026-09-11 12:14:30.952 -04:00 [INF] HTTP GET /Reportes/TicketsEnJuego responded 200 in 7134.3868 ms
2026-09-11 12:14:31.533 -04:00 [INF] HTTP POST /Reportes/GetListAgenciasApi responded 200 in 474.0786 ms
2026-09-11 12:14:35.840 -04:00 [INF] HTTP POST /Reportes/GetTicketsEnJuegoPorCobrarTaq responded 200 in 469.0237 ms
2026-09-11 12:15:01.151 -04:00 [INF] Iniciando ReportePrematch.Web...
2026-09-11 12:15:02.319 -04:00 [INF] HTTP GET / responded 200 in 210.7087 ms
2026-09-11 12:15:33.501 -04:00 [INF] Login exitoso: vlapenta [Usuario suAdmin]
2026-09-11 12:15:33.510 -04:00 [INF] HTTP POST / responded 302 in 900.9317 ms
2026-09-11 12:15:33.618 -04:00 [INF] HTTP GET /Reportes/VentasPorAgente responded 200 in 100.3709 ms
2026-09-11 12:15:34.416 -04:00 [INF] HTTP POST /Reportes/GetListAgenciasApi responded 200 in 523.2629 ms
2026-09-11 12:15:38.330 -04:00 [INF] HTTP GET /Reportes/TicketsEnJuego responded 200 in 18.8876 ms
2026-09-11 12:15:39.013 -04:00 [INF] HTTP POST /Reportes/GetListAgenciasApi responded 200 in 513.1268 ms
2026-09-11 12:15:40.741 -04:00 [INF] HTTP POST /Reportes/GetTicketsEnJuegoPorCobrarTaq responded 200 in 486.2260 ms
2026-09-11 12:15:46.387 -04:00 [INF] HTTP POST /Reportes/GetTicketsEnJuegoPorCobrarWeb responded 200 in 324.5811 ms
2026-09-11 12:15:49.602 -04:00 [INF] HTTP POST /Reportes/GetTicketsEnJuegoPorPagarWeb responded 200 in 287.7629 ms
2026-09-11 12:16:03.686 -04:00 [INF] Iniciando ReportePrematch.Web...
2026-09-11 12:16:04.577 -04:00 [INF] HTTP GET / responded 200 in 224.9244 ms
2026-09-11 12:16:13.382 -04:00 [INF] Login exitoso: vlapenta [Usuario suAdmin]
2026-09-11 12:16:13.391 -04:00 [INF] HTTP POST / responded 302 in 763.2550 ms
2026-09-11 12:16:13.511 -04:00 [INF] HTTP GET /Reportes/VentasPorAgente responded 200 in 112.1317 ms
2026-09-11 12:16:14.462 -04:00 [INF] HTTP POST /Reportes/GetListAgenciasApi responded 200 in 719.9991 ms
2026-09-11 12:16:16.765 -04:00 [INF] HTTP GET /Reportes/TicketsEnJuego responded 200 in 20.7520 ms
2026-09-11 12:16:17.571 -04:00 [INF] HTTP POST /Reportes/GetListAgenciasApi responded 200 in 617.5046 ms
2026-09-11 12:16:19.289 -04:00 [INF] HTTP POST /Reportes/GetTicketsEnJuegoPorCobrarTaq responded 200 in 558.3633 ms
2026-09-11 12:16:55.166 -04:00 [INF] HTTP GET /Reportes/BusquedaTickets responded 200 in 22.6996 ms
2026-09-11 12:16:56.116 -04:00 [INF] HTTP POST /Reportes/GetListAgenciasApi responded 200 in 711.8740 ms
2026-09-11 12:18:06.620 -04:00 [INF] HTTP POST /Reportes/GetBusquedaTicketsWebApi responded 200 in 26827.0481 ms
2026-09-11 12:19:16.963 -04:00 [INF] HTTP GET /Reportes/BusquedaTickets responded 200 in 2152.0938 ms
2026-09-11 12:19:17.777 -04:00 [INF] HTTP POST /Reportes/GetListAgenciasApi responded 200 in 603.5743 ms
2026-09-11 12:19:43.539 -04:00 [INF] HTTP POST /Reportes/GetBusquedaTicketsWebApi responded 200 in 19735.0070 ms
2026-09-11 12:20:26.237 -04:00 [INF] HTTP GET /Reportes/VentasPorAgente responded 200 in 1.9628 ms
2026-09-11 12:20:27.009 -04:00 [INF] HTTP POST /Reportes/GetListAgenciasApi responded 200 in 600.2134 ms
2026-09-11 12:20:32.556 -04:00 [INF] HTTP POST /Reportes/GetVentasPorAgenteWeb responded 200 in 529.7817 ms
2026-09-11 12:20:57.130 -04:00 [INF] HTTP GET /Reportes/VentasPorAgenteNikols responded 200 in 18.4881 ms
2026-09-11 12:20:57.791 -04:00 [INF] HTTP POST /Reportes/GetListAgenciasApi responded 200 in 489.8980 ms
2026-09-11 12:21:05.249 -04:00 [INF] HTTP POST /Reportes/GetVentasPorAgenteNikolsWeb responded 200 in 2307.8591 ms
2026-09-11 12:27:10.131 -04:00 [INF] HTTP GET /Reportes/VentasPorAgenteNikols responded 200 in 351.2830 ms
2026-09-11 12:27:11.714 -04:00 [INF] HTTP GET /favicon.ico responded 404 in 8.6308 ms
2026-09-11 12:27:14.378 -04:00 [INF] HTTP POST /Reportes/GetListAgenciasApi responded 200 in 3718.4033 ms
2026-09-11 12:27:23.403 -04:00 [INF] HTTP POST /Reportes/GetVentasPorAgenteNikolsWeb responded 200 in 2408.7928 ms
2026-09-11 12:27:45.543 -04:00 [INF] HTTP GET /Reportes/VentasPorAgente responded 200 in 1.8379 ms
2026-09-11 12:27:46.409 -04:00 [INF] HTTP POST /Reportes/GetListAgenciasApi responded 200 in 648.6598 ms
2026-09-11 12:27:52.233 -04:00 [INF] HTTP POST /Reportes/GetVentasPorAgenteWeb responded 200 in 557.7795 ms
2026-09-11 12:28:10.403 -04:00 [INF] HTTP GET /Reportes/TicketsDetallados responded 200 in 23.3778 ms
2026-09-11 12:28:11.063 -04:00 [INF] HTTP POST /Reportes/GetListAgenciasApi responded 200 in 546.2243 ms
2026-09-11 12:28:22.566 -04:00 [INF] HTTP POST /Reportes/GetTicketsDetalladosWeb responded 200 in 5058.7840 ms
2026-09-11 12:32:46.635 -04:00 [INF] HTTP GET /Reportes/TicketsDetallados responded 200 in 445.6112 ms
2026-09-11 12:32:47.712 -04:00 [INF] HTTP GET /favicon.ico responded 404 in 0.2114 ms
2026-09-11 12:32:47.777 -04:00 [INF] HTTP POST /Reportes/GetListAgenciasApi responded 200 in 697.5007 ms
2026-09-11 12:33:16.171 -04:00 [INF] HTTP POST /Reportes/GetTicketsDetalladosTaq responded 200 in 493.9881 ms
2026-09-11 12:33:19.021 -04:00 [INF] HTTP POST /Reportes/GetTicketsDetalladosWeb responded 200 in 592.8451 ms
2026-09-11 12:33:40.035 -04:00 [INF] HTTP GET /Reportes/Estadisticas responded 200 in 15.3486 ms
2026-09-11 12:33:40.744 -04:00 [INF] HTTP POST /Reportes/GetListAgenciasApi responded 200 in 484.0446 ms
2026-09-11 12:33:47.466 -04:00 [INF] HTTP POST /Reportes/GetEstadisticasTaq responded 200 in 218.9097 ms
2026-09-11 12:35:15.618 -04:00 [INF] HTTP GET /Reportes/Estadisticas responded 200 in 123.7687 ms
2026-09-11 12:35:16.639 -04:00 [INF] HTTP GET /favicon.ico responded 404 in 0.1172 ms
2026-09-11 12:35:16.717 -04:00 [INF] HTTP POST /Reportes/GetListAgenciasApi responded 200 in 730.9857 ms
2026-09-11 12:35:24.546 -04:00 [INF] HTTP POST /Reportes/GetEstadisticasTaq responded 200 in 315.9228 ms
2026-09-11 12:36:01.095 -04:00 [INF] HTTP POST /Reportes/GetEstadisticasWeb responded 200 in 1152.9272 ms
2026-09-11 12:36:07.556 -04:00 [INF] HTTP POST /Reportes/GetEstadisticasWeb responded 200 in 361.1847 ms
2026-09-11 12:38:51.391 -04:00 [INF] HTTP GET /Reportes/DeportesMasVendidos responded 200 in 33.3116 ms
2026-09-11 12:38:52.316 -04:00 [INF] HTTP POST /Reportes/GetListAgenciasApi responded 200 in 630.4584 ms
2026-09-11 12:39:05.642 -04:00 [INF] HTTP POST /Reportes/GetDeportesMasVendidosPorAgente responded 200 in 386.3239 ms
2026-09-11 12:39:05.691 -04:00 [INF] HTTP POST /Reportes/GetDeportesMasVendidosPorDeporte responded 200 in 435.6274 ms
2026-09-11 12:46:33.466 -04:00 [INF] HTTP GET /Reportes/VentasPorPais responded 200 in 22.5841 ms
2026-09-11 12:46:39.829 -04:00 [INF] HTTP POST /Reportes/GetVentasPorPaisWeb responded 200 in 1717.5489 ms
2026-09-11 16:00:11.606 -04:00 [INF] HTTP GET /Reportes/DeportesMasVendidos responded 302 in 2.4748 ms
2026-09-11 16:00:11.620 -04:00 [INF] HTTP GET / responded 200 in 5.9209 ms
2026-09-11 16:00:43.114 -04:00 [INF] Login exitoso: vlapenta [Usuario suAdmin]
2026-09-11 16:00:43.120 -04:00 [INF] HTTP POST / responded 302 in 685.1581 ms
2026-09-11 16:00:43.133 -04:00 [INF] HTTP GET /Reportes/VentasPorAgente responded 200 in 2.6282 ms
2026-09-11 16:00:45.949 -04:00 [INF] HTTP POST /Reportes/GetListAgenciasApi responded 200 in 2560.4701 ms
2026-09-11 16:00:52.138 -04:00 [INF] HTTP GET /Reportes/DeportesMasVendidos responded 200 in 190.2283 ms
2026-09-11 16:00:52.993 -04:00 [INF] HTTP POST /Reportes/GetListAgenciasApi responded 200 in 648.8553 ms
2026-09-11 16:01:00.193 -04:00 [INF] HTTP POST /Reportes/GetDeportesMasVendidosPorAgente responded 200 in 495.3810 ms
2026-09-11 16:01:00.313 -04:00 [INF] HTTP POST /Reportes/GetDeportesMasVendidosPorDeporte responded 200 in 614.9669 ms
2026-09-11 16:01:23.350 -04:00 [INF] HTTP GET /Reportes/VentasPorAgenteGameID responded 200 in 61.3668 ms
2026-09-11 16:01:24.234 -04:00 [INF] HTTP POST /Reportes/GetListAgenciasApi responded 200 in 703.5403 ms
2026-09-11 16:01:54.630 -04:00 [INF] HTTP POST /Reportes/GetVentasPorAgenteGameID responded 200 in 2147.8997 ms
2026-09-11 16:03:16.797 -04:00 [INF] HTTP GET /Reportes/VentasPorAgenteGameID responded 200 in 163.4784 ms
2026-09-11 16:03:17.982 -04:00 [INF] HTTP POST /Reportes/GetListAgenciasApi responded 200 in 661.0993 ms
2026-09-11 16:03:18.080 -04:00 [INF] HTTP GET /favicon.ico responded 404 in 0.1126 ms
2026-09-11 16:04:26.744 -04:00 [INF] HTTP POST /Reportes/GetVentasPorAgenteGameID responded 200 in 2347.3116 ms
2026-09-11 16:04:42.317 -04:00 [INF] HTTP GET /.well-known/appspecific/com.chrome.devtools.json responded 404 in 0.3191 ms
2026-09-11 16:05:51.081 -04:00 [INF] HTTP GET /Reportes/VentasPorAgenteGameID responded 200 in 95.2939 ms
2026-09-11 16:05:51.173 -04:00 [INF] HTTP GET /.well-known/appspecific/com.chrome.devtools.json responded 404 in 0.1584 ms
2026-09-11 16:05:52.424 -04:00 [INF] HTTP POST /Reportes/GetListAgenciasApi responded 200 in 675.8961 ms
2026-09-11 16:05:52.625 -04:00 [INF] HTTP GET /favicon.ico responded 404 in 0.1436 ms
2026-09-11 16:07:48.656 -04:00 [INF] HTTP POST /Reportes/GetVentasPorAgenteGameID responded 200 in 2308.2322 ms
2026-09-11 16:08:08.640 -04:00 [INF] HTTP GET /Reportes/VentasPorPais responded 200 in 1.6478 ms
2026-09-11 16:08:08.721 -04:00 [INF] HTTP GET /.well-known/appspecific/com.chrome.devtools.json responded 404 in 0.1007 ms
2026-09-11 16:08:19.366 -04:00 [INF] HTTP POST /Reportes/GetVentasPorPaisTaq responded 200 in 1050.9444 ms
2026-09-11 16:56:38.309 -04:00 [INF] HTTP GET /Reportes/VentasPorPais responded 200 in 128.3638 ms
2026-09-11 16:56:38.363 -04:00 [INF] HTTP GET /.well-known/appspecific/com.chrome.devtools.json responded 404 in 0.1606 ms
2026-09-11 16:56:39.587 -04:00 [INF] HTTP GET /favicon.ico responded 404 in 0.1296 ms
2026-09-11 16:56:47.381 -04:00 [INF] HTTP POST /Reportes/GetVentasPorPaisTaq responded 200 in 3659.0921 ms
2026-09-11 16:57:21.425 -04:00 [INF] HTTP GET /Reportes/VentasDetalladasLive responded 200 in 39.3204 ms
2026-09-11 16:57:22.489 -04:00 [INF] HTTP POST /Reportes/GetListAgenciasApi responded 200 in 815.9769 ms
2026-09-11 16:57:28.816 -04:00 [INF] HTTP POST /Reportes/GetVentasDetalladasLive responded 200 in 933.1592 ms
2026-09-11 17:09:05.696 -04:00 [INF] HTTP GET /Reportes/VentasDetalladasLive responded 200 in 153.7081 ms
2026-09-11 17:09:06.945 -04:00 [INF] HTTP POST /Reportes/GetListAgenciasApi responded 200 in 719.2125 ms
2026-09-11 17:09:07.017 -04:00 [INF] HTTP GET /favicon.ico responded 404 in 0.1163 ms
2026-09-11 17:09:13.238 -04:00 [INF] HTTP POST /Reportes/GetVentasDetalladasLive responded 200 in 690.4892 ms
2026-09-11 17:09:51.889 -04:00 [INF] HTTP GET /Reportes/Props responded 200 in 52.3798 ms
2026-09-11 17:09:52.766 -04:00 [INF] HTTP POST /Reportes/GetListAgenciasApi responded 200 in 673.8226 ms
2026-09-11 17:09:56.974 -04:00 [INF] HTTP POST /Reportes/GetProps responded 200 in 279.6313 ms
2026-09-11 17:12:56.353 -04:00 [INF] HTTP GET /Reportes/Props responded 200 in 88.3038 ms
2026-09-11 17:12:57.429 -04:00 [INF] HTTP POST /Reportes/GetListAgenciasApi responded 200 in 658.4822 ms
2026-09-11 17:12:57.557 -04:00 [INF] HTTP GET /favicon.ico responded 404 in 0.0855 ms
2026-09-11 17:13:02.646 -04:00 [INF] HTTP POST /Reportes/GetProps responded 200 in 393.2476 ms
2026-09-11 17:13:33.702 -04:00 [INF] HTTP GET /Reportes/IconSlot responded 200 in 38.5214 ms
2026-09-11 17:13:34.381 -04:00 [INF] HTTP POST /Reportes/GetListAgenciasApi responded 200 in 478.8805 ms
2026-09-11 17:13:45.761 -04:00 [INF] HTTP POST /Reportes/GetIconSlot responded 200 in 5719.4771 ms
2026-09-11 17:19:49.722 -04:00 [INF] HTTP GET /Reportes/IconSlot responded 200 in 92.8494 ms
2026-09-11 17:19:50.969 -04:00 [INF] HTTP POST /Reportes/GetListAgenciasApi responded 200 in 720.1453 ms
2026-09-11 17:19:51.031 -04:00 [INF] HTTP GET /favicon.ico responded 404 in 0.0866 ms
2026-09-11 17:20:06.102 -04:00 [INF] HTTP POST /Reportes/GetIconSlot responded 200 in 8817.0305 ms
2026-09-11 17:20:41.281 -04:00 [INF] HTTP GET /Reportes/Pragmatic responded 200 in 41.4070 ms
2026-09-11 17:20:42.050 -04:00 [INF] HTTP POST /Reportes/GetListAgenciasApi responded 200 in 562.3845 ms
2026-09-11 17:20:46.534 -04:00 [INF] HTTP POST /Reportes/GetPragmatic responded 200 in 230.4497 ms
2026-09-11 17:23:07.416 -04:00 [INF] HTTP GET /Reportes/Pragmatic responded 200 in 128.9352 ms
2026-09-11 17:23:08.379 -04:00 [INF] HTTP POST /Reportes/GetListAgenciasApi responded 200 in 652.4875 ms
2026-09-11 17:23:08.762 -04:00 [INF] HTTP GET /favicon.ico responded 404 in 0.1222 ms
2026-09-11 17:23:13.085 -04:00 [INF] HTTP POST /Reportes/GetPragmatic responded 200 in 412.1286 ms
2026-09-11 17:23:56.424 -04:00 [INF] HTTP GET /Reportes/VirtualesBR responded 200 in 43.5962 ms
2026-09-11 17:23:57.192 -04:00 [INF] HTTP POST /Reportes/GetListAgenciasApi responded 200 in 566.0555 ms
2026-09-11 17:50:48.370 -04:00 [INF] HTTP POST /Reportes/GetVirtualesBR responded 200 in 5355.4957 ms
2026-09-11 17:50:57.844 -04:00 [INF] HTTP POST /Reportes/GetVirtualesBR responded 200 in 1080.3804 ms
2026-09-11 17:51:05.654 -04:00 [INF] HTTP POST /Reportes/GetVirtualesBR responded 200 in 2504.6715 ms
2026-09-11 17:51:13.548 -04:00 [INF] HTTP POST /Reportes/GetVirtualesBR responded 200 in 1676.0969 ms
2026-09-11 17:51:28.398 -04:00 [INF] HTTP POST /Reportes/GetVirtualesBR responded 200 in 1378.8866 ms
2026-09-11 17:51:36.587 -04:00 [INF] HTTP POST /Reportes/GetVirtualesBR responded 200 in 1427.2321 ms
2026-09-11 17:51:45.198 -04:00 [INF] HTTP POST /Reportes/GetVirtualesBR responded 200 in 1748.3775 ms
2026-09-11 17:53:21.071 -04:00 [INF] HTTP GET /Reportes/VirtualesBR responded 200 in 99.1238 ms
2026-09-11 17:53:25.317 -04:00 [INF] HTTP GET /favicon.ico responded 404 in 0.0742 ms
2026-09-11 17:53:26.125 -04:00 [INF] HTTP POST /Reportes/GetListAgenciasApi responded 200 in 815.2770 ms
2026-09-11 17:53:45.870 -04:00 [INF] HTTP POST /Reportes/GetVirtualesBR responded 200 in 1376.7511 ms
2026-09-11 17:54:13.993 -04:00 [INF] HTTP GET /Reportes/Aviatrix responded 200 in 39.4066 ms
2026-09-11 17:54:14.687 -04:00 [INF] HTTP POST /Reportes/GetListAgenciasApi responded 200 in 485.7625 ms
2026-09-11 17:54:33.706 -04:00 [INF] HTTP POST /Reportes/GetAviatrix responded 200 in 1130.9937 ms
2026-09-11 17:58:47.809 -04:00 [INF] HTTP GET /Reportes/Aviatrix responded 200 in 150.2104 ms
2026-09-11 17:58:48.822 -04:00 [INF] HTTP POST /Reportes/GetListAgenciasApi responded 200 in 655.6604 ms
2026-09-11 17:58:48.942 -04:00 [INF] HTTP GET /favicon.ico responded 404 in 0.1063 ms
2026-09-11 17:59:29.891 -04:00 [INF] HTTP POST /Reportes/GetAviatrix responded 200 in 591.4705 ms
2026-09-11 17:59:35.507 -04:00 [INF] HTTP POST /Reportes/GetAviatrix responded 200 in 681.4437 ms
2026-09-11 18:00:53.039 -04:00 [INF] HTTP GET /Reportes/Casino7777 responded 200 in 26.8999 ms
2026-09-11 18:00:53.747 -04:00 [INF] HTTP POST /Reportes/GetCasino7777Agentes responded 200 in 501.0364 ms
2026-09-11 18:01:00.494 -04:00 [INF] HTTP POST /Reportes/GetCasino7777 responded 200 in 1630.0099 ms
2026-09-11 18:01:00.495 -04:00 [INF] HTTP POST /Reportes/GetCasino7777ResumenGeneral responded 200 in 1630.7106 ms
2026-09-11 18:01:06.632 -04:00 [INF] HTTP POST /Reportes/GetCasino7777 responded 200 in 557.7788 ms
2026-09-11 18:01:06.731 -04:00 [INF] HTTP POST /Reportes/GetCasino7777ResumenGeneral responded 200 in 656.5156 ms
2026-09-11 18:01:14.094 -04:00 [INF] HTTP POST /Reportes/GetCasino7777ResumenGeneral responded 200 in 287.4793 ms
2026-09-11 18:01:14.096 -04:00 [INF] HTTP POST /Reportes/GetCasino7777 responded 200 in 289.0398 ms
2026-09-11 18:01:44.264 -04:00 [INF] HTTP GET /Reportes/Endorphine responded 200 in 24.6489 ms
2026-09-11 18:01:44.922 -04:00 [INF] HTTP POST /Reportes/GetEndorphineAgentes responded 200 in 470.8421 ms
2026-09-11 18:01:57.929 -04:00 [INF] HTTP POST /Reportes/GetEndorphine responded 200 in 432.3868 ms
2026-09-11 18:01:57.977 -04:00 [INF] HTTP POST /Reportes/GetEndorphineResumenGeneral responded 200 in 480.2039 ms
2026-09-11 18:02:05.341 -04:00 [INF] HTTP POST /Reportes/GetEndorphineResumenGeneral responded 200 in 240.1221 ms
2026-09-11 18:02:05.405 -04:00 [INF] HTTP POST /Reportes/GetEndorphine responded 200 in 303.0884 ms
2026-09-11 18:02:12.780 -04:00 [INF] HTTP POST /Reportes/GetEndorphineResumenGeneral responded 200 in 295.4046 ms
2026-09-11 18:02:12.877 -04:00 [INF] HTTP POST /Reportes/GetEndorphine responded 200 in 392.0115 ms
2026-09-11 18:02:27.063 -04:00 [INF] HTTP POST /Reportes/GetEndorphineResumenGeneral responded 200 in 341.8993 ms
2026-09-11 18:02:27.063 -04:00 [INF] HTTP POST /Reportes/GetEndorphine responded 200 in 341.4065 ms
2026-09-11 18:02:34.551 -04:00 [INF] HTTP POST /Reportes/GetEndorphineResumenGeneral responded 200 in 347.4295 ms
2026-09-11 18:02:34.659 -04:00 [INF] HTTP POST /Reportes/GetEndorphine responded 200 in 455.4100 ms
2026-09-11 18:02:41.397 -04:00 [INF] HTTP POST /Reportes/GetEndorphine responded 200 in 298.9773 ms
2026-09-11 18:02:41.429 -04:00 [INF] HTTP POST /Reportes/GetEndorphineResumenGeneral responded 200 in 331.4711 ms
2026-09-11 18:03:08.081 -04:00 [INF] HTTP GET /Reportes/InOutGaming responded 200 in 15.1195 ms
2026-09-11 18:03:08.800 -04:00 [INF] HTTP POST /Reportes/GetInOutGamingAgentes responded 200 in 560.2046 ms
2026-09-11 18:03:16.636 -04:00 [INF] HTTP POST /Reportes/GetInOutGaming responded 200 in 462.1945 ms
2026-09-11 18:03:16.637 -04:00 [INF] HTTP POST /Reportes/GetInOutGamingResumenGeneral responded 200 in 464.3401 ms
2026-09-11 18:03:23.099 -04:00 [INF] HTTP POST /Reportes/GetInOutGamingResumenGeneral responded 200 in 333.4278 ms
2026-09-11 18:03:23.099 -04:00 [INF] HTTP POST /Reportes/GetInOutGaming responded 200 in 333.3459 ms
2026-09-11 18:03:32.965 -04:00 [INF] HTTP POST /Reportes/GetInOutGamingResumenGeneral responded 200 in 293.3577 ms
2026-09-11 18:03:33.044 -04:00 [INF] HTTP POST /Reportes/GetInOutGaming responded 200 in 372.4469 ms
2026-09-11 18:04:20.678 -04:00 [INF] HTTP GET /Reportes/Odyseus responded 200 in 108.0439 ms
2026-09-11 18:04:21.355 -04:00 [INF] HTTP POST /Reportes/GetListAgenciasApi responded 200 in 541.5929 ms
2026-09-11 18:04:45.292 -04:00 [INF] HTTP POST /Reportes/GetOdyseus responded 200 in 14752.8528 ms
2026-09-11 18:06:12.040 -04:00 [INF] HTTP GET /Reportes/VIG responded 200 in 14.3800 ms
2026-09-11 18:06:12.798 -04:00 [INF] HTTP POST /Reportes/GetListAgenciasApi responded 200 in 559.1774 ms
2026-09-11 18:06:23.352 -04:00 [INF] HTTP POST /Reportes/GetVIG responded 200 in 1596.7504 ms
2026-09-11 18:06:32.104 -04:00 [INF] HTTP POST /Reportes/GetVIG responded 200 in 584.9342 ms
2026-09-11 18:06:42.841 -04:00 [INF] HTTP POST /Reportes/GetVIG responded 200 in 3820.5254 ms
2026-09-11 18:06:53.059 -04:00 [INF] HTTP POST /Reportes/GetVIG responded 200 in 1486.7687 ms
2026-09-11 18:07:53.346 -04:00 [INF] HTTP GET /Reportes/KingMidas responded 200 in 16.0821 ms
2026-09-11 18:07:54.199 -04:00 [INF] HTTP POST /Reportes/GetListAgenciasApi responded 200 in 676.4064 ms
2026-09-11 18:08:02.166 -04:00 [INF] HTTP POST /Reportes/GetKingMidas responded 200 in 481.0505 ms
2026-09-11 18:08:09.078 -04:00 [INF] HTTP POST /Reportes/GetKingMidas responded 200 in 478.9009 ms
2026-09-11 18:10:20.083 -04:00 [INF] HTTP GET /Reportes/KingMidas responded 200 in 3.4959 ms
2026-09-11 18:10:21.288 -04:00 [INF] HTTP POST /Reportes/GetListAgenciasApi responded 200 in 690.1096 ms
2026-09-11 18:10:21.368 -04:00 [INF] HTTP GET /favicon.ico responded 404 in 0.1967 ms
2026-09-11 18:10:29.285 -04:00 [INF] HTTP POST /Reportes/GetKingMidas responded 200 in 893.2081 ms
2026-09-11 18:10:56.193 -04:00 [INF] Iniciando ReportePrematch.Web...
2026-09-11 18:10:57.538 -04:00 [INF] HTTP GET / responded 200 in 225.7416 ms
2026-09-11 18:11:05.117 -04:00 [INF] Login exitoso: vlapenta [Usuario suAdmin]
2026-09-11 18:11:05.124 -04:00 [INF] HTTP POST / responded 302 in 716.7385 ms
2026-09-11 18:11:05.229 -04:00 [INF] HTTP GET /Reportes/VentasPorAgente responded 200 in 97.5173 ms
2026-09-11 18:11:06.230 -04:00 [INF] HTTP POST /Reportes/GetListAgenciasApi responded 200 in 709.8006 ms
2026-09-11 18:11:12.740 -04:00 [INF] HTTP GET /Reportes/KingMidas responded 200 in 17.5903 ms
2026-09-11 18:11:13.495 -04:00 [INF] HTTP POST /Reportes/GetListAgenciasApi responded 200 in 640.4371 ms
2026-09-11 18:11:20.076 -04:00 [INF] HTTP POST /Reportes/GetKingMidas responded 200 in 615.8437 ms
2026-09-11 18:12:58.706 -04:00 [INF] HTTP GET /Reportes/KingMidas responded 200 in 7043.6974 ms
2026-09-11 18:12:59.944 -04:00 [INF] HTTP POST /Reportes/GetListAgenciasApi responded 200 in 632.6319 ms
2026-09-11 18:13:00.054 -04:00 [INF] HTTP GET /favicon.ico responded 404 in 1.0123 ms
2026-09-11 18:13:08.113 -04:00 [INF] HTTP POST /Reportes/GetKingMidas responded 200 in 947.2316 ms
2026-09-11 18:15:38.725 -04:00 [INF] HTTP GET /Reportes/KingMidas responded 200 in 338.3402 ms
2026-09-11 18:15:39.737 -04:00 [INF] HTTP POST /Reportes/GetListAgenciasApi responded 200 in 673.8080 ms
2026-09-11 18:15:39.805 -04:00 [INF] HTTP GET /favicon.ico responded 404 in 0.1707 ms
2026-09-11 18:15:47.276 -04:00 [INF] HTTP POST /Reportes/GetKingMidas responded 200 in 749.6466 ms
2026-09-11 18:16:33.508 -04:00 [INF] HTTP GET /Reportes/Hipismo responded 200 in 18.7690 ms
2026-09-11 18:16:34.405 -04:00 [INF] HTTP POST /Reportes/GetListAgenciasApi responded 200 in 655.4050 ms
2026-09-11 18:16:42.602 -04:00 [INF] HTTP POST /Reportes/GetHipismo responded 200 in 1803.6049 ms
2026-09-11 18:16:51.754 -04:00 [INF] HTTP POST /Reportes/GetHipismo responded 200 in 1357.2752 ms
2026-09-11 18:16:58.568 -04:00 [INF] HTTP POST /Reportes/GetHipismo responded 200 in 1517.3200 ms
2026-09-11 18:17:32.070 -04:00 [INF] HTTP GET /Reportes/Loteria responded 200 in 14.9640 ms
2026-09-11 18:17:32.832 -04:00 [INF] HTTP POST /Reportes/GetListAgenciasApi responded 200 in 595.4815 ms
2026-09-11 18:17:41.338 -04:00 [INF] HTTP POST /Reportes/GetLoteria responded 200 in 4144.0146 ms
2026-09-11 18:18:19.825 -04:00 [INF] HTTP GET /Reportes/LoteriaTriple responded 200 in 14.2715 ms
2026-09-11 18:18:20.600 -04:00 [INF] HTTP POST /Reportes/GetListAgenciasApi responded 200 in 589.6898 ms
2026-09-11 18:18:37.462 -04:00 [INF] HTTP POST /Reportes/GetLoteriaTriple responded 200 in 8029.1732 ms
2026-09-11 18:18:53.936 -04:00 [INF] HTTP GET /Reportes/FantasyBsb responded 200 in 15.1828 ms
2026-09-11 18:18:54.805 -04:00 [INF] HTTP POST /Reportes/GetListAgenciasApi responded 200 in 693.8074 ms
2026-09-11 18:18:59.644 -04:00 [INF] HTTP POST /Reportes/GetFantasyBsb responded 200 in 350.7995 ms
2026-09-11 18:19:04.001 -04:00 [INF] HTTP POST /Reportes/GetFantasyBsb responded 200 in 274.8110 ms
2026-09-11 18:19:12.482 -04:00 [INF] HTTP POST /Reportes/GetFantasyBsb responded 200 in 160.4868 ms
2026-09-11 18:19:18.379 -04:00 [INF] HTTP POST /Reportes/GetFantasyBsb responded 200 in 233.8453 ms
2026-09-11 18:19:24.526 -04:00 [INF] HTTP POST /Reportes/GetFantasyBsb responded 200 in 276.7728 ms
2026-09-11 18:19:29.562 -04:00 [INF] HTTP POST /Reportes/GetFantasyBsb responded 200 in 352.5645 ms
2026-09-11 18:19:43.287 -04:00 [INF] HTTP POST /Reportes/GetFantasyBsb responded 200 in 295.4622 ms
2026-09-11 18:19:48.992 -04:00 [INF] HTTP POST /Reportes/GetFantasyBsb responded 200 in 219.0465 ms
2026-09-11 18:19:53.916 -04:00 [INF] HTTP POST /Reportes/GetFantasyBsb responded 200 in 165.4985 ms
2026-09-11 18:19:59.750 -04:00 [INF] HTTP POST /Reportes/GetFantasyBsb responded 200 in 265.5116 ms
2026-09-11 18:20:10.560 -04:00 [INF] HTTP POST /Reportes/GetFantasyBsb responded 200 in 195.7340 ms
2026-09-11 18:20:49.354 -04:00 [INF] HTTP GET /Reportes/SaldosDisponibles responded 200 in 16.5587 ms
2026-09-11 18:20:50.241 -04:00 [INF] HTTP POST /Reportes/GetListAgenciasApi responded 200 in 676.7031 ms
2026-09-11 18:21:00.387 -04:00 [INF] HTTP POST /Reportes/GetSaldosDisponibles responded 200 in 2596.2558 ms
2026-09-11 18:21:41.972 -04:00 [INF] Logout: vlapenta
2026-09-11 18:21:41.974 -04:00 [INF] HTTP GET /Home/Logout responded 302 in 4.7048 ms
2026-09-11 18:21:41.987 -04:00 [INF] HTTP GET / responded 200 in 1.7064 ms
2026-09-11 18:23:16.892 -04:00 [INF] Iniciando ReportePrematch.Web...
2026-09-11 18:23:17.881 -04:00 [INF] HTTP GET / responded 200 in 236.6085 ms
2026-09-11 18:23:28.534 -04:00 [INF] Login exitoso: vlapenta [Usuario suAdmin]
2026-09-11 18:23:28.543 -04:00 [INF] HTTP POST / responded 302 in 805.1440 ms
2026-09-11 18:23:28.653 -04:00 [INF] HTTP GET /Reportes/VentasPorAgente responded 200 in 99.9945 ms
2026-09-11 18:23:29.651 -04:00 [INF] HTTP POST /Reportes/GetListAgenciasApi responded 200 in 755.7827 ms
2026-09-11 18:23:37.532 -04:00 [INF] HTTP POST /Reportes/GetVentasPorAgenteWeb responded 200 in 1628.0702 ms
