2026-08-24 18:06:19.484 -04:00 [INF] Iniciando ReportePrematch.Web...
2026-08-24 18:06:21.487 -04:00 [INF] HTTP GET / responded 200 in 343.3257 ms
2026-08-24 18:06:22.536 -04:00 [INF] HTTP GET /favicon.ico responded 404 in 3.7703 ms
2026-08-24 18:06:30.359 -04:00 [INF] Login exitoso: vlapenta [Usuario suAdmin]
2026-08-24 18:06:30.367 -04:00 [INF] HTTP POST / responded 302 in 1188.3118 ms
2026-08-24 18:06:30.553 -04:00 [INF] HTTP GET /Reportes/VentasPorAgente responded 200 in 181.5426 ms
2026-08-24 18:06:32.360 -04:00 [INF] HTTP POST /Reportes/GetListAgenciasApi responded 200 in 1162.4637 ms
2026-08-24 18:06:36.998 -04:00 [INF] HTTP GET /Reportes/Endorphine responded 200 in 56.5323 ms
2026-08-24 18:06:37.558 -04:00 [INF] HTTP POST /Reportes/GetEndorphineAgentes responded 200 in 461.8874 ms
2026-08-24 18:12:51.742 -04:00 [INF] Iniciando ReportePrematch.Web...
2026-08-24 18:12:52.539 -04:00 [INF] HTTP GET / responded 200 in 196.4325 ms
2026-08-24 18:13:25.268 -04:00 [INF] Login exitoso: vlapenta [Usuario suAdmin]
2026-08-24 18:13:25.277 -04:00 [INF] HTTP POST / responded 302 in 760.1709 ms
2026-08-24 18:13:25.380 -04:00 [INF] HTTP GET /Reportes/VentasPorAgente responded 200 in 95.9171 ms
2026-08-24 18:13:26.028 -04:00 [INF] HTTP POST /Reportes/GetListAgenciasApi responded 200 in 477.1210 ms
2026-08-24 18:13:28.781 -04:00 [INF] HTTP GET /Reportes/InOutGaming responded 200 in 22.6879 ms
2026-08-24 18:13:29.325 -04:00 [INF] HTTP POST /Reportes/GetInOutGamingAgentes responded 200 in 447.7908 ms
2026-08-24 18:13:49.102 -04:00 [INF] HTTP POST /Reportes/GetInOutGaming responded 200 in 501.2306 ms
2026-08-24 18:58:54.955 -04:00 [INF] Iniciando ReportePrematch.Web...
2026-08-24 18:58:55.980 -04:00 [INF] HTTP GET / responded 200 in 281.8363 ms
2026-08-24 18:58:56.997 -04:00 [INF] HTTP GET /favicon.ico responded 404 in 3.0358 ms
2026-08-24 19:06:30.444 -04:00 [INF] Login exitoso: vlapenta [Usuario suAdmin]
2026-08-24 19:06:30.452 -04:00 [INF] HTTP POST / responded 302 in 799.7667 ms
2026-08-24 19:06:30.634 -04:00 [INF] HTTP GET /Reportes/VentasPorAgente responded 200 in 175.2542 ms
2026-08-24 19:06:32.281 -04:00 [INF] HTTP POST /Reportes/GetListAgenciasApi responded 200 in 1091.4589 ms
2026-08-24 19:07:08.282 -04:00 [INF] HTTP GET /Reportes/Casino7777 responded 200 in 61.6475 ms
2026-08-24 19:07:08.843 -04:00 [INF] HTTP POST /Reportes/GetCasino7777Agentes responded 200 in 457.3064 ms
2026-08-24 19:10:48.106 -04:00 [INF] Iniciando ReportePrematch.Web...
2026-08-24 19:10:48.779 -04:00 [INF] HTTP GET / responded 200 in 189.5094 ms
2026-08-24 19:10:57.122 -04:00 [INF] Login exitoso: vlapenta [Usuario suAdmin]
2026-08-24 19:10:57.130 -04:00 [INF] HTTP POST / responded 302 in 707.2327 ms
2026-08-24 19:10:57.229 -04:00 [INF] HTTP GET /Reportes/VentasPorAgente responded 200 in 93.7787 ms
2026-08-24 19:10:57.952 -04:00 [INF] HTTP POST /Reportes/GetListAgenciasApi responded 200 in 545.7167 ms
2026-08-24 19:11:00.570 -04:00 [INF] HTTP GET /Reportes/Casino7777 responded 200 in 23.6564 ms
2026-08-24 19:11:01.167 -04:00 [INF] HTTP POST /Reportes/GetCasino7777Agentes responded 200 in 493.4533 ms
2026-08-24 19:11:15.374 -04:00 [INF] HTTP POST /Reportes/GetCasino7777ResumenGeneral responded 200 in 599.2140 ms
2026-08-24 19:11:15.693 -04:00 [INF] HTTP POST /Reportes/GetCasino7777 responded 200 in 919.0590 ms
2026-08-24 19:14:42.471 -04:00 [INF] HTTP GET /Reportes/Casino7777 responded 200 in 8131.0438 ms
2026-08-24 19:14:47.889 -04:00 [INF] Iniciando ReportePrematch.Web...
2026-08-24 19:14:48.611 -04:00 [INF] HTTP GET / responded 200 in 181.6182 ms
2026-08-24 19:14:49.375 -04:00 [INF] HTTP GET /favicon.ico responded 404 in 3.0785 ms
2026-08-24 19:14:58.189 -04:00 [INF] Login exitoso: vlapenta [Usuario suAdmin]
2026-08-24 19:14:58.197 -04:00 [INF] HTTP POST / responded 302 in 711.4701 ms
2026-08-24 19:14:58.295 -04:00 [INF] HTTP GET /Reportes/VentasPorAgente responded 200 in 92.4924 ms
2026-08-24 19:14:58.985 -04:00 [INF] HTTP POST /Reportes/GetListAgenciasApi responded 200 in 503.0908 ms
2026-08-24 19:15:09.571 -04:00 [INF] HTTP GET /Reportes/Casino7777 responded 200 in 23.1131 ms
2026-08-24 19:15:10.139 -04:00 [INF] HTTP POST /Reportes/GetCasino7777Agentes responded 200 in 469.5872 ms
2026-08-24 19:15:19.180 -04:00 [INF] HTTP POST /Reportes/GetCasino7777 responded 200 in 126.1316 ms
2026-08-24 19:15:19.224 -04:00 [INF] HTTP POST /Reportes/GetCasino7777ResumenGeneral responded 200 in 170.0502 ms
2026-08-24 19:15:53.913 -04:00 [INF] HTTP GET /Reportes/Casino7777 responded 200 in 2013.8075 ms
2026-08-24 19:15:54.709 -04:00 [INF] HTTP POST /Reportes/GetCasino7777Agentes responded 200 in 440.2653 ms
2026-08-24 19:15:55.218 -04:00 [INF] HTTP GET /favicon.ico responded 404 in 0.2688 ms
2026-08-24 19:16:06.912 -04:00 [INF] HTTP POST /Reportes/GetCasino7777 responded 200 in 139.5034 ms
2026-08-24 19:16:06.946 -04:00 [INF] HTTP POST /Reportes/GetCasino7777ResumenGeneral responded 200 in 173.9486 ms
2026-08-24 19:37:58.150 -04:00 [INF] Iniciando ReportePrematch.Web...
2026-08-24 19:37:58.915 -04:00 [INF] HTTP GET / responded 200 in 184.3519 ms
2026-08-24 19:38:08.042 -04:00 [INF] Login exitoso: vlapenta [Usuario suAdmin]
2026-08-24 19:38:08.048 -04:00 [INF] HTTP POST / responded 302 in 657.8859 ms
2026-08-24 19:38:08.147 -04:00 [INF] HTTP GET /Reportes/VentasPorAgente responded 200 in 92.7705 ms
2026-08-24 19:38:09.374 -04:00 [INF] HTTP POST /Reportes/GetListAgenciasApi responded 200 in 1040.0393 ms
2026-08-24 19:38:12.046 -04:00 [INF] HTTP GET /Reportes/Endorphine responded 200 in 26.5388 ms
2026-08-24 19:38:12.608 -04:00 [INF] HTTP POST /Reportes/GetEndorphineAgentes responded 200 in 474.0122 ms
2026-08-24 20:00:47.164 -04:00 [INF] Iniciando ReportePrematch.Web...
2026-08-24 20:00:48.267 -04:00 [INF] HTTP GET / responded 200 in 200.0375 ms
2026-08-24 20:00:56.629 -04:00 [INF] Login exitoso: vlapenta [Usuario suAdmin]
2026-08-24 20:00:56.636 -04:00 [INF] HTTP POST / responded 302 in 784.8761 ms
2026-08-24 20:00:56.737 -04:00 [INF] HTTP GET /Reportes/VentasPorAgente responded 200 in 92.9652 ms
2026-08-24 20:00:57.878 -04:00 [INF] HTTP POST /Reportes/GetListAgenciasApi responded 200 in 958.9217 ms
2026-08-24 20:01:00.038 -04:00 [INF] HTTP GET /Reportes/Casino7777 responded 200 in 22.2029 ms
2026-08-24 20:01:00.643 -04:00 [INF] HTTP POST /Reportes/GetCasino7777Agentes responded 200 in 515.0007 ms
2026-08-24 20:01:12.107 -04:00 [INF] HTTP POST /Reportes/GetCasino7777 responded 200 in 590.3256 ms
2026-08-24 20:01:12.493 -04:00 [INF] HTTP POST /Reportes/GetCasino7777ResumenGeneral responded 200 in 976.4992 ms
2026-08-24 20:01:16.011 -04:00 [INF] HTTP GET /Reportes/Endorphine responded 200 in 26.1494 ms
2026-08-24 20:01:16.531 -04:00 [INF] HTTP POST /Reportes/GetEndorphineAgentes responded 200 in 449.6705 ms
2026-08-24 20:01:31.031 -04:00 [INF] HTTP POST /Reportes/GetEndorphineResumenGeneral responded 200 in 470.2949 ms
2026-08-24 20:01:31.341 -04:00 [INF] HTTP POST /Reportes/GetEndorphine responded 200 in 780.2059 ms
2026-08-24 20:05:14.003 -04:00 [INF] HTTP GET /Reportes/InOutGaming responded 200 in 31.6049 ms
2026-08-24 20:05:14.620 -04:00 [INF] HTTP POST /Reportes/GetInOutGamingAgentes responded 200 in 455.2513 ms
2026-08-24 20:11:50.012 -04:00 [INF] HTTP GET /Reportes/Endorphine responded 200 in 1.8217 ms
2026-08-24 20:11:54.293 -04:00 [ERR] HTTP POST /Reportes/GetEndorphineAgentes responded 500 in 4188.4442 ms
System.Net.Http.HttpRequestException: No se puede establecer una conexión ya que el equipo de destino denegó expresamente dicha conexión. (localhost:44322)
 ---> System.Net.Sockets.SocketException (10061): No se puede establecer una conexión ya que el equipo de destino denegó expresamente dicha conexión.
   at System.Net.Sockets.Socket.AwaitableSocketAsyncEventArgs.ThrowException(SocketError error, CancellationToken cancellationToken)
   at System.Net.Sockets.Socket.AwaitableSocketAsyncEventArgs.System.Threading.Tasks.Sources.IValueTaskSource.GetResult(Int16 token)
   at System.Net.Http.HttpConnectionPool.ConnectToTcpHostAsync(String host, Int32 port, HttpRequestMessage initialRequest, Boolean async, CancellationToken cancellationToken)
   --- End of inner exception stack trace ---
   at System.Net.Http.HttpConnectionPool.ConnectToTcpHostAsync(String host, Int32 port, HttpRequestMessage initialRequest, Boolean async, CancellationToken cancellationToken)
   at System.Net.Http.HttpConnectionPool.ConnectAsync(HttpRequestMessage request, Boolean async, CancellationToken cancellationToken)
   at System.Net.Http.HttpConnectionPool.CreateHttp11ConnectionAsync(HttpRequestMessage request, Boolean async, CancellationToken cancellationToken)
   at System.Net.Http.HttpConnectionPool.InjectNewHttp11ConnectionAsync(QueueItem queueItem)
   at System.Threading.Tasks.TaskCompletionSourceWithCancellation`1.WaitWithCancellationAsync(CancellationToken cancellationToken)
   at System.Net.Http.HttpConnectionWaiter`1.WaitForConnectionWithTelemetryAsync(HttpRequestMessage request, HttpConnectionPool pool, Boolean async, CancellationToken requestCancellationToken)
   at System.Net.Http.HttpConnectionPool.SendWithVersionDetectionAndRetryAsync(HttpRequestMessage request, Boolean async, Boolean doRequestAuth, CancellationToken cancellationToken)
   at System.Net.Http.DiagnosticsHandler.SendAsyncCore(HttpRequestMessage request, Boolean async, CancellationToken cancellationToken)
   at System.Net.Http.RedirectHandler.SendAsync(HttpRequestMessage request, Boolean async, CancellationToken cancellationToken)
   at System.Net.Http.SocketsHttpHandler.<SendAsync>g__CreateHandlerAndSendAsync|115_0(HttpRequestMessage request, CancellationToken cancellationToken)
   at System.Net.Http.HttpClient.<SendAsync>g__Core|83_0(HttpRequestMessage request, HttpCompletionOption completionOption, CancellationTokenSource cts, Boolean disposeCts, CancellationTokenSource pendingRequestsCts, CancellationToken originalCancellationToken)
   at ReportePrematch.Web.Services.Clients.ReportesService.GetEndorphineAgentesAsync() in D:\GITHUB\ReportePrematch.Web\ReportePrematch.Web\Services\Clients\ReportesService.cs:line 1126
   at ReportePrematch.Web.Controllers.ReportesController.GetEndorphineAgentes() in D:\GITHUB\ReportePrematch.Web\ReportePrematch.Web\Controllers\ReportesController.cs:line 164
   at Microsoft.AspNetCore.Mvc.Infrastructure.ActionMethodExecutor.TaskOfIActionResultExecutor.Execute(ActionContext actionContext, IActionResultTypeMapper mapper, ObjectMethodExecutor executor, Object controller, Object[] arguments)
   at Microsoft.AspNetCore.Mvc.Infrastructure.ControllerActionInvoker.<InvokeActionMethodAsync>g__Awaited|12_0(ControllerActionInvoker invoker, ValueTask`1 actionResultValueTask)
   at Microsoft.AspNetCore.Mvc.Infrastructure.ControllerActionInvoker.<InvokeNextActionFilterAsync>g__Awaited|10_0(ControllerActionInvoker invoker, Task lastTask, State next, Scope scope, Object state, Boolean isCompleted)
   at Microsoft.AspNetCore.Mvc.Infrastructure.ControllerActionInvoker.Rethrow(ActionExecutedContextSealed context)
   at Microsoft.AspNetCore.Mvc.Infrastructure.ControllerActionInvoker.Next(State& next, Scope& scope, Object& state, Boolean& isCompleted)
   at Microsoft.AspNetCore.Mvc.Infrastructure.ControllerActionInvoker.<InvokeInnerFilterAsync>g__Awaited|13_0(ControllerActionInvoker invoker, Task lastTask, State next, Scope scope, Object state, Boolean isCompleted)
   at Microsoft.AspNetCore.Mvc.Infrastructure.ResourceInvoker.<InvokeNextResourceFilter>g__Awaited|25_0(ResourceInvoker invoker, Task lastTask, State next, Scope scope, Object state, Boolean isCompleted)
   at Microsoft.AspNetCore.Mvc.Infrastructure.ResourceInvoker.Rethrow(ResourceExecutedContextSealed context)
   at Microsoft.AspNetCore.Mvc.Infrastructure.ResourceInvoker.Next(State& next, Scope& scope, Object& state, Boolean& isCompleted)
   at Microsoft.AspNetCore.Mvc.Infrastructure.ResourceInvoker.<InvokeFilterPipelineAsync>g__Awaited|20_0(ResourceInvoker invoker, Task lastTask, State next, Scope scope, Object state, Boolean isCompleted)
   at Microsoft.AspNetCore.Mvc.Infrastructure.ResourceInvoker.<InvokeAsync>g__Awaited|17_0(ResourceInvoker invoker, Task task, IDisposable scope)
   at Microsoft.AspNetCore.Mvc.Infrastructure.ResourceInvoker.<InvokeAsync>g__Awaited|17_0(ResourceInvoker invoker, Task task, IDisposable scope)
   at Microsoft.AspNetCore.Authorization.AuthorizationMiddleware.Invoke(HttpContext context)
   at Microsoft.AspNetCore.Session.SessionMiddleware.Invoke(HttpContext context)
   at Microsoft.AspNetCore.Session.SessionMiddleware.Invoke(HttpContext context)
   at Serilog.AspNetCore.RequestLoggingMiddleware.Invoke(HttpContext httpContext)
2026-08-24 20:11:54.317 -04:00 [ERR] An unhandled exception has occurred while executing the request.
System.Net.Http.HttpRequestException: No se puede establecer una conexión ya que el equipo de destino denegó expresamente dicha conexión. (localhost:44322)
 ---> System.Net.Sockets.SocketException (10061): No se puede establecer una conexión ya que el equipo de destino denegó expresamente dicha conexión.
   at System.Net.Sockets.Socket.AwaitableSocketAsyncEventArgs.ThrowException(SocketError error, CancellationToken cancellationToken)
   at System.Net.Sockets.Socket.AwaitableSocketAsyncEventArgs.System.Threading.Tasks.Sources.IValueTaskSource.GetResult(Int16 token)
   at System.Net.Http.HttpConnectionPool.ConnectToTcpHostAsync(String host, Int32 port, HttpRequestMessage initialRequest, Boolean async, CancellationToken cancellationToken)
   --- End of inner exception stack trace ---
   at System.Net.Http.HttpConnectionPool.ConnectToTcpHostAsync(String host, Int32 port, HttpRequestMessage initialRequest, Boolean async, CancellationToken cancellationToken)
   at System.Net.Http.HttpConnectionPool.ConnectAsync(HttpRequestMessage request, Boolean async, CancellationToken cancellationToken)
   at System.Net.Http.HttpConnectionPool.CreateHttp11ConnectionAsync(HttpRequestMessage request, Boolean async, CancellationToken cancellationToken)
   at System.Net.Http.HttpConnectionPool.InjectNewHttp11ConnectionAsync(QueueItem queueItem)
   at System.Threading.Tasks.TaskCompletionSourceWithCancellation`1.WaitWithCancellationAsync(CancellationToken cancellationToken)
   at System.Net.Http.HttpConnectionWaiter`1.WaitForConnectionWithTelemetryAsync(HttpRequestMessage request, HttpConnectionPool pool, Boolean async, CancellationToken requestCancellationToken)
   at System.Net.Http.HttpConnectionPool.SendWithVersionDetectionAndRetryAsync(HttpRequestMessage request, Boolean async, Boolean doRequestAuth, CancellationToken cancellationToken)
   at System.Net.Http.DiagnosticsHandler.SendAsyncCore(HttpRequestMessage request, Boolean async, CancellationToken cancellationToken)
   at System.Net.Http.RedirectHandler.SendAsync(HttpRequestMessage request, Boolean async, CancellationToken cancellationToken)
   at System.Net.Http.SocketsHttpHandler.<SendAsync>g__CreateHandlerAndSendAsync|115_0(HttpRequestMessage request, CancellationToken cancellationToken)
   at System.Net.Http.HttpClient.<SendAsync>g__Core|83_0(HttpRequestMessage request, HttpCompletionOption completionOption, CancellationTokenSource cts, Boolean disposeCts, CancellationTokenSource pendingRequestsCts, CancellationToken originalCancellationToken)
   at ReportePrematch.Web.Services.Clients.ReportesService.GetEndorphineAgentesAsync() in D:\GITHUB\ReportePrematch.Web\ReportePrematch.Web\Services\Clients\ReportesService.cs:line 1126
   at ReportePrematch.Web.Controllers.ReportesController.GetEndorphineAgentes() in D:\GITHUB\ReportePrematch.Web\ReportePrematch.Web\Controllers\ReportesController.cs:line 164
   at Microsoft.AspNetCore.Mvc.Infrastructure.ActionMethodExecutor.TaskOfIActionResultExecutor.Execute(ActionContext actionContext, IActionResultTypeMapper mapper, ObjectMethodExecutor executor, Object controller, Object[] arguments)
   at Microsoft.AspNetCore.Mvc.Infrastructure.ControllerActionInvoker.<InvokeActionMethodAsync>g__Awaited|12_0(ControllerActionInvoker invoker, ValueTask`1 actionResultValueTask)
   at Microsoft.AspNetCore.Mvc.Infrastructure.ControllerActionInvoker.<InvokeNextActionFilterAsync>g__Awaited|10_0(ControllerActionInvoker invoker, Task lastTask, State next, Scope scope, Object state, Boolean isCompleted)
   at Microsoft.AspNetCore.Mvc.Infrastructure.ControllerActionInvoker.Rethrow(ActionExecutedContextSealed context)
   at Microsoft.AspNetCore.Mvc.Infrastructure.ControllerActionInvoker.Next(State& next, Scope& scope, Object& state, Boolean& isCompleted)
   at Microsoft.AspNetCore.Mvc.Infrastructure.ControllerActionInvoker.<InvokeInnerFilterAsync>g__Awaited|13_0(ControllerActionInvoker invoker, Task lastTask, State next, Scope scope, Object state, Boolean isCompleted)
   at Microsoft.AspNetCore.Mvc.Infrastructure.ResourceInvoker.<InvokeNextResourceFilter>g__Awaited|25_0(ResourceInvoker invoker, Task lastTask, State next, Scope scope, Object state, Boolean isCompleted)
   at Microsoft.AspNetCore.Mvc.Infrastructure.ResourceInvoker.Rethrow(ResourceExecutedContextSealed context)
   at Microsoft.AspNetCore.Mvc.Infrastructure.ResourceInvoker.Next(State& next, Scope& scope, Object& state, Boolean& isCompleted)
   at Microsoft.AspNetCore.Mvc.Infrastructure.ResourceInvoker.<InvokeFilterPipelineAsync>g__Awaited|20_0(ResourceInvoker invoker, Task lastTask, State next, Scope scope, Object state, Boolean isCompleted)
   at Microsoft.AspNetCore.Mvc.Infrastructure.ResourceInvoker.<InvokeAsync>g__Awaited|17_0(ResourceInvoker invoker, Task task, IDisposable scope)
   at Microsoft.AspNetCore.Mvc.Infrastructure.ResourceInvoker.<InvokeAsync>g__Awaited|17_0(ResourceInvoker invoker, Task task, IDisposable scope)
   at Microsoft.AspNetCore.Authorization.AuthorizationMiddleware.Invoke(HttpContext context)
   at Microsoft.AspNetCore.Session.SessionMiddleware.Invoke(HttpContext context)
   at Microsoft.AspNetCore.Session.SessionMiddleware.Invoke(HttpContext context)
   at Serilog.AspNetCore.RequestLoggingMiddleware.Invoke(HttpContext httpContext)
   at Microsoft.AspNetCore.Authentication.AuthenticationMiddleware.Invoke(HttpContext context)
   at Microsoft.AspNetCore.Diagnostics.DeveloperExceptionPageMiddlewareImpl.Invoke(HttpContext context)
2026-08-24 20:11:57.673 -04:00 [INF] HTTP GET /Reportes/Endorphine responded 200 in 1.1982 ms
2026-08-24 20:12:01.922 -04:00 [ERR] HTTP POST /Reportes/GetEndorphineAgentes responded 500 in 4114.3849 ms
System.Net.Http.HttpRequestException: No se puede establecer una conexión ya que el equipo de destino denegó expresamente dicha conexión. (localhost:44322)
 ---> System.Net.Sockets.SocketException (10061): No se puede establecer una conexión ya que el equipo de destino denegó expresamente dicha conexión.
   at System.Net.Sockets.Socket.AwaitableSocketAsyncEventArgs.ThrowException(SocketError error, CancellationToken cancellationToken)
   at System.Net.Sockets.Socket.AwaitableSocketAsyncEventArgs.System.Threading.Tasks.Sources.IValueTaskSource.GetResult(Int16 token)
   at System.Net.Http.HttpConnectionPool.ConnectToTcpHostAsync(String host, Int32 port, HttpRequestMessage initialRequest, Boolean async, CancellationToken cancellationToken)
   --- End of inner exception stack trace ---
   at System.Net.Http.HttpConnectionPool.ConnectToTcpHostAsync(String host, Int32 port, HttpRequestMessage initialRequest, Boolean async, CancellationToken cancellationToken)
   at System.Net.Http.HttpConnectionPool.ConnectAsync(HttpRequestMessage request, Boolean async, CancellationToken cancellationToken)
   at System.Net.Http.HttpConnectionPool.CreateHttp11ConnectionAsync(HttpRequestMessage request, Boolean async, CancellationToken cancellationToken)
   at System.Net.Http.HttpConnectionPool.InjectNewHttp11ConnectionAsync(QueueItem queueItem)
   at System.Threading.Tasks.TaskCompletionSourceWithCancellation`1.WaitWithCancellationAsync(CancellationToken cancellationToken)
   at System.Net.Http.HttpConnectionWaiter`1.WaitForConnectionWithTelemetryAsync(HttpRequestMessage request, HttpConnectionPool pool, Boolean async, CancellationToken requestCancellationToken)
   at System.Net.Http.HttpConnectionPool.SendWithVersionDetectionAndRetryAsync(HttpRequestMessage request, Boolean async, Boolean doRequestAuth, CancellationToken cancellationToken)
   at System.Net.Http.DiagnosticsHandler.SendAsyncCore(HttpRequestMessage request, Boolean async, CancellationToken cancellationToken)
   at System.Net.Http.RedirectHandler.SendAsync(HttpRequestMessage request, Boolean async, CancellationToken cancellationToken)
   at System.Net.Http.SocketsHttpHandler.<SendAsync>g__CreateHandlerAndSendAsync|115_0(HttpRequestMessage request, CancellationToken cancellationToken)
   at System.Net.Http.HttpClient.<SendAsync>g__Core|83_0(HttpRequestMessage request, HttpCompletionOption completionOption, CancellationTokenSource cts, Boolean disposeCts, CancellationTokenSource pendingRequestsCts, CancellationToken originalCancellationToken)
   at ReportePrematch.Web.Services.Clients.ReportesService.GetEndorphineAgentesAsync() in D:\GITHUB\ReportePrematch.Web\ReportePrematch.Web\Services\Clients\ReportesService.cs:line 1126
   at ReportePrematch.Web.Controllers.ReportesController.GetEndorphineAgentes() in D:\GITHUB\ReportePrematch.Web\ReportePrematch.Web\Controllers\ReportesController.cs:line 164
   at Microsoft.AspNetCore.Mvc.Infrastructure.ActionMethodExecutor.TaskOfIActionResultExecutor.Execute(ActionContext actionContext, IActionResultTypeMapper mapper, ObjectMethodExecutor executor, Object controller, Object[] arguments)
   at Microsoft.AspNetCore.Mvc.Infrastructure.ControllerActionInvoker.<InvokeActionMethodAsync>g__Awaited|12_0(ControllerActionInvoker invoker, ValueTask`1 actionResultValueTask)
   at Microsoft.AspNetCore.Mvc.Infrastructure.ControllerActionInvoker.<InvokeNextActionFilterAsync>g__Awaited|10_0(ControllerActionInvoker invoker, Task lastTask, State next, Scope scope, Object state, Boolean isCompleted)
   at Microsoft.AspNetCore.Mvc.Infrastructure.ControllerActionInvoker.Rethrow(ActionExecutedContextSealed context)
   at Microsoft.AspNetCore.Mvc.Infrastructure.ControllerActionInvoker.Next(State& next, Scope& scope, Object& state, Boolean& isCompleted)
   at Microsoft.AspNetCore.Mvc.Infrastructure.ControllerActionInvoker.<InvokeInnerFilterAsync>g__Awaited|13_0(ControllerActionInvoker invoker, Task lastTask, State next, Scope scope, Object state, Boolean isCompleted)
   at Microsoft.AspNetCore.Mvc.Infrastructure.ResourceInvoker.<InvokeNextResourceFilter>g__Awaited|25_0(ResourceInvoker invoker, Task lastTask, State next, Scope scope, Object state, Boolean isCompleted)
   at Microsoft.AspNetCore.Mvc.Infrastructure.ResourceInvoker.Rethrow(ResourceExecutedContextSealed context)
   at Microsoft.AspNetCore.Mvc.Infrastructure.ResourceInvoker.Next(State& next, Scope& scope, Object& state, Boolean& isCompleted)
   at Microsoft.AspNetCore.Mvc.Infrastructure.ResourceInvoker.<InvokeFilterPipelineAsync>g__Awaited|20_0(ResourceInvoker invoker, Task lastTask, State next, Scope scope, Object state, Boolean isCompleted)
   at Microsoft.AspNetCore.Mvc.Infrastructure.ResourceInvoker.<InvokeAsync>g__Awaited|17_0(ResourceInvoker invoker, Task task, IDisposable scope)
   at Microsoft.AspNetCore.Mvc.Infrastructure.ResourceInvoker.<InvokeAsync>g__Awaited|17_0(ResourceInvoker invoker, Task task, IDisposable scope)
   at Microsoft.AspNetCore.Authorization.AuthorizationMiddleware.Invoke(HttpContext context)
   at Microsoft.AspNetCore.Session.SessionMiddleware.Invoke(HttpContext context)
   at Microsoft.AspNetCore.Session.SessionMiddleware.Invoke(HttpContext context)
   at Serilog.AspNetCore.RequestLoggingMiddleware.Invoke(HttpContext httpContext)
2026-08-24 20:12:01.932 -04:00 [ERR] An unhandled exception has occurred while executing the request.
System.Net.Http.HttpRequestException: No se puede establecer una conexión ya que el equipo de destino denegó expresamente dicha conexión. (localhost:44322)
 ---> System.Net.Sockets.SocketException (10061): No se puede establecer una conexión ya que el equipo de destino denegó expresamente dicha conexión.
   at System.Net.Sockets.Socket.AwaitableSocketAsyncEventArgs.ThrowException(SocketError error, CancellationToken cancellationToken)
   at System.Net.Sockets.Socket.AwaitableSocketAsyncEventArgs.System.Threading.Tasks.Sources.IValueTaskSource.GetResult(Int16 token)
   at System.Net.Http.HttpConnectionPool.ConnectToTcpHostAsync(String host, Int32 port, HttpRequestMessage initialRequest, Boolean async, CancellationToken cancellationToken)
   --- End of inner exception stack trace ---
   at System.Net.Http.HttpConnectionPool.ConnectToTcpHostAsync(String host, Int32 port, HttpRequestMessage initialRequest, Boolean async, CancellationToken cancellationToken)
   at System.Net.Http.HttpConnectionPool.ConnectAsync(HttpRequestMessage request, Boolean async, CancellationToken cancellationToken)
   at System.Net.Http.HttpConnectionPool.CreateHttp11ConnectionAsync(HttpRequestMessage request, Boolean async, CancellationToken cancellationToken)
   at System.Net.Http.HttpConnectionPool.InjectNewHttp11ConnectionAsync(QueueItem queueItem)
   at System.Threading.Tasks.TaskCompletionSourceWithCancellation`1.WaitWithCancellationAsync(CancellationToken cancellationToken)
   at System.Net.Http.HttpConnectionWaiter`1.WaitForConnectionWithTelemetryAsync(HttpRequestMessage request, HttpConnectionPool pool, Boolean async, CancellationToken requestCancellationToken)
   at System.Net.Http.HttpConnectionPool.SendWithVersionDetectionAndRetryAsync(HttpRequestMessage request, Boolean async, Boolean doRequestAuth, CancellationToken cancellationToken)
   at System.Net.Http.DiagnosticsHandler.SendAsyncCore(HttpRequestMessage request, Boolean async, CancellationToken cancellationToken)
   at System.Net.Http.RedirectHandler.SendAsync(HttpRequestMessage request, Boolean async, CancellationToken cancellationToken)
   at System.Net.Http.SocketsHttpHandler.<SendAsync>g__CreateHandlerAndSendAsync|115_0(HttpRequestMessage request, CancellationToken cancellationToken)
   at System.Net.Http.HttpClient.<SendAsync>g__Core|83_0(HttpRequestMessage request, HttpCompletionOption completionOption, CancellationTokenSource cts, Boolean disposeCts, CancellationTokenSource pendingRequestsCts, CancellationToken originalCancellationToken)
   at ReportePrematch.Web.Services.Clients.ReportesService.GetEndorphineAgentesAsync() in D:\GITHUB\ReportePrematch.Web\ReportePrematch.Web\Services\Clients\ReportesService.cs:line 1126
   at ReportePrematch.Web.Controllers.ReportesController.GetEndorphineAgentes() in D:\GITHUB\ReportePrematch.Web\ReportePrematch.Web\Controllers\ReportesController.cs:line 164
   at Microsoft.AspNetCore.Mvc.Infrastructure.ActionMethodExecutor.TaskOfIActionResultExecutor.Execute(ActionContext actionContext, IActionResultTypeMapper mapper, ObjectMethodExecutor executor, Object controller, Object[] arguments)
   at Microsoft.AspNetCore.Mvc.Infrastructure.ControllerActionInvoker.<InvokeActionMethodAsync>g__Awaited|12_0(ControllerActionInvoker invoker, ValueTask`1 actionResultValueTask)
   at Microsoft.AspNetCore.Mvc.Infrastructure.ControllerActionInvoker.<InvokeNextActionFilterAsync>g__Awaited|10_0(ControllerActionInvoker invoker, Task lastTask, State next, Scope scope, Object state, Boolean isCompleted)
   at Microsoft.AspNetCore.Mvc.Infrastructure.ControllerActionInvoker.Rethrow(ActionExecutedContextSealed context)
   at Microsoft.AspNetCore.Mvc.Infrastructure.ControllerActionInvoker.Next(State& next, Scope& scope, Object& state, Boolean& isCompleted)
   at Microsoft.AspNetCore.Mvc.Infrastructure.ControllerActionInvoker.<InvokeInnerFilterAsync>g__Awaited|13_0(ControllerActionInvoker invoker, Task lastTask, State next, Scope scope, Object state, Boolean isCompleted)
   at Microsoft.AspNetCore.Mvc.Infrastructure.ResourceInvoker.<InvokeNextResourceFilter>g__Awaited|25_0(ResourceInvoker invoker, Task lastTask, State next, Scope scope, Object state, Boolean isCompleted)
   at Microsoft.AspNetCore.Mvc.Infrastructure.ResourceInvoker.Rethrow(ResourceExecutedContextSealed context)
   at Microsoft.AspNetCore.Mvc.Infrastructure.ResourceInvoker.Next(State& next, Scope& scope, Object& state, Boolean& isCompleted)
   at Microsoft.AspNetCore.Mvc.Infrastructure.ResourceInvoker.<InvokeFilterPipelineAsync>g__Awaited|20_0(ResourceInvoker invoker, Task lastTask, State next, Scope scope, Object state, Boolean isCompleted)
   at Microsoft.AspNetCore.Mvc.Infrastructure.ResourceInvoker.<InvokeAsync>g__Awaited|17_0(ResourceInvoker invoker, Task task, IDisposable scope)
   at Microsoft.AspNetCore.Mvc.Infrastructure.ResourceInvoker.<InvokeAsync>g__Awaited|17_0(ResourceInvoker invoker, Task task, IDisposable scope)
   at Microsoft.AspNetCore.Authorization.AuthorizationMiddleware.Invoke(HttpContext context)
   at Microsoft.AspNetCore.Session.SessionMiddleware.Invoke(HttpContext context)
   at Microsoft.AspNetCore.Session.SessionMiddleware.Invoke(HttpContext context)
   at Serilog.AspNetCore.RequestLoggingMiddleware.Invoke(HttpContext httpContext)
   at Microsoft.AspNetCore.Authentication.AuthenticationMiddleware.Invoke(HttpContext context)
   at Microsoft.AspNetCore.Diagnostics.DeveloperExceptionPageMiddlewareImpl.Invoke(HttpContext context)
2026-08-24 20:12:08.057 -04:00 [INF] Iniciando ReportePrematch.Web...
2026-08-24 20:12:08.968 -04:00 [INF] HTTP GET / responded 200 in 192.1068 ms
2026-08-24 20:30:43.382 -04:00 [INF] Login exitoso: vlapenta [Usuario suAdmin]
2026-08-24 20:30:43.389 -04:00 [INF] HTTP POST / responded 302 in 855.6075 ms
2026-08-24 20:30:43.493 -04:00 [INF] HTTP GET /Reportes/VentasPorAgente responded 200 in 97.0293 ms
2026-08-24 20:30:44.605 -04:00 [INF] HTTP POST /Reportes/GetListAgenciasApi responded 200 in 927.3895 ms
2026-08-24 20:30:46.487 -04:00 [INF] HTTP GET /Reportes/InOutGaming responded 200 in 26.4678 ms
2026-08-24 20:30:47.031 -04:00 [INF] HTTP POST /Reportes/GetInOutGamingAgentes responded 200 in 449.9780 ms
2026-08-24 20:32:38.049 -04:00 [INF] Iniciando ReportePrematch.Web...
2026-08-24 20:32:38.886 -04:00 [INF] HTTP GET / responded 200 in 257.0510 ms
2026-08-24 20:32:47.922 -04:00 [INF] Login exitoso: vlapenta [Usuario suAdmin]
2026-08-24 20:32:47.929 -04:00 [INF] HTTP POST / responded 302 in 653.9229 ms
2026-08-24 20:32:48.045 -04:00 [INF] HTTP GET /Reportes/VentasPorAgente responded 200 in 109.2754 ms
2026-08-24 20:32:48.693 -04:00 [INF] HTTP POST /Reportes/GetListAgenciasApi responded 200 in 463.0005 ms
2026-08-24 20:32:51.567 -04:00 [INF] HTTP GET /Reportes/InOutGaming responded 200 in 23.3390 ms
2026-08-24 20:32:52.107 -04:00 [INF] HTTP POST /Reportes/GetInOutGamingAgentes responded 200 in 442.9962 ms
2026-08-24 20:33:04.492 -04:00 [INF] HTTP POST /Reportes/GetInOutGamingResumenGeneral responded 200 in 406.6051 ms
2026-08-24 20:33:04.842 -04:00 [INF] HTTP POST /Reportes/GetInOutGaming responded 200 in 756.3272 ms
2026-08-24 20:33:18.345 -04:00 [INF] HTTP POST /Reportes/GetInOutGamingResumenGeneral responded 200 in 138.6381 ms
2026-08-24 20:33:18.349 -04:00 [INF] HTTP POST /Reportes/GetInOutGaming responded 200 in 141.9368 ms
2026-08-24 20:35:21.903 -04:00 [INF] HTTP GET /Reportes/InOutGaming responded 200 in 2065.5255 ms
2026-08-24 20:35:22.903 -04:00 [INF] HTTP POST /Reportes/GetInOutGamingAgentes responded 200 in 473.7770 ms
2026-08-24 20:35:23.147 -04:00 [INF] HTTP GET /favicon.ico responded 404 in 1.3580 ms
2026-08-24 20:35:36.299 -04:00 [INF] HTTP POST /Reportes/GetInOutGamingResumenGeneral responded 200 in 120.5232 ms
2026-08-24 20:35:36.299 -04:00 [INF] HTTP POST /Reportes/GetInOutGaming responded 200 in 120.5247 ms
2026-08-24 20:36:21.733 -04:00 [INF] HTTP GET /Reportes/Endorphine responded 200 in 18.1473 ms
2026-08-24 20:36:22.282 -04:00 [INF] HTTP POST /Reportes/GetEndorphineAgentes responded 200 in 448.8351 ms
2026-08-24 20:36:31.960 -04:00 [INF] HTTP POST /Reportes/GetEndorphineResumenGeneral responded 200 in 563.5959 ms
2026-08-24 20:36:32.318 -04:00 [INF] HTTP POST /Reportes/GetEndorphine responded 200 in 921.2667 ms
2026-08-24 20:38:40.303 -04:00 [INF] HTTP GET /Reportes/Endorphine responded 200 in 299.2987 ms
2026-08-24 20:38:41.057 -04:00 [INF] HTTP POST /Reportes/GetEndorphineAgentes responded 200 in 457.6529 ms
2026-08-24 20:38:41.448 -04:00 [INF] HTTP GET /favicon.ico responded 404 in 0.3268 ms
2026-08-24 20:38:50.844 -04:00 [INF] HTTP POST /Reportes/GetEndorphine responded 200 in 88.8902 ms
2026-08-24 20:38:50.844 -04:00 [INF] HTTP POST /Reportes/GetEndorphineResumenGeneral responded 200 in 88.8901 ms
2026-08-24 20:39:12.676 -04:00 [INF] HTTP GET /Reportes/Casino7777 responded 200 in 24.6573 ms
2026-08-24 20:39:13.256 -04:00 [INF] HTTP POST /Reportes/GetCasino7777Agentes responded 200 in 484.3318 ms
2026-08-24 20:39:22.271 -04:00 [INF] HTTP POST /Reportes/GetCasino7777 responded 200 in 525.2183 ms
2026-08-24 20:39:22.613 -04:00 [INF] HTTP POST /Reportes/GetCasino7777ResumenGeneral responded 200 in 867.3338 ms
2026-08-24 20:41:01.476 -04:00 [INF] HTTP GET /Reportes/Casino7777 responded 200 in 301.6899 ms
2026-08-24 20:41:02.249 -04:00 [INF] HTTP POST /Reportes/GetCasino7777Agentes responded 200 in 435.6863 ms
2026-08-24 20:41:02.805 -04:00 [INF] HTTP GET /favicon.ico responded 404 in 0.2368 ms
2026-08-24 20:41:13.335 -04:00 [INF] HTTP POST /Reportes/GetCasino7777 responded 200 in 165.0437 ms
2026-08-24 20:41:13.349 -04:00 [INF] HTTP POST /Reportes/GetCasino7777ResumenGeneral responded 200 in 180.1898 ms
2026-08-24 21:33:31.288 -04:00 [INF] Iniciando ReportePrematch.Web...
2026-08-24 21:33:32.805 -04:00 [INF] HTTP GET / responded 200 in 414.0814 ms
2026-08-24 21:33:33.865 -04:00 [INF] HTTP GET /favicon.ico responded 404 in 4.0114 ms
2026-08-24 21:33:45.103 -04:00 [INF] Login exitoso: vlapenta [Usuario suAdmin]
2026-08-24 21:33:45.111 -04:00 [INF] HTTP POST / responded 302 in 738.4001 ms
2026-08-24 21:33:45.239 -04:00 [INF] HTTP GET /Reportes/VentasPorAgente responded 200 in 122.2758 ms
2026-08-24 21:33:47.827 -04:00 [INF] HTTP POST /Reportes/GetListAgenciasApi responded 200 in 2102.1033 ms
2026-08-24 21:34:05.301 -04:00 [INF] HTTP POST /Reportes/GetVentasPorAgenteTaq responded 200 in 3741.3383 ms
2026-08-24 21:39:17.733 -04:00 [INF] Iniciando ReportePrematch.Web...
2026-08-24 21:39:18.516 -04:00 [INF] HTTP GET / responded 200 in 209.6731 ms
2026-08-24 21:39:19.070 -04:00 [INF] HTTP GET /favicon.ico responded 404 in 3.4499 ms
2026-08-24 21:39:26.571 -04:00 [INF] Login exitoso: vlapenta [Usuario suAdmin]
2026-08-24 21:39:26.579 -04:00 [INF] HTTP POST / responded 302 in 693.8874 ms
2026-08-24 21:39:26.676 -04:00 [INF] HTTP GET /Reportes/VentasPorAgente responded 200 in 92.6189 ms
2026-08-24 21:39:27.353 -04:00 [INF] HTTP POST /Reportes/GetListAgenciasApi responded 200 in 495.2472 ms
2026-08-24 21:39:41.126 -04:00 [INF] HTTP POST /Reportes/GetVentasPorAgenteTaq responded 200 in 801.6972 ms
2026-08-24 21:39:58.338 -04:00 [INF] HTTP POST /Reportes/GetVentasPorAgenteWeb responded 200 in 3225.8483 ms
2026-08-24 21:40:16.844 -04:00 [INF] HTTP GET /Reportes/TicketsEnJuego responded 200 in 19.6678 ms
2026-08-24 21:40:17.485 -04:00 [INF] HTTP POST /Reportes/GetListAgenciasApi responded 200 in 482.9399 ms
2026-08-24 21:40:31.030 -04:00 [INF] HTTP POST /Reportes/GetTicketsEnJuegoPorCobrarTaq responded 200 in 301.0399 ms
2026-08-24 21:40:38.833 -04:00 [INF] HTTP POST /Reportes/GetTicketsEnJuegoPorPagarTaq responded 200 in 213.8844 ms
2026-08-24 21:40:49.106 -04:00 [INF] HTTP POST /Reportes/GetTicketsEnJuegoPorCobrarWeb responded 200 in 150.7553 ms
2026-08-24 21:40:57.409 -04:00 [INF] HTTP POST /Reportes/GetTicketsEnJuegoPorPagarWeb responded 200 in 156.7097 ms
2026-08-24 21:41:03.308 -04:00 [INF] HTTP GET /Reportes/BusquedaTickets responded 200 in 25.7514 ms
2026-08-24 21:41:03.890 -04:00 [INF] HTTP POST /Reportes/GetListAgenciasApi responded 200 in 469.8205 ms
2026-08-24 21:41:51.269 -04:00 [INF] HTTP POST /Reportes/GetBusquedaTicketsTaqApi responded 200 in 1055.2800 ms
2026-08-24 21:44:23.346 -04:00 [INF] Iniciando ReportePrematch.Web...
2026-08-24 21:44:24.117 -04:00 [INF] HTTP GET / responded 200 in 202.6230 ms
2026-08-24 21:44:32.630 -04:00 [INF] Login exitoso: vlapenta [Usuario suAdmin]
2026-08-24 21:44:32.638 -04:00 [INF] HTTP POST / responded 302 in 669.1027 ms
2026-08-24 21:44:32.746 -04:00 [INF] HTTP GET /Reportes/VentasPorAgente responded 200 in 101.3708 ms
2026-08-24 21:44:33.473 -04:00 [INF] HTTP POST /Reportes/GetListAgenciasApi responded 200 in 552.3721 ms
2026-08-24 21:44:36.752 -04:00 [INF] HTTP GET /Reportes/BusquedaTickets responded 200 in 25.4779 ms
2026-08-24 21:44:37.404 -04:00 [INF] HTTP POST /Reportes/GetListAgenciasApi responded 200 in 492.8393 ms
2026-08-24 21:44:50.292 -04:00 [INF] HTTP POST /Reportes/GetBusquedaTicketsTaqApi responded 200 in 1350.6148 ms
2026-08-24 21:45:03.808 -04:00 [INF] HTTP POST /Reportes/GetBusquedaTicketsWebApi responded 200 in 3136.6249 ms
2026-08-24 21:45:31.059 -04:00 [INF] HTTP GET /Reportes/VentasPorAgente responded 200 in 2.1715 ms
2026-08-24 21:45:31.705 -04:00 [INF] HTTP POST /Reportes/GetListAgenciasApi responded 200 in 480.8176 ms
2026-08-24 21:45:34.596 -04:00 [INF] HTTP GET /Reportes/VentasPorAgenteNikols responded 200 in 17.2898 ms
2026-08-24 21:45:35.171 -04:00 [INF] HTTP POST /Reportes/GetListAgenciasApi responded 200 in 500.7780 ms
2026-08-24 21:45:46.653 -04:00 [INF] HTTP POST /Reportes/GetVentasPorAgenteNikolsTaq responded 200 in 975.7887 ms
2026-08-24 21:46:08.128 -04:00 [INF] HTTP POST /Reportes/GetVentasPorAgenteNikolsWeb responded 200 in 1484.1809 ms
2026-08-24 21:46:17.176 -04:00 [INF] HTTP GET /Reportes/TicketsDetallados responded 200 in 17.4688 ms
2026-08-24 21:46:17.844 -04:00 [INF] HTTP POST /Reportes/GetListAgenciasApi responded 200 in 509.9396 ms
2026-08-24 21:46:33.479 -04:00 [INF] HTTP POST /Reportes/GetTicketsDetalladosTaq responded 200 in 3007.5337 ms
2026-08-24 21:48:39.156 -04:00 [INF] HTTP GET /Reportes/TicketsDetallados responded 200 in 2281.9222 ms
2026-08-24 21:48:40.104 -04:00 [INF] HTTP POST /Reportes/GetListAgenciasApi responded 200 in 521.5512 ms
2026-08-24 21:48:40.319 -04:00 [INF] HTTP GET /favicon.ico responded 404 in 0.8614 ms
2026-08-24 21:48:51.162 -04:00 [INF] HTTP POST /Reportes/GetTicketsDetalladosTaq responded 200 in 2813.5853 ms
2026-08-24 21:49:17.225 -04:00 [INF] HTTP POST /Reportes/GetTicketsDetalladosWeb responded 200 in 7689.8433 ms
2026-08-24 21:50:21.576 -04:00 [INF] HTTP GET /Reportes/TicketsDetallados responded 200 in 350.4932 ms
2026-08-24 21:50:22.364 -04:00 [INF] HTTP POST /Reportes/GetListAgenciasApi responded 200 in 510.8809 ms
2026-08-24 21:50:22.597 -04:00 [INF] HTTP GET /favicon.ico responded 404 in 0.2650 ms
2026-08-24 21:50:34.578 -04:00 [INF] HTTP POST /Reportes/GetTicketsDetalladosTaq responded 200 in 920.6587 ms
2026-08-24 21:50:46.608 -04:00 [INF] HTTP POST /Reportes/GetTicketsDetalladosWeb responded 200 in 1493.7760 ms
2026-08-24 21:50:53.524 -04:00 [INF] HTTP POST /Reportes/GetTicketsDetalladosTaq responded 200 in 497.7219 ms
2026-08-24 21:50:58.268 -04:00 [INF] HTTP GET /Reportes/Estadisticas responded 200 in 17.9427 ms
2026-08-24 21:50:58.893 -04:00 [INF] HTTP POST /Reportes/GetListAgenciasApi responded 200 in 523.6613 ms
2026-08-24 21:51:10.550 -04:00 [INF] HTTP POST /Reportes/GetEstadisticasTaq responded 200 in 231.0861 ms
2026-08-24 21:52:17.033 -04:00 [INF] HTTP GET /Reportes/Estadisticas responded 200 in 2.0065 ms
2026-08-24 21:52:17.779 -04:00 [INF] HTTP POST /Reportes/GetListAgenciasApi responded 200 in 492.6081 ms
2026-08-24 21:52:17.977 -04:00 [INF] HTTP GET /favicon.ico responded 404 in 0.2045 ms
2026-08-24 21:52:21.446 -04:00 [INF] HTTP POST /Reportes/GetEstadisticasTaq responded 200 in 846.1535 ms
2026-08-24 21:52:30.732 -04:00 [INF] Iniciando ReportePrematch.Web...
2026-08-24 21:52:31.587 -04:00 [INF] HTTP GET / responded 200 in 240.8923 ms
2026-08-24 21:52:39.497 -04:00 [INF] Login exitoso: vlapenta [Usuario suAdmin]
2026-08-24 21:52:39.505 -04:00 [INF] HTTP POST / responded 302 in 708.4934 ms
2026-08-24 21:52:39.603 -04:00 [INF] HTTP GET /Reportes/VentasPorAgente responded 200 in 91.3726 ms
2026-08-24 21:52:40.343 -04:00 [INF] HTTP POST /Reportes/GetListAgenciasApi responded 200 in 553.8047 ms
2026-08-24 21:52:52.769 -04:00 [INF] HTTP POST /Reportes/GetVentasPorAgenteTaq responded 200 in 322.4623 ms
2026-08-24 21:52:57.264 -04:00 [INF] HTTP GET /Reportes/Estadisticas responded 200 in 20.7131 ms
2026-08-24 21:52:57.873 -04:00 [INF] HTTP POST /Reportes/GetListAgenciasApi responded 200 in 504.9845 ms
2026-08-24 21:53:03.230 -04:00 [INF] HTTP POST /Reportes/GetEstadisticasTaq responded 200 in 167.2148 ms
2026-08-24 21:53:11.463 -04:00 [INF] HTTP POST /Reportes/GetEstadisticasTaq responded 200 in 278.2494 ms
2026-08-24 21:53:18.700 -04:00 [INF] HTTP POST /Reportes/GetEstadisticasWeb responded 200 in 208.2435 ms
2026-08-24 21:53:23.379 -04:00 [INF] HTTP GET /Reportes/DeportesMasVendidos responded 200 in 21.6836 ms
2026-08-24 21:53:23.986 -04:00 [INF] HTTP POST /Reportes/GetListAgenciasApi responded 200 in 501.2910 ms
2026-08-24 21:53:33.066 -04:00 [INF] HTTP POST /Reportes/GetDeportesMasVendidosPorDeporte responded 200 in 244.8992 ms
2026-08-24 21:53:33.311 -04:00 [INF] HTTP POST /Reportes/GetDeportesMasVendidosPorAgente responded 200 in 490.4359 ms
2026-08-24 21:55:23.518 -04:00 [INF] HTTP GET /Reportes/DeportesMasVendidos responded 200 in 2102.2422 ms
2026-08-24 21:55:24.387 -04:00 [INF] HTTP POST /Reportes/GetListAgenciasApi responded 200 in 543.4214 ms
2026-08-24 21:55:24.572 -04:00 [INF] HTTP GET /favicon.ico responded 404 in 1.1268 ms
2026-08-24 21:55:29.433 -04:00 [INF] HTTP POST /Reportes/GetDeportesMasVendidosPorAgente responded 200 in 255.6261 ms
2026-08-24 21:55:29.663 -04:00 [INF] HTTP POST /Reportes/GetDeportesMasVendidosPorDeporte responded 200 in 485.2506 ms
2026-08-24 21:56:54.688 -04:00 [INF] HTTP GET /Reportes/DeportesMasVendidos responded 200 in 324.9776 ms
2026-08-24 21:56:55.499 -04:00 [INF] HTTP POST /Reportes/GetListAgenciasApi responded 200 in 531.7881 ms
2026-08-24 21:56:55.682 -04:00 [INF] HTTP GET /favicon.ico responded 404 in 0.2504 ms
2026-08-24 21:57:01.229 -04:00 [INF] HTTP POST /Reportes/GetDeportesMasVendidosPorDeporte responded 200 in 440.6793 ms
2026-08-24 21:57:01.397 -04:00 [INF] HTTP POST /Reportes/GetDeportesMasVendidosPorAgente responded 200 in 609.4204 ms
2026-08-24 21:57:09.833 -04:00 [INF] HTTP GET /Reportes/VentasPorAgenteGameID responded 200 in 37.6149 ms
2026-08-24 21:57:10.544 -04:00 [INF] HTTP POST /Reportes/GetListAgenciasApi responded 200 in 525.5438 ms
2026-08-24 21:57:35.150 -04:00 [INF] HTTP POST /Reportes/GetVentasPorAgenteGameID responded 200 in 1832.7103 ms
2026-08-24 22:00:16.118 -04:00 [INF] HTTP GET /Reportes/VentasPorAgenteGameID responded 200 in 407.7540 ms
2026-08-24 22:00:16.947 -04:00 [INF] HTTP POST /Reportes/GetListAgenciasApi responded 200 in 496.8492 ms
2026-08-24 22:00:17.199 -04:00 [INF] HTTP GET /favicon.ico responded 404 in 0.3044 ms
2026-08-24 22:00:34.098 -04:00 [INF] HTTP POST /Reportes/GetVentasPorAgenteGameID responded 200 in 1869.2143 ms
2026-08-24 22:00:46.422 -04:00 [INF] HTTP GET /Reportes/VentasPorPais responded 200 in 17.3964 ms
2026-08-24 22:00:50.911 -04:00 [INF] HTTP POST /Reportes/GetVentasPorPaisTaq responded 200 in 475.9634 ms
2026-08-24 22:03:24.061 -04:00 [INF] HTTP GET /Reportes/VentasPorPais responded 200 in 116.7953 ms
2026-08-24 22:03:25.204 -04:00 [INF] HTTP GET /favicon.ico responded 404 in 0.0850 ms
2026-08-24 22:03:29.798 -04:00 [INF] HTTP POST /Reportes/GetVentasPorPaisTaq responded 200 in 1101.3551 ms
2026-08-24 22:03:49.929 -04:00 [INF] HTTP POST /Reportes/GetVentasPorPaisWeb responded 200 in 701.3152 ms
2026-08-24 22:04:29.651 -04:00 [INF] HTTP GET /Reportes/VentasPorPais responded 200 in 1.5405 ms
2026-08-24 22:04:30.618 -04:00 [INF] HTTP GET /favicon.ico responded 404 in 0.0895 ms
2026-08-24 22:04:33.457 -04:00 [INF] HTTP POST /Reportes/GetVentasPorPaisTaq responded 200 in 424.5826 ms
2026-08-24 22:04:45.892 -04:00 [INF] Iniciando ReportePrematch.Web...
2026-08-24 22:04:46.725 -04:00 [INF] HTTP GET / responded 200 in 213.3359 ms
2026-08-24 22:04:54.507 -04:00 [INF] Login exitoso: vlapenta [Usuario suAdmin]
2026-08-24 22:04:54.512 -04:00 [INF] HTTP POST / responded 302 in 715.1503 ms
2026-08-24 22:04:54.612 -04:00 [INF] HTTP GET /Reportes/VentasPorAgente responded 200 in 93.8209 ms
2026-08-24 22:04:55.320 -04:00 [INF] HTTP POST /Reportes/GetListAgenciasApi responded 200 in 525.8958 ms
2026-08-24 22:05:12.651 -04:00 [INF] HTTP GET /Reportes/VentasPorPais responded 200 in 18.7802 ms
2026-08-24 22:05:17.355 -04:00 [INF] HTTP POST /Reportes/GetVentasPorPaisTaq responded 200 in 1129.8720 ms
2026-08-24 22:05:20.889 -04:00 [INF] HTTP POST /Reportes/GetVentasPorPaisWeb responded 200 in 654.3571 ms
2026-08-24 22:05:28.346 -04:00 [INF] HTTP GET /Reportes/VentasDetalladasLive responded 200 in 21.4767 ms
2026-08-24 22:05:28.984 -04:00 [INF] HTTP POST /Reportes/GetListAgenciasApi responded 200 in 493.6281 ms
2026-08-24 22:05:38.809 -04:00 [INF] HTTP POST /Reportes/GetVentasDetalladasLive responded 200 in 290.1403 ms
2026-08-24 22:06:43.722 -04:00 [INF] HTTP POST /Reportes/GetVentasDetalladasLive responded 200 in 270.3721 ms
2026-08-24 22:06:51.071 -04:00 [INF] HTTP POST /Reportes/GetVentasDetalladasLive responded 200 in 106.3288 ms
2026-08-24 22:07:03.680 -04:00 [INF] HTTP POST /Reportes/GetVentasDetalladasLive responded 200 in 452.2089 ms
2026-08-24 22:07:10.468 -04:00 [INF] HTTP POST /Reportes/GetVentasDetalladasLive responded 200 in 178.2779 ms
2026-08-24 22:08:53.707 -04:00 [INF] HTTP POST /Reportes/GetVentasDetalladasLive responded 200 in 483.0146 ms
2026-08-24 22:08:59.910 -04:00 [INF] HTTP POST /Reportes/GetVentasDetalladasLive responded 200 in 99.5049 ms
2026-08-24 22:09:06.083 -04:00 [INF] HTTP POST /Reportes/GetVentasDetalladasLive responded 200 in 164.9798 ms
2026-08-24 22:09:13.275 -04:00 [INF] HTTP POST /Reportes/GetVentasDetalladasLive responded 200 in 180.3434 ms
2026-08-24 22:09:16.692 -04:00 [INF] HTTP GET /Reportes/Props responded 200 in 15.9789 ms
2026-08-24 22:09:17.377 -04:00 [INF] HTTP POST /Reportes/GetListAgenciasApi responded 200 in 504.3139 ms
2026-08-24 22:09:32.711 -04:00 [ERR] Error GET+QS api/Reportes/Props
System.Text.Json.JsonException: The JSON value could not be converted to System.Collections.Generic.List`1[ReportePrematch.Web.Models.ApiReportes.PropsApiDto]. Path: $ | LineNumber: 0 | BytePositionInLine: 1.
   at System.Text.Json.ThrowHelper.ThrowJsonException_DeserializeUnableToConvertValue(Type propertyType)
   at System.Text.Json.Serialization.JsonCollectionConverter`2.OnTryRead(Utf8JsonReader& reader, Type typeToConvert, JsonSerializerOptions options, ReadStack& state, TCollection& value)
   at System.Text.Json.Serialization.JsonConverter`1.TryRead(Utf8JsonReader& reader, Type typeToConvert, JsonSerializerOptions options, ReadStack& state, T& value, Boolean& isPopulatedValue)
   at System.Text.Json.Serialization.JsonConverter`1.ReadCore(Utf8JsonReader& reader, T& value, JsonSerializerOptions options, ReadStack& state)
   at System.Text.Json.Serialization.Metadata.JsonTypeInfo`1.ContinueDeserialize[TReadBufferState,TStream](TReadBufferState& bufferState, JsonReaderState& jsonReaderState, ReadStack& readStack, T& value)
   at System.Text.Json.Serialization.Metadata.JsonTypeInfo`1.DeserializeAsync[TReadBufferState,TStream](TStream utf8Json, TReadBufferState bufferState, CancellationToken cancellationToken)
   at System.Net.Http.Json.HttpContentJsonExtensions.ReadFromJsonAsyncCore[T](HttpContent content, JsonSerializerOptions options, CancellationToken cancellationToken)
   at ReportePrematch.Web.Services.Clients.ApiClient.GetQueryAsync[T](String endpoint, Dictionary`2 query, CancellationToken ct) in D:\GITHUB\ReportePrematch.Web\ReportePrematch.Web\Services\Clients\ApiClient.cs:line 48
2026-08-24 22:09:44.058 -04:00 [INF] Iniciando ReportePrematch.Web...
2026-08-24 22:09:45.212 -04:00 [INF] HTTP GET / responded 200 in 214.6673 ms
2026-08-24 22:09:51.725 -04:00 [INF] Login exitoso: vlapenta [Usuario suAdmin]
2026-08-24 22:09:51.731 -04:00 [INF] HTTP POST / responded 302 in 676.2474 ms
2026-08-24 22:09:51.829 -04:00 [INF] HTTP GET /Reportes/VentasPorAgente responded 200 in 92.6415 ms
2026-08-24 22:09:52.541 -04:00 [INF] HTTP POST /Reportes/GetListAgenciasApi responded 200 in 537.6604 ms
2026-08-24 22:09:57.927 -04:00 [INF] HTTP GET /Reportes/Props responded 200 in 22.5450 ms
2026-08-24 22:09:58.575 -04:00 [INF] HTTP POST /Reportes/GetListAgenciasApi responded 200 in 534.3377 ms
2026-08-24 22:10:06.490 -04:00 [ERR] Error GET+QS api/Reportes/Props
System.Text.Json.JsonException: The JSON value could not be converted to System.Collections.Generic.List`1[ReportePrematch.Web.Models.ApiReportes.PropsApiDto]. Path: $ | LineNumber: 0 | BytePositionInLine: 1.
   at System.Text.Json.ThrowHelper.ThrowJsonException_DeserializeUnableToConvertValue(Type propertyType)
   at System.Text.Json.Serialization.JsonCollectionConverter`2.OnTryRead(Utf8JsonReader& reader, Type typeToConvert, JsonSerializerOptions options, ReadStack& state, TCollection& value)
   at System.Text.Json.Serialization.JsonConverter`1.TryRead(Utf8JsonReader& reader, Type typeToConvert, JsonSerializerOptions options, ReadStack& state, T& value, Boolean& isPopulatedValue)
   at System.Text.Json.Serialization.JsonConverter`1.ReadCore(Utf8JsonReader& reader, T& value, JsonSerializerOptions options, ReadStack& state)
   at System.Text.Json.Serialization.Metadata.JsonTypeInfo`1.ContinueDeserialize[TReadBufferState,TStream](TReadBufferState& bufferState, JsonReaderState& jsonReaderState, ReadStack& readStack, T& value)
   at System.Text.Json.Serialization.Metadata.JsonTypeInfo`1.DeserializeAsync[TReadBufferState,TStream](TStream utf8Json, TReadBufferState bufferState, CancellationToken cancellationToken)
   at System.Net.Http.Json.HttpContentJsonExtensions.ReadFromJsonAsyncCore[T](HttpContent content, JsonSerializerOptions options, CancellationToken cancellationToken)
   at ReportePrematch.Web.Services.Clients.ApiClient.GetQueryAsync[T](String endpoint, Dictionary`2 query, CancellationToken ct) in D:\GITHUB\ReportePrematch.Web\ReportePrematch.Web\Services\Clients\ApiClient.cs:line 48
2026-08-24 22:13:24.414 -04:00 [INF] Iniciando ReportePrematch.Web...
2026-08-24 22:13:25.357 -04:00 [INF] HTTP GET / responded 200 in 191.6957 ms
2026-08-24 22:13:32.693 -04:00 [INF] Login exitoso: vlapenta [Usuario suAdmin]
2026-08-24 22:13:32.700 -04:00 [INF] HTTP POST / responded 302 in 703.2622 ms
2026-08-24 22:13:32.799 -04:00 [INF] HTTP GET /Reportes/VentasPorAgente responded 200 in 93.8355 ms
2026-08-24 22:13:33.547 -04:00 [INF] HTTP POST /Reportes/GetListAgenciasApi responded 200 in 574.7127 ms
2026-08-24 22:13:35.768 -04:00 [INF] HTTP GET /Reportes/Props responded 200 in 25.5228 ms
2026-08-24 22:13:36.381 -04:00 [INF] HTTP POST /Reportes/GetListAgenciasApi responded 200 in 535.0142 ms
2026-08-24 22:13:44.703 -04:00 [ERR] Error GET+QS api/Reportes/Props
System.Text.Json.JsonException: The JSON value could not be converted to System.Collections.Generic.List`1[ReportePrematch.Web.Models.ApiReportes.PropsApiDto]. Path: $ | LineNumber: 0 | BytePositionInLine: 1.
   at System.Text.Json.ThrowHelper.ThrowJsonException_DeserializeUnableToConvertValue(Type propertyType)
   at System.Text.Json.Serialization.JsonCollectionConverter`2.OnTryRead(Utf8JsonReader& reader, Type typeToConvert, JsonSerializerOptions options, ReadStack& state, TCollection& value)
   at System.Text.Json.Serialization.JsonConverter`1.TryRead(Utf8JsonReader& reader, Type typeToConvert, JsonSerializerOptions options, ReadStack& state, T& value, Boolean& isPopulatedValue)
   at System.Text.Json.Serialization.JsonConverter`1.ReadCore(Utf8JsonReader& reader, T& value, JsonSerializerOptions options, ReadStack& state)
   at System.Text.Json.Serialization.Metadata.JsonTypeInfo`1.ContinueDeserialize[TReadBufferState,TStream](TReadBufferState& bufferState, JsonReaderState& jsonReaderState, ReadStack& readStack, T& value)
   at System.Text.Json.Serialization.Metadata.JsonTypeInfo`1.DeserializeAsync[TReadBufferState,TStream](TStream utf8Json, TReadBufferState bufferState, CancellationToken cancellationToken)
   at System.Net.Http.Json.HttpContentJsonExtensions.ReadFromJsonAsyncCore[T](HttpContent content, JsonSerializerOptions options, CancellationToken cancellationToken)
   at ReportePrematch.Web.Services.Clients.ApiClient.GetQueryAsync[T](String endpoint, Dictionary`2 query, CancellationToken ct) in D:\GITHUB\ReportePrematch.Web\ReportePrematch.Web\Services\Clients\ApiClient.cs:line 48
2026-08-24 22:16:32.865 -04:00 [INF] Iniciando ReportePrematch.Web...
2026-08-24 22:16:33.602 -04:00 [INF] HTTP GET / responded 200 in 197.1277 ms
2026-08-24 22:16:40.316 -04:00 [INF] Login exitoso: vlapenta [Usuario suAdmin]
2026-08-24 22:16:40.324 -04:00 [INF] HTTP POST / responded 302 in 656.7407 ms
2026-08-24 22:16:40.447 -04:00 [INF] HTTP GET /Reportes/VentasPorAgente responded 200 in 116.9067 ms
2026-08-24 22:16:42.019 -04:00 [INF] HTTP POST /Reportes/GetListAgenciasApi responded 200 in 1373.4345 ms
2026-08-24 22:16:45.447 -04:00 [INF] HTTP GET /Reportes/Props responded 200 in 23.7435 ms
2026-08-24 22:16:46.037 -04:00 [INF] HTTP POST /Reportes/GetListAgenciasApi responded 200 in 500.2841 ms
2026-08-24 22:16:55.084 -04:00 [WRN] Respuesta no deserializable de GET+QS api/Reportes/Props. JSON: {"codigo":-2146232060,"mensaje":"A connection was successfully established with the server, but then an error occurred during the login process. (provider: SSL Provider, error: 0 - The certificate chain was issued by an authority that is not trusted.)"}
System.Text.Json.JsonException: The JSON value could not be converted to System.Collections.Generic.List`1[ReportePrematch.Web.Models.ApiReportes.PropsApiDto]. Path: $ | LineNumber: 0 | BytePositionInLine: 1.
   at System.Text.Json.ThrowHelper.ThrowJsonException_DeserializeUnableToConvertValue(Type propertyType)
   at System.Text.Json.Serialization.JsonCollectionConverter`2.OnTryRead(Utf8JsonReader& reader, Type typeToConvert, JsonSerializerOptions options, ReadStack& state, TCollection& value)
   at System.Text.Json.Serialization.JsonConverter`1.TryRead(Utf8JsonReader& reader, Type typeToConvert, JsonSerializerOptions options, ReadStack& state, T& value, Boolean& isPopulatedValue)
   at System.Text.Json.Serialization.JsonConverter`1.ReadCore(Utf8JsonReader& reader, T& value, JsonSerializerOptions options, ReadStack& state)
   at System.Text.Json.Serialization.Metadata.JsonTypeInfo`1.Deserialize(Utf8JsonReader& reader, ReadStack& state)
   at System.Text.Json.JsonSerializer.ReadFromSpan[TValue](ReadOnlySpan`1 utf8Json, JsonTypeInfo`1 jsonTypeInfo, Nullable`1 actualByteCount)
   at System.Text.Json.JsonSerializer.ReadFromSpan[TValue](ReadOnlySpan`1 json, JsonTypeInfo`1 jsonTypeInfo)
   at System.Text.Json.JsonSerializer.Deserialize[TValue](String json, JsonSerializerOptions options)
   at ReportePrematch.Web.Services.Clients.ApiClient.GetQueryAsync[T](String endpoint, Dictionary`2 query, CancellationToken ct) in D:\GITHUB\ReportePrematch.Web\ReportePrematch.Web\Services\Clients\ApiClient.cs:line 54
2026-08-24 22:16:55.109 -04:00 [INF] HTTP POST /Reportes/GetProps responded 200 in 557.0738 ms
2026-08-24 22:17:11.282 -04:00 [WRN] Respuesta no deserializable de GET+QS api/Reportes/Props. JSON: {"codigo":-2146232060,"mensaje":"A connection was successfully established with the server, but then an error occurred during the login process. (provider: SSL Provider, error: 0 - The certificate chain was issued by an authority that is not trusted.)"}
System.Text.Json.JsonException: The JSON value could not be converted to System.Collections.Generic.List`1[ReportePrematch.Web.Models.ApiReportes.PropsApiDto]. Path: $ | LineNumber: 0 | BytePositionInLine: 1.
   at System.Text.Json.ThrowHelper.ThrowJsonException_DeserializeUnableToConvertValue(Type propertyType)
   at System.Text.Json.Serialization.JsonCollectionConverter`2.OnTryRead(Utf8JsonReader& reader, Type typeToConvert, JsonSerializerOptions options, ReadStack& state, TCollection& value)
   at System.Text.Json.Serialization.JsonConverter`1.TryRead(Utf8JsonReader& reader, Type typeToConvert, JsonSerializerOptions options, ReadStack& state, T& value, Boolean& isPopulatedValue)
   at System.Text.Json.Serialization.JsonConverter`1.ReadCore(Utf8JsonReader& reader, T& value, JsonSerializerOptions options, ReadStack& state)
   at System.Text.Json.Serialization.Metadata.JsonTypeInfo`1.Deserialize(Utf8JsonReader& reader, ReadStack& state)
   at System.Text.Json.JsonSerializer.ReadFromSpan[TValue](ReadOnlySpan`1 utf8Json, JsonTypeInfo`1 jsonTypeInfo, Nullable`1 actualByteCount)
   at System.Text.Json.JsonSerializer.ReadFromSpan[TValue](ReadOnlySpan`1 json, JsonTypeInfo`1 jsonTypeInfo)
   at System.Text.Json.JsonSerializer.Deserialize[TValue](String json, JsonSerializerOptions options)
   at ReportePrematch.Web.Services.Clients.ApiClient.GetQueryAsync[T](String endpoint, Dictionary`2 query, CancellationToken ct) in D:\GITHUB\ReportePrematch.Web\ReportePrematch.Web\Services\Clients\ApiClient.cs:line 54
2026-08-24 22:17:11.287 -04:00 [INF] HTTP POST /Reportes/GetProps responded 200 in 125.1805 ms
2026-08-24 22:28:57.655 -04:00 [INF] Iniciando ReportePrematch.Web...
2026-08-24 22:28:58.542 -04:00 [INF] HTTP GET / responded 200 in 197.6152 ms
2026-08-24 22:29:11.210 -04:00 [INF] Login exitoso: vlapenta [Usuario suAdmin]
2026-08-24 22:29:11.218 -04:00 [INF] HTTP POST / responded 302 in 613.1966 ms
2026-08-24 22:29:11.323 -04:00 [INF] HTTP GET /Reportes/VentasPorAgente responded 200 in 96.7758 ms
2026-08-24 22:29:12.866 -04:00 [INF] HTTP POST /Reportes/GetListAgenciasApi responded 200 in 1366.9607 ms
2026-08-24 22:29:15.249 -04:00 [INF] HTTP GET /Reportes/Props responded 200 in 19.8838 ms
2026-08-24 22:29:15.813 -04:00 [INF] HTTP POST /Reportes/GetListAgenciasApi responded 200 in 481.6970 ms
2026-08-24 22:29:25.845 -04:00 [WRN] Respuesta no deserializable de GET+QS api/Reportes/Props. JSON: {"codigo":-2146232060,"mensaje":"A connection was successfully established with the server, but then an error occurred during the login process. (provider: SSL Provider, error: 0 - The certificate chain was issued by an authority that is not trusted.)"}
System.Text.Json.JsonException: The JSON value could not be converted to System.Collections.Generic.List`1[ReportePrematch.Web.Models.ApiReportes.PropsApiDto]. Path: $ | LineNumber: 0 | BytePositionInLine: 1.
   at System.Text.Json.ThrowHelper.ThrowJsonException_DeserializeUnableToConvertValue(Type propertyType)
   at System.Text.Json.Serialization.JsonCollectionConverter`2.OnTryRead(Utf8JsonReader& reader, Type typeToConvert, JsonSerializerOptions options, ReadStack& state, TCollection& value)
   at System.Text.Json.Serialization.JsonConverter`1.TryRead(Utf8JsonReader& reader, Type typeToConvert, JsonSerializerOptions options, ReadStack& state, T& value, Boolean& isPopulatedValue)
   at System.Text.Json.Serialization.JsonConverter`1.ReadCore(Utf8JsonReader& reader, T& value, JsonSerializerOptions options, ReadStack& state)
   at System.Text.Json.Serialization.Metadata.JsonTypeInfo`1.Deserialize(Utf8JsonReader& reader, ReadStack& state)
   at System.Text.Json.JsonSerializer.ReadFromSpan[TValue](ReadOnlySpan`1 utf8Json, JsonTypeInfo`1 jsonTypeInfo, Nullable`1 actualByteCount)
   at System.Text.Json.JsonSerializer.ReadFromSpan[TValue](ReadOnlySpan`1 json, JsonTypeInfo`1 jsonTypeInfo)
   at System.Text.Json.JsonSerializer.Deserialize[TValue](String json, JsonSerializerOptions options)
   at ReportePrematch.Web.Services.Clients.ApiClient.GetQueryAsync[T](String endpoint, Dictionary`2 query, CancellationToken ct) in D:\GITHUB\ReportePrematch.Web\ReportePrematch.Web\Services\Clients\ApiClient.cs:line 54
2026-08-24 22:29:25.863 -04:00 [INF] HTTP POST /Reportes/GetProps responded 200 in 596.8095 ms
2026-08-24 22:29:31.609 -04:00 [WRN] Respuesta no deserializable de GET+QS api/Reportes/Props. JSON: {"codigo":-2146232060,"mensaje":"A connection was successfully established with the server, but then an error occurred during the login process. (provider: SSL Provider, error: 0 - The certificate chain was issued by an authority that is not trusted.)"}
System.Text.Json.JsonException: The JSON value could not be converted to System.Collections.Generic.List`1[ReportePrematch.Web.Models.ApiReportes.PropsApiDto]. Path: $ | LineNumber: 0 | BytePositionInLine: 1.
   at System.Text.Json.ThrowHelper.ThrowJsonException_DeserializeUnableToConvertValue(Type propertyType)
   at System.Text.Json.Serialization.JsonCollectionConverter`2.OnTryRead(Utf8JsonReader& reader, Type typeToConvert, JsonSerializerOptions options, ReadStack& state, TCollection& value)
   at System.Text.Json.Serialization.JsonConverter`1.TryRead(Utf8JsonReader& reader, Type typeToConvert, JsonSerializerOptions options, ReadStack& state, T& value, Boolean& isPopulatedValue)
   at System.Text.Json.Serialization.JsonConverter`1.ReadCore(Utf8JsonReader& reader, T& value, JsonSerializerOptions options, ReadStack& state)
   at System.Text.Json.Serialization.Metadata.JsonTypeInfo`1.Deserialize(Utf8JsonReader& reader, ReadStack& state)
   at System.Text.Json.JsonSerializer.ReadFromSpan[TValue](ReadOnlySpan`1 utf8Json, JsonTypeInfo`1 jsonTypeInfo, Nullable`1 actualByteCount)
   at System.Text.Json.JsonSerializer.ReadFromSpan[TValue](ReadOnlySpan`1 json, JsonTypeInfo`1 jsonTypeInfo)
   at System.Text.Json.JsonSerializer.Deserialize[TValue](String json, JsonSerializerOptions options)
   at ReportePrematch.Web.Services.Clients.ApiClient.GetQueryAsync[T](String endpoint, Dictionary`2 query, CancellationToken ct) in D:\GITHUB\ReportePrematch.Web\ReportePrematch.Web\Services\Clients\ApiClient.cs:line 54
2026-08-24 22:29:31.613 -04:00 [INF] HTTP POST /Reportes/GetProps responded 200 in 199.8682 ms
2026-08-24 22:29:45.627 -04:00 [WRN] Respuesta no deserializable de GET+QS api/Reportes/Props. JSON: {"codigo":-2146232060,"mensaje":"A connection was successfully established with the server, but then an error occurred during the login process. (provider: SSL Provider, error: 0 - The certificate chain was issued by an authority that is not trusted.)"}
System.Text.Json.JsonException: The JSON value could not be converted to System.Collections.Generic.List`1[ReportePrematch.Web.Models.ApiReportes.PropsApiDto]. Path: $ | LineNumber: 0 | BytePositionInLine: 1.
   at System.Text.Json.ThrowHelper.ThrowJsonException_DeserializeUnableToConvertValue(Type propertyType)
   at System.Text.Json.Serialization.JsonCollectionConverter`2.OnTryRead(Utf8JsonReader& reader, Type typeToConvert, JsonSerializerOptions options, ReadStack& state, TCollection& value)
   at System.Text.Json.Serialization.JsonConverter`1.TryRead(Utf8JsonReader& reader, Type typeToConvert, JsonSerializerOptions options, ReadStack& state, T& value, Boolean& isPopulatedValue)
   at System.Text.Json.Serialization.JsonConverter`1.ReadCore(Utf8JsonReader& reader, T& value, JsonSerializerOptions options, ReadStack& state)
   at System.Text.Json.Serialization.Metadata.JsonTypeInfo`1.Deserialize(Utf8JsonReader& reader, ReadStack& state)
   at System.Text.Json.JsonSerializer.ReadFromSpan[TValue](ReadOnlySpan`1 utf8Json, JsonTypeInfo`1 jsonTypeInfo, Nullable`1 actualByteCount)
   at System.Text.Json.JsonSerializer.ReadFromSpan[TValue](ReadOnlySpan`1 json, JsonTypeInfo`1 jsonTypeInfo)
   at System.Text.Json.JsonSerializer.Deserialize[TValue](String json, JsonSerializerOptions options)
   at ReportePrematch.Web.Services.Clients.ApiClient.GetQueryAsync[T](String endpoint, Dictionary`2 query, CancellationToken ct) in D:\GITHUB\ReportePrematch.Web\ReportePrematch.Web\Services\Clients\ApiClient.cs:line 54
2026-08-24 22:29:45.630 -04:00 [INF] HTTP POST /Reportes/GetProps responded 200 in 216.7082 ms
2026-08-24 22:29:56.229 -04:00 [WRN] Respuesta no deserializable de GET+QS api/Reportes/Props. JSON: {"codigo":-2146232060,"mensaje":"A connection was successfully established with the server, but then an error occurred during the login process. (provider: SSL Provider, error: 0 - The certificate chain was issued by an authority that is not trusted.)"}
System.Text.Json.JsonException: The JSON value could not be converted to System.Collections.Generic.List`1[ReportePrematch.Web.Models.ApiReportes.PropsApiDto]. Path: $ | LineNumber: 0 | BytePositionInLine: 1.
   at System.Text.Json.ThrowHelper.ThrowJsonException_DeserializeUnableToConvertValue(Type propertyType)
   at System.Text.Json.Serialization.JsonCollectionConverter`2.OnTryRead(Utf8JsonReader& reader, Type typeToConvert, JsonSerializerOptions options, ReadStack& state, TCollection& value)
   at System.Text.Json.Serialization.JsonConverter`1.TryRead(Utf8JsonReader& reader, Type typeToConvert, JsonSerializerOptions options, ReadStack& state, T& value, Boolean& isPopulatedValue)
   at System.Text.Json.Serialization.JsonConverter`1.ReadCore(Utf8JsonReader& reader, T& value, JsonSerializerOptions options, ReadStack& state)
   at System.Text.Json.Serialization.Metadata.JsonTypeInfo`1.Deserialize(Utf8JsonReader& reader, ReadStack& state)
   at System.Text.Json.JsonSerializer.ReadFromSpan[TValue](ReadOnlySpan`1 utf8Json, JsonTypeInfo`1 jsonTypeInfo, Nullable`1 actualByteCount)
   at System.Text.Json.JsonSerializer.ReadFromSpan[TValue](ReadOnlySpan`1 json, JsonTypeInfo`1 jsonTypeInfo)
   at System.Text.Json.JsonSerializer.Deserialize[TValue](String json, JsonSerializerOptions options)
   at ReportePrematch.Web.Services.Clients.ApiClient.GetQueryAsync[T](String endpoint, Dictionary`2 query, CancellationToken ct) in D:\GITHUB\ReportePrematch.Web\ReportePrematch.Web\Services\Clients\ApiClient.cs:line 54
2026-08-24 22:29:56.233 -04:00 [INF] HTTP POST /Reportes/GetProps responded 200 in 196.6772 ms
2026-08-24 22:30:02.082 -04:00 [WRN] Respuesta no deserializable de GET+QS api/Reportes/Props. JSON: {"codigo":-2146232060,"mensaje":"A connection was successfully established with the server, but then an error occurred during the login process. (provider: SSL Provider, error: 0 - The certificate chain was issued by an authority that is not trusted.)"}
System.Text.Json.JsonException: The JSON value could not be converted to System.Collections.Generic.List`1[ReportePrematch.Web.Models.ApiReportes.PropsApiDto]. Path: $ | LineNumber: 0 | BytePositionInLine: 1.
   at System.Text.Json.ThrowHelper.ThrowJsonException_DeserializeUnableToConvertValue(Type propertyType)
   at System.Text.Json.Serialization.JsonCollectionConverter`2.OnTryRead(Utf8JsonReader& reader, Type typeToConvert, JsonSerializerOptions options, ReadStack& state, TCollection& value)
   at System.Text.Json.Serialization.JsonConverter`1.TryRead(Utf8JsonReader& reader, Type typeToConvert, JsonSerializerOptions options, ReadStack& state, T& value, Boolean& isPopulatedValue)
   at System.Text.Json.Serialization.JsonConverter`1.ReadCore(Utf8JsonReader& reader, T& value, JsonSerializerOptions options, ReadStack& state)
   at System.Text.Json.Serialization.Metadata.JsonTypeInfo`1.Deserialize(Utf8JsonReader& reader, ReadStack& state)
   at System.Text.Json.JsonSerializer.ReadFromSpan[TValue](ReadOnlySpan`1 utf8Json, JsonTypeInfo`1 jsonTypeInfo, Nullable`1 actualByteCount)
   at System.Text.Json.JsonSerializer.ReadFromSpan[TValue](ReadOnlySpan`1 json, JsonTypeInfo`1 jsonTypeInfo)
   at System.Text.Json.JsonSerializer.Deserialize[TValue](String json, JsonSerializerOptions options)
   at ReportePrematch.Web.Services.Clients.ApiClient.GetQueryAsync[T](String endpoint, Dictionary`2 query, CancellationToken ct) in D:\GITHUB\ReportePrematch.Web\ReportePrematch.Web\Services\Clients\ApiClient.cs:line 54
2026-08-24 22:30:02.087 -04:00 [INF] HTTP POST /Reportes/GetProps responded 200 in 201.2643 ms
